Archive member included to satisfy reference by file (symbol)

lib/orangescrt.a(printf.o)    kernel/main.o (printl)
lib/orangescrt.a(vsprintf.o)  kernel/main.o (vsprintf)
lib/orangescrt.a(string.o)    kernel/start.o (memcpy)
lib/orangescrt.a(misc.o)      kernel/main.o (send_recv)
lib/orangescrt.a(open.o)      kernel/main.o (open)
lib/orangescrt.a(read.o)      kernel/main.o (read)
lib/orangescrt.a(write.o)     kernel/main.o (write)
lib/orangescrt.a(close.o)     kernel/main.o (close)
lib/orangescrt.a(lseek.o)     kernel/main.o (lseek)
lib/orangescrt.a(getpid.o)    fs/disklog.o (getpid)
lib/orangescrt.a(stat.o)      mm/exec.o (stat)
lib/orangescrt.a(fork.o)      kernel/main.o (fork)
lib/orangescrt.a(wait.o)      kernel/main.o (wait)
lib/orangescrt.a(exec.o)      kernel/main.o (execv)
lib/orangescrt.a(syscall.o)   lib/orangescrt.a(misc.o) (sendrec)

Merging program properties

Removed property 0xc0000002 to merge kernel/start.o (0x3) and kernel/kernel.o (not found)
Removed property 0xc0000002 to merge kernel/start.o (not found) and kernel/main.o (0x3)
Removed property 0xc0000002 to merge kernel/start.o (not found) and kernel/clock.o (0x3)
Removed property 0xc0000002 to merge kernel/start.o (not found) and kernel/keyboard.o (0x3)
Removed property 0xc0000002 to merge kernel/start.o (not found) and kernel/tty.o (0x3)
Removed property 0xc0000002 to merge kernel/start.o (not found) and kernel/console.o (0x3)
Removed property 0xc0000002 to merge kernel/start.o (not found) and kernel/i8259.o (0x3)
Removed property 0xc0000002 to merge kernel/start.o (not found) and kernel/global.o (0x3)
Removed property 0xc0000002 to merge kernel/start.o (not found) and kernel/protect.o (0x3)
Removed property 0xc0000002 to merge kernel/start.o (not found) and kernel/proc.o (0x3)
Removed property 0xc0000002 to merge kernel/start.o (not found) and kernel/systask.o (0x3)
Removed property 0xc0000002 to merge kernel/start.o (not found) and kernel/hd.o (0x3)
Removed property 0xc0000002 to merge kernel/start.o (not found) and kernel/shell.o (0x3)
Removed property 0xc0000002 to merge kernel/start.o (not found) and kernel/klib.o (0x3)
Removed property 0xc0000002 to merge kernel/start.o (not found) and lib/syslog.o (0x3)
Removed property 0xc0000002 to merge kernel/start.o (not found) and mm/main.o (0x3)
Removed property 0xc0000002 to merge kernel/start.o (not found) and mm/forkexit.o (0x3)
Removed property 0xc0000002 to merge kernel/start.o (not found) and mm/exec.o (0x3)
Removed property 0xc0000002 to merge kernel/start.o (not found) and fs/main.o (0x3)
Removed property 0xc0000002 to merge kernel/start.o (not found) and fs/open.o (0x3)
Removed property 0xc0000002 to merge kernel/start.o (not found) and fs/misc.o (0x3)
Removed property 0xc0000002 to merge kernel/start.o (not found) and fs/read_write.o (0x3)
Removed property 0xc0000002 to merge kernel/start.o (not found) and fs/link.o (0x3)
Removed property 0xc0000002 to merge kernel/start.o (not found) and fs/disklog.o (0x3)
Removed property 0xc0000002 to merge kernel/start.o (not found) and lib/orangescrt.a(printf.o) (0x3)
Removed property 0xc0000002 to merge kernel/start.o (not found) and lib/orangescrt.a(vsprintf.o) (0x3)
Removed property 0xc0000002 to merge kernel/start.o (not found) and lib/orangescrt.a(misc.o) (0x3)
Removed property 0xc0000002 to merge kernel/start.o (not found) and lib/orangescrt.a(open.o) (0x3)
Removed property 0xc0000002 to merge kernel/start.o (not found) and lib/orangescrt.a(read.o) (0x3)
Removed property 0xc0000002 to merge kernel/start.o (not found) and lib/orangescrt.a(write.o) (0x3)
Removed property 0xc0000002 to merge kernel/start.o (not found) and lib/orangescrt.a(close.o) (0x3)
Removed property 0xc0000002 to merge kernel/start.o (not found) and lib/orangescrt.a(lseek.o) (0x3)
Removed property 0xc0000002 to merge kernel/start.o (not found) and lib/orangescrt.a(getpid.o) (0x3)
Removed property 0xc0000002 to merge kernel/start.o (not found) and lib/orangescrt.a(stat.o) (0x3)
Removed property 0xc0000002 to merge kernel/start.o (not found) and lib/orangescrt.a(fork.o) (0x3)
Removed property 0xc0000002 to merge kernel/start.o (not found) and lib/orangescrt.a(wait.o) (0x3)
Removed property 0xc0000002 to merge kernel/start.o (not found) and lib/orangescrt.a(exec.o) (0x3)

Allocating common symbols
Common symbol       size              file

idt_ptr             0x6               kernel/global.o
inode_table         0xb00             kernel/global.o
task_stack          0x24000           kernel/global.o
k_reenter           0x4               kernel/global.o
gdt                 0x400             kernel/global.o
help2               0x7               kernel/console.o
current_console     0x4               kernel/global.o
pcaller             0x4               kernel/global.o
all                 0x6               kernel/console.o
tty_table           0xc6c             kernel/global.o
tss                 0x68              kernel/global.o
fs_msg              0x4e4             kernel/global.o
system_files        0x177             kernel/start.o
memory_size         0x4               kernel/global.o
f_desc_table        0x400             kernel/global.o
doInstall           0x4               kernel/global.o
root_inode          0x4               kernel/global.o
disp_pos            0x4               kernel/global.o
mm_msg              0x4e4             kernel/global.o
key_pressed         0x4               kernel/global.o
gdt_ptr             0x6               kernel/global.o
idt                 0x800             kernel/global.o
super_block         0x1e0             kernel/global.o
PARTITION_ENTRY     0x10              kernel/hd.o
ticks               0x4               kernel/global.o
console_table       0x3c              kernel/global.o
help1               0x3               kernel/console.o
irq_table           0x40              kernel/global.o
p_proc_ready        0x4               kernel/global.o
proc_table          0x3af8            kernel/global.o

Discarded input sections

 .group         0x0000000000000000        0x8 kernel/start.o
 .note.GNU-stack
                0x0000000000000000        0x0 kernel/start.o
 .note.gnu.property
                0x0000000000000000       0x1c kernel/start.o
 .group         0x0000000000000000        0x8 kernel/main.o
 .group         0x0000000000000000        0x8 kernel/main.o
 .text.__x86.get_pc_thunk.bx
                0x0000000000000000        0x4 kernel/main.o
 .note.GNU-stack
                0x0000000000000000        0x0 kernel/main.o
 .note.gnu.property
                0x0000000000000000       0x1c kernel/main.o
 .group         0x0000000000000000        0x8 kernel/clock.o
 .text.__x86.get_pc_thunk.bx
                0x0000000000000000        0x4 kernel/clock.o
 .note.GNU-stack
                0x0000000000000000        0x0 kernel/clock.o
 .note.gnu.property
                0x0000000000000000       0x1c kernel/clock.o
 .group         0x0000000000000000        0x8 kernel/keyboard.o
 .text.__x86.get_pc_thunk.bx
                0x0000000000000000        0x4 kernel/keyboard.o
 .note.GNU-stack
                0x0000000000000000        0x0 kernel/keyboard.o
 .note.gnu.property
                0x0000000000000000       0x1c kernel/keyboard.o
 .group         0x0000000000000000        0x8 kernel/tty.o
 .group         0x0000000000000000        0x8 kernel/tty.o
 .text.__x86.get_pc_thunk.ax
                0x0000000000000000        0x4 kernel/tty.o
 .text.__x86.get_pc_thunk.bx
                0x0000000000000000        0x4 kernel/tty.o
 .note.GNU-stack
                0x0000000000000000        0x0 kernel/tty.o
 .note.gnu.property
                0x0000000000000000       0x1c kernel/tty.o
 .group         0x0000000000000000        0x8 kernel/console.o
 .group         0x0000000000000000        0x8 kernel/console.o
 .group         0x0000000000000000        0x8 kernel/console.o
 .group         0x0000000000000000        0x8 kernel/console.o
 .text.__x86.get_pc_thunk.ax
                0x0000000000000000        0x4 kernel/console.o
 .text.__x86.get_pc_thunk.bx
                0x0000000000000000        0x4 kernel/console.o
 .note.GNU-stack
                0x0000000000000000        0x0 kernel/console.o
 .note.gnu.property
                0x0000000000000000       0x1c kernel/console.o
 .group         0x0000000000000000        0x8 kernel/i8259.o
 .text.__x86.get_pc_thunk.bx
                0x0000000000000000        0x4 kernel/i8259.o
 .note.GNU-stack
                0x0000000000000000        0x0 kernel/i8259.o
 .note.gnu.property
                0x0000000000000000       0x1c kernel/i8259.o
 .note.GNU-stack
                0x0000000000000000        0x0 kernel/global.o
 .note.gnu.property
                0x0000000000000000       0x1c kernel/global.o
 .group         0x0000000000000000        0x8 kernel/protect.o
 .group         0x0000000000000000        0x8 kernel/protect.o
 .text.__x86.get_pc_thunk.ax
                0x0000000000000000        0x4 kernel/protect.o
 .text.__x86.get_pc_thunk.bx
                0x0000000000000000        0x4 kernel/protect.o
 .note.GNU-stack
                0x0000000000000000        0x0 kernel/protect.o
 .note.gnu.property
                0x0000000000000000       0x1c kernel/protect.o
 .group         0x0000000000000000        0x8 kernel/proc.o
 .group         0x0000000000000000        0x8 kernel/proc.o
 .group         0x0000000000000000        0x8 kernel/proc.o
 .text.__x86.get_pc_thunk.ax
                0x0000000000000000        0x4 kernel/proc.o
 .text.__x86.get_pc_thunk.dx
                0x0000000000000000        0x4 kernel/proc.o
 .text.__x86.get_pc_thunk.bx
                0x0000000000000000        0x4 kernel/proc.o
 .note.GNU-stack
                0x0000000000000000        0x0 kernel/proc.o
 .note.gnu.property
                0x0000000000000000       0x1c kernel/proc.o
 .group         0x0000000000000000        0x8 kernel/systask.o
 .group         0x0000000000000000        0x8 kernel/systask.o
 .text.__x86.get_pc_thunk.ax
                0x0000000000000000        0x4 kernel/systask.o
 .text.__x86.get_pc_thunk.bx
                0x0000000000000000        0x4 kernel/systask.o
 .note.GNU-stack
                0x0000000000000000        0x0 kernel/systask.o
 .note.gnu.property
                0x0000000000000000       0x1c kernel/systask.o
 .group         0x0000000000000000        0x8 kernel/hd.o
 .group         0x0000000000000000        0x8 kernel/hd.o
 .text.__x86.get_pc_thunk.ax
                0x0000000000000000        0x4 kernel/hd.o
 .text.__x86.get_pc_thunk.bx
                0x0000000000000000        0x4 kernel/hd.o
 .note.GNU-stack
                0x0000000000000000        0x0 kernel/hd.o
 .note.gnu.property
                0x0000000000000000       0x1c kernel/hd.o
 .group         0x0000000000000000        0x8 kernel/shell.o
 .group         0x0000000000000000        0x8 kernel/shell.o
 .text.__x86.get_pc_thunk.ax
                0x0000000000000000        0x4 kernel/shell.o
 .text.__x86.get_pc_thunk.bx
                0x0000000000000000        0x4 kernel/shell.o
 .note.GNU-stack
                0x0000000000000000        0x0 kernel/shell.o
 .note.gnu.property
                0x0000000000000000       0x1c kernel/shell.o
 .group         0x0000000000000000        0x8 kernel/klib.o
 .group         0x0000000000000000        0x8 kernel/klib.o
 .text.__x86.get_pc_thunk.ax
                0x0000000000000000        0x4 kernel/klib.o
 .text.__x86.get_pc_thunk.bx
                0x0000000000000000        0x4 kernel/klib.o
 .note.GNU-stack
                0x0000000000000000        0x0 kernel/klib.o
 .note.gnu.property
                0x0000000000000000       0x1c kernel/klib.o
 .group         0x0000000000000000        0x8 lib/syslog.o
 .text.__x86.get_pc_thunk.bx
                0x0000000000000000        0x4 lib/syslog.o
 .note.GNU-stack
                0x0000000000000000        0x0 lib/syslog.o
 .note.gnu.property
                0x0000000000000000       0x1c lib/syslog.o
 .group         0x0000000000000000        0x8 mm/main.o
 .group         0x0000000000000000        0x8 mm/main.o
 .text.__x86.get_pc_thunk.ax
                0x0000000000000000        0x4 mm/main.o
 .text.__x86.get_pc_thunk.bx
                0x0000000000000000        0x4 mm/main.o
 .note.GNU-stack
                0x0000000000000000        0x0 mm/main.o
 .note.gnu.property
                0x0000000000000000       0x1c mm/main.o
 .group         0x0000000000000000        0x8 mm/forkexit.o
 .group         0x0000000000000000        0x8 mm/forkexit.o
 .text.__x86.get_pc_thunk.ax
                0x0000000000000000        0x4 mm/forkexit.o
 .text.__x86.get_pc_thunk.bx
                0x0000000000000000        0x4 mm/forkexit.o
 .note.GNU-stack
                0x0000000000000000        0x0 mm/forkexit.o
 .note.gnu.property
                0x0000000000000000       0x1c mm/forkexit.o
 .group         0x0000000000000000        0x8 mm/exec.o
 .text.__x86.get_pc_thunk.bx
                0x0000000000000000        0x4 mm/exec.o
 .note.GNU-stack
                0x0000000000000000        0x0 mm/exec.o
 .note.gnu.property
                0x0000000000000000       0x1c mm/exec.o
 .group         0x0000000000000000        0x8 fs/main.o
 .group         0x0000000000000000        0x8 fs/main.o
 .text.__x86.get_pc_thunk.ax
                0x0000000000000000        0x4 fs/main.o
 .text.__x86.get_pc_thunk.bx
                0x0000000000000000        0x4 fs/main.o
 .note.GNU-stack
                0x0000000000000000        0x0 fs/main.o
 .note.gnu.property
                0x0000000000000000       0x1c fs/main.o
 .group         0x0000000000000000        0x8 fs/open.o
 .group         0x0000000000000000        0x8 fs/open.o
 .text.__x86.get_pc_thunk.ax
                0x0000000000000000        0x4 fs/open.o
 .text.__x86.get_pc_thunk.bx
                0x0000000000000000        0x4 fs/open.o
 .note.GNU-stack
                0x0000000000000000        0x0 fs/open.o
 .note.gnu.property
                0x0000000000000000       0x1c fs/open.o
 .group         0x0000000000000000        0x8 fs/misc.o
 .group         0x0000000000000000        0x8 fs/misc.o
 .text.__x86.get_pc_thunk.cx
                0x0000000000000000        0x4 fs/misc.o
 .text.__x86.get_pc_thunk.bx
                0x0000000000000000        0x4 fs/misc.o
 .note.GNU-stack
                0x0000000000000000        0x0 fs/misc.o
 .note.gnu.property
                0x0000000000000000       0x1c fs/misc.o
 .group         0x0000000000000000        0x8 fs/read_write.o
 .text.__x86.get_pc_thunk.bx
                0x0000000000000000        0x4 fs/read_write.o
 .note.GNU-stack
                0x0000000000000000        0x0 fs/read_write.o
 .note.gnu.property
                0x0000000000000000       0x1c fs/read_write.o
 .group         0x0000000000000000        0x8 fs/link.o
 .text.__x86.get_pc_thunk.bx
                0x0000000000000000        0x4 fs/link.o
 .note.GNU-stack
                0x0000000000000000        0x0 fs/link.o
 .note.gnu.property
                0x0000000000000000       0x1c fs/link.o
 .group         0x0000000000000000        0x8 fs/disklog.o
 .text.__x86.get_pc_thunk.bx
                0x0000000000000000        0x4 fs/disklog.o
 .note.GNU-stack
                0x0000000000000000        0x0 fs/disklog.o
 .note.gnu.property
                0x0000000000000000       0x1c fs/disklog.o
 .group         0x0000000000000000        0x8 lib/orangescrt.a(printf.o)
 .text.__x86.get_pc_thunk.bx
                0x0000000000000000        0x4 lib/orangescrt.a(printf.o)
 .note.GNU-stack
                0x0000000000000000        0x0 lib/orangescrt.a(printf.o)
 .note.gnu.property
                0x0000000000000000       0x1c lib/orangescrt.a(printf.o)
 .group         0x0000000000000000        0x8 lib/orangescrt.a(vsprintf.o)
 .group         0x0000000000000000        0x8 lib/orangescrt.a(vsprintf.o)
 .text.__x86.get_pc_thunk.ax
                0x0000000000000000        0x4 lib/orangescrt.a(vsprintf.o)
 .text.__x86.get_pc_thunk.bx
                0x0000000000000000        0x4 lib/orangescrt.a(vsprintf.o)
 .note.GNU-stack
                0x0000000000000000        0x0 lib/orangescrt.a(vsprintf.o)
 .note.gnu.property
                0x0000000000000000       0x1c lib/orangescrt.a(vsprintf.o)
 .group         0x0000000000000000        0x8 lib/orangescrt.a(misc.o)
 .group         0x0000000000000000        0x8 lib/orangescrt.a(misc.o)
 .text.__x86.get_pc_thunk.ax
                0x0000000000000000        0x4 lib/orangescrt.a(misc.o)
 .text.__x86.get_pc_thunk.bx
                0x0000000000000000        0x4 lib/orangescrt.a(misc.o)
 .note.GNU-stack
                0x0000000000000000        0x0 lib/orangescrt.a(misc.o)
 .note.gnu.property
                0x0000000000000000       0x1c lib/orangescrt.a(misc.o)
 .group         0x0000000000000000        0x8 lib/orangescrt.a(open.o)
 .text.__x86.get_pc_thunk.bx
                0x0000000000000000        0x4 lib/orangescrt.a(open.o)
 .note.GNU-stack
                0x0000000000000000        0x0 lib/orangescrt.a(open.o)
 .note.gnu.property
                0x0000000000000000       0x1c lib/orangescrt.a(open.o)
 .group         0x0000000000000000        0x8 lib/orangescrt.a(read.o)
 .text.__x86.get_pc_thunk.ax
                0x0000000000000000        0x4 lib/orangescrt.a(read.o)
 .note.GNU-stack
                0x0000000000000000        0x0 lib/orangescrt.a(read.o)
 .note.gnu.property
                0x0000000000000000       0x1c lib/orangescrt.a(read.o)
 .group         0x0000000000000000        0x8 lib/orangescrt.a(write.o)
 .text.__x86.get_pc_thunk.ax
                0x0000000000000000        0x4 lib/orangescrt.a(write.o)
 .note.GNU-stack
                0x0000000000000000        0x0 lib/orangescrt.a(write.o)
 .note.gnu.property
                0x0000000000000000       0x1c lib/orangescrt.a(write.o)
 .group         0x0000000000000000        0x8 lib/orangescrt.a(close.o)
 .text.__x86.get_pc_thunk.ax
                0x0000000000000000        0x4 lib/orangescrt.a(close.o)
 .note.GNU-stack
                0x0000000000000000        0x0 lib/orangescrt.a(close.o)
 .note.gnu.property
                0x0000000000000000       0x1c lib/orangescrt.a(close.o)
 .group         0x0000000000000000        0x8 lib/orangescrt.a(lseek.o)
 .text.__x86.get_pc_thunk.ax
                0x0000000000000000        0x4 lib/orangescrt.a(lseek.o)
 .note.GNU-stack
                0x0000000000000000        0x0 lib/orangescrt.a(lseek.o)
 .note.gnu.property
                0x0000000000000000       0x1c lib/orangescrt.a(lseek.o)
 .group         0x0000000000000000        0x8 lib/orangescrt.a(getpid.o)
 .text.__x86.get_pc_thunk.bx
                0x0000000000000000        0x4 lib/orangescrt.a(getpid.o)
 .note.GNU-stack
                0x0000000000000000        0x0 lib/orangescrt.a(getpid.o)
 .note.gnu.property
                0x0000000000000000       0x1c lib/orangescrt.a(getpid.o)
 .group         0x0000000000000000        0x8 lib/orangescrt.a(stat.o)
 .text.__x86.get_pc_thunk.bx
                0x0000000000000000        0x4 lib/orangescrt.a(stat.o)
 .note.GNU-stack
                0x0000000000000000        0x0 lib/orangescrt.a(stat.o)
 .note.gnu.property
                0x0000000000000000       0x1c lib/orangescrt.a(stat.o)
 .group         0x0000000000000000        0x8 lib/orangescrt.a(fork.o)
 .text.__x86.get_pc_thunk.bx
                0x0000000000000000        0x4 lib/orangescrt.a(fork.o)
 .note.GNU-stack
                0x0000000000000000        0x0 lib/orangescrt.a(fork.o)
 .note.gnu.property
                0x0000000000000000       0x1c lib/orangescrt.a(fork.o)
 .group         0x0000000000000000        0x8 lib/orangescrt.a(wait.o)
 .text.__x86.get_pc_thunk.ax
                0x0000000000000000        0x4 lib/orangescrt.a(wait.o)
 .note.GNU-stack
                0x0000000000000000        0x0 lib/orangescrt.a(wait.o)
 .note.gnu.property
                0x0000000000000000       0x1c lib/orangescrt.a(wait.o)
 .group         0x0000000000000000        0x8 lib/orangescrt.a(exec.o)
 .group         0x0000000000000000        0x8 lib/orangescrt.a(exec.o)
 .text.__x86.get_pc_thunk.ax
                0x0000000000000000        0x4 lib/orangescrt.a(exec.o)
 .text.__x86.get_pc_thunk.bx
                0x0000000000000000        0x4 lib/orangescrt.a(exec.o)
 .note.GNU-stack
                0x0000000000000000        0x0 lib/orangescrt.a(exec.o)
 .note.gnu.property
                0x0000000000000000       0x1c lib/orangescrt.a(exec.o)

Memory Configuration

Name             Origin             Length             Attributes
*default*        0x0000000000000000 0xffffffffffffffff

Linker script and memory map

Address of section .text set to 0x1000
LOAD kernel/kernel.o
LOAD kernel/start.o
LOAD kernel/main.o
LOAD kernel/clock.o
LOAD kernel/keyboard.o
LOAD kernel/tty.o
LOAD kernel/console.o
LOAD kernel/i8259.o
LOAD kernel/global.o
LOAD kernel/protect.o
LOAD kernel/proc.o
LOAD kernel/systask.o
LOAD kernel/hd.o
LOAD kernel/shell.o
LOAD kernel/kliba.o
LOAD kernel/klib.o
LOAD lib/syslog.o
LOAD mm/main.o
LOAD mm/forkexit.o
LOAD mm/exec.o
LOAD fs/main.o
LOAD fs/open.o
LOAD fs/misc.o
LOAD fs/read_write.o
LOAD fs/link.o
LOAD fs/disklog.o
LOAD lib/orangescrt.a
                [!provide]                        PROVIDE (__executable_start = SEGMENT_START ("text-segment", 0x8048000))
                0x00000000080480d4                . = (SEGMENT_START ("text-segment", 0x8048000) + SIZEOF_HEADERS)

.interp
 *(.interp)

.note.gnu.build-id
 *(.note.gnu.build-id)

.hash
 *(.hash)

.gnu.hash
 *(.gnu.hash)

.dynsym
 *(.dynsym)

.dynstr
 *(.dynstr)

.gnu.version
 *(.gnu.version)

.gnu.version_d
 *(.gnu.version_d)

.gnu.version_r
 *(.gnu.version_r)

.rel.dyn        0x00000000080480d4        0x0
 *(.rel.init)
 *(.rel.text .rel.text.* .rel.gnu.linkonce.t.*)
 .rel.text      0x00000000080480d4        0x0 kernel/kernel.o
 *(.rel.fini)
 *(.rel.rodata .rel.rodata.* .rel.gnu.linkonce.r.*)
 *(.rel.data.rel.ro .rel.data.rel.ro.* .rel.gnu.linkonce.d.rel.ro.*)
 *(.rel.data .rel.data.* .rel.gnu.linkonce.d.*)
 *(.rel.tdata .rel.tdata.* .rel.gnu.linkonce.td.*)
 *(.rel.tbss .rel.tbss.* .rel.gnu.linkonce.tb.*)
 *(.rel.ctors)
 *(.rel.dtors)
 *(.rel.got)
 .rel.got       0x00000000080480d4        0x0 kernel/kernel.o
 *(.rel.bss .rel.bss.* .rel.gnu.linkonce.b.*)
 *(.rel.ifunc)

.rel.plt        0x00000000080480d4        0x0
 *(.rel.plt)
                [!provide]                        PROVIDE (__rel_iplt_start = .)
 *(.rel.iplt)
 .rel.iplt      0x00000000080480d4        0x0 kernel/kernel.o
                [!provide]                        PROVIDE (__rel_iplt_end = .)
                0x0000000008049000                . = ALIGN (CONSTANT (MAXPAGESIZE))

.init
 *(SORT_NONE(.init))

.plt            0x0000000008049000        0x0
 *(.plt)
 *(.iplt)
 .iplt          0x0000000008049000        0x0 kernel/kernel.o

.plt.got
 *(.plt.got)

.plt.sec
 *(.plt.sec)

.text           0x0000000000001000     0xe168
 *(.text.unlikely .text.*_unlikely .text.unlikely.*)
 *(.text.exit .text.exit.*)
 *(.text.startup .text.startup.*)
 *(.text.hot .text.hot.*)
 *(SORT_BY_NAME(.text.sorted.*))
 *(.text .stub .text.* .gnu.linkonce.t.*)
 .text          0x0000000000001000      0x410 kernel/kernel.o
                0x0000000000001000                _start
                0x0000000000001040                hwint00
                0x0000000000001070                hwint01
                0x00000000000010a0                hwint02
                0x00000000000010d0                hwint03
                0x0000000000001100                hwint04
                0x0000000000001130                hwint05
                0x0000000000001160                hwint06
                0x0000000000001190                hwint07
                0x00000000000011c0                hwint08
                0x00000000000011f0                hwint09
                0x0000000000001220                hwint10
                0x0000000000001250                hwint11
                0x0000000000001280                hwint12
                0x00000000000012b0                hwint13
                0x00000000000012e0                hwint14
                0x0000000000001310                hwint15
                0x0000000000001334                divide_error
                0x000000000000133a                single_step_exception
                0x0000000000001340                nmi
                0x0000000000001346                breakpoint_exception
                0x000000000000134c                overflow
                0x0000000000001352                bounds_check
                0x0000000000001358                inval_opcode
                0x000000000000135e                copr_not_available
                0x0000000000001364                double_fault
                0x0000000000001368                copr_seg_overrun
                0x000000000000136e                inval_tss
                0x0000000000001372                segment_not_present
                0x0000000000001376                stack_exception
                0x000000000000137a                general_protection
                0x000000000000137e                page_fault
                0x0000000000001382                copr_error
                0x00000000000013cb                sys_call
                0x00000000000013eb                restart
 .text          0x0000000000001410       0xa3 kernel/start.o
                0x0000000000001410                cstart
 .text.__x86.get_pc_thunk.bx
                0x00000000000014b3        0x4 kernel/start.o
                0x00000000000014b3                __x86.get_pc_thunk.bx
 .text          0x00000000000014b7      0xac3 kernel/main.o
                0x00000000000014b7                kernel_main
                0x0000000000001803                get_ticks
                0x0000000000001859                untar
                0x0000000000001ae8                shell
                0x0000000000001d45                Init
                0x0000000000001e8e                ps_monitor
                0x0000000000001ef6                TestB
                0x0000000000001f09                TestC
                0x0000000000001f1c                panic
 .text.__x86.get_pc_thunk.ax
                0x0000000000001f7a        0x4 kernel/main.o
                0x0000000000001f7a                __x86.get_pc_thunk.ax
 .text          0x0000000000001f7e      0x154 kernel/clock.o
                0x0000000000001f7e                clock_handler
                0x0000000000002026                milli_delay
                0x0000000000002065                init_clock
 .text          0x00000000000020d2      0x7bc kernel/keyboard.o
                0x00000000000020d2                keyboard_handler
                0x000000000000215b                init_keyboard
                0x0000000000002229                keyboard_read
 .text          0x000000000000288e      0xb61 kernel/tty.o
                0x000000000000288e                task_tty
                0x0000000000002aea                in_process
                0x000000000000308b                sys_printx
                0x0000000000003259                dump_tty_buf
 .text          0x00000000000033ef      0x8e4 kernel/console.o
                0x00000000000033ef                init_screen
                0x000000000000355e                out_char
                0x0000000000003876                clear_screen
                0x00000000000038bf                is_current_console
                0x00000000000039ec                select_console
                0x0000000000003a43                scroll_screen
 .text.__x86.get_pc_thunk.dx
                0x0000000000003cd3        0x4 kernel/console.o
                0x0000000000003cd3                __x86.get_pc_thunk.dx
 .text.__x86.get_pc_thunk.cx
                0x0000000000003cd7        0x4 kernel/console.o
                0x0000000000003cd7                __x86.get_pc_thunk.cx
 .text          0x0000000000003cdb      0x174 kernel/i8259.o
                0x0000000000003cdb                init_8259A
                0x0000000000003dc8                spurious_irq
                0x0000000000003e16                put_irq_handler
 .text          0x0000000000003e4f        0x0 kernel/global.o
 .text          0x0000000000003e4f      0x72a kernel/protect.o
                0x0000000000003e4f                init_prot
                0x0000000000004343                seg2linear
                0x00000000000043a3                init_desc
                0x000000000000441e                exception_handler
 .text          0x0000000000004579     0x1900 kernel/proc.o
                0x0000000000004579                schedule
                0x0000000000004640                sys_sendrec
                0x000000000000478d                ldt_seg_linear
                0x00000000000047e5                va2la
                0x0000000000004862                reset_msg
                0x000000000000582d                inform_int
                0x00000000000059d2                dump_proc
                0x0000000000005d44                dump_msg
 .text          0x0000000000005e79      0x783 kernel/systask.o
                0x0000000000005e79                task_sys
 .text          0x00000000000065fc      0xd4a kernel/hd.o
                0x00000000000065fc                task_hd
                0x0000000000007307                hd_handler
 .text          0x0000000000007346      0x73f kernel/shell.o
                0x0000000000007346                boot_animation
 *fill*         0x0000000000007a85        0xb 
 .text          0x0000000000007a90      0x1a6 kernel/kliba.o
                0x0000000000007a90                disp_str
                0x0000000000007ad4                disp_color_str
                0x0000000000007b19                out_byte
                0x0000000000007b25                in_byte
                0x0000000000007b2f                port_read
                0x0000000000007b42                port_write
                0x0000000000007b55                disable_irq
                0x0000000000007b8a                enable_irq
                0x0000000000007ba9                disable_int
                0x0000000000007bab                enable_int
                0x0000000000007bad                glitter
 .text          0x0000000000007c36      0x31b kernel/klib.o
                0x0000000000007c36                get_boot_params
                0x0000000000007cdd                get_kernel_map
                0x0000000000007e08                itoa
                0x0000000000007ec1                disp_int
                0x0000000000007efb                delay
 .text          0x0000000000007f51       0x88 lib/syslog.o
                0x0000000000007f51                syslog
 .text          0x0000000000007fd9      0x216 mm/main.o
                0x0000000000007fd9                task_mm
                0x000000000000813c                alloc_mem
                0x00000000000081d7                free_mem
 .text          0x00000000000081ef      0x706 mm/forkexit.o
                0x00000000000081ef                do_fork
                0x000000000000857b                do_exit
                0x0000000000008810                do_wait
 .text          0x00000000000088f5      0x3b8 mm/exec.o
                0x00000000000088f5                do_exec
 .text          0x0000000000008cad     0x13c8 fs/main.o
                0x0000000000008cad                task_fs
                0x000000000000993f                rw_sector
                0x0000000000009bde                get_super_block
                0x0000000000009c44                get_inode
                0x0000000000009dca                put_inode
                0x0000000000009e22                sync_inode
 .text          0x000000000000a075      0xc58 fs/open.o
                0x000000000000a075                do_open
                0x000000000000a5e6                do_close
                0x000000000000a684                do_lseek
 .text          0x000000000000accd      0x40a fs/misc.o
                0x000000000000accd                do_stat
                0x000000000000aecd                search_file
                0x000000000000b03a                strip_path
 .text          0x000000000000b0d7      0x568 fs/read_write.o
                0x000000000000b0d7                do_rdwt
 .text          0x000000000000b63f      0x891 fs/link.o
                0x000000000000b63f                do_unlink
 .text          0x000000000000bed0     0x21db fs/disklog.o
                0x000000000000bed0                disklog
                0x000000000000c483                dump_fd_graph
 .text          0x000000000000e0ab       0xd9 lib/orangescrt.a(printf.o)
                0x000000000000e0ab                printf
                0x000000000000e12f                printl
 .text          0x000000000000e184      0x5e8 lib/orangescrt.a(vsprintf.o)
                0x000000000000e3c1                vsprintf
                0x000000000000e738                sprintf
 *fill*         0x000000000000e76c        0x4 
 .text          0x000000000000e770       0x78 lib/orangescrt.a(string.o)
                0x000000000000e770                memcpy
                0x000000000000e799                memset
                0x000000000000e7ba                strcpy
                0x000000000000e7d2                strlen
 .text          0x000000000000e7e8      0x2c0 lib/orangescrt.a(misc.o)
                0x000000000000e7e8                send_recv
                0x000000000000e8c0                memcmp
                0x000000000000e940                strcmp
                0x000000000000e9bd                strcat
                0x000000000000ea2a                spin
                0x000000000000ea58                assertion_failure
 .text          0x000000000000eaa8       0x94 lib/orangescrt.a(open.o)
                0x000000000000eaa8                open
 .text          0x000000000000eb3c       0x60 lib/orangescrt.a(read.o)
                0x000000000000eb3c                read
 .text          0x000000000000eb9c       0x60 lib/orangescrt.a(write.o)
                0x000000000000eb9c                write
 .text          0x000000000000ebfc       0x4e lib/orangescrt.a(close.o)
                0x000000000000ebfc                close
 .text          0x000000000000ec4a       0x60 lib/orangescrt.a(lseek.o)
                0x000000000000ec4a                lseek
 .text          0x000000000000ecaa       0x6e lib/orangescrt.a(getpid.o)
                0x000000000000ecaa                getpid
 .text          0x000000000000ed18       0x94 lib/orangescrt.a(stat.o)
                0x000000000000ed18                stat
 .text          0x000000000000edac       0x97 lib/orangescrt.a(fork.o)
                0x000000000000edac                fork
 .text          0x000000000000ee43       0x62 lib/orangescrt.a(wait.o)
                0x000000000000ee43                wait
 .text          0x000000000000eea5      0x299 lib/orangescrt.a(exec.o)
                0x000000000000eea5                exec
                0x000000000000ef44                execl
                0x000000000000ef77                execv
 *fill*         0x000000000000f13e        0x2 
 .text          0x000000000000f140       0x28 lib/orangescrt.a(syscall.o)
                0x000000000000f140                sendrec
                0x000000000000f15a                printx
 *(.gnu.warning)

.fini
 *(SORT_NONE(.fini))
                [!provide]                        PROVIDE (__etext = .)
                [!provide]                        PROVIDE (_etext = .)
                [!provide]                        PROVIDE (etext = .)
                0x0000000000010000                . = ALIGN (CONSTANT (MAXPAGESIZE))
                0x0000000000010000                . = SEGMENT_START ("rodata-segment", (ALIGN (CONSTANT (MAXPAGESIZE)) + (. & (CONSTANT (MAXPAGESIZE) - 0x1))))

.rodata         0x0000000000010000     0x2ea7
 *(.rodata .rodata.* .gnu.linkonce.r.*)
 .rodata        0x0000000000010000       0xc7 kernel/main.o
 *fill*         0x00000000000100c7        0x1 
 .rodata        0x00000000000100c8       0x64 kernel/keyboard.o
 .rodata        0x000000000001012c      0x168 kernel/tty.o
 .rodata        0x0000000000010294       0x5b kernel/console.o
 .rodata        0x00000000000102ef       0x11 kernel/i8259.o
 .rodata        0x0000000000010300       0x10 kernel/global.o
                0x0000000000010300                FSBUF_SIZE
                0x0000000000010304                MMBUF_SIZE
                0x0000000000010308                LOGBUF_SIZE
                0x000000000001030c                LOGDISKBUF_SIZE
 *fill*         0x0000000000010310       0x10 
 .rodata        0x0000000000010320      0x580 kernel/protect.o
 .rodata        0x00000000000108a0      0x5da kernel/proc.o
 .rodata        0x0000000000010e7a       0x11 kernel/systask.o
 *fill*         0x0000000000010e8b        0x1 
 .rodata        0x0000000000010e8c       0xcf kernel/hd.o
 *fill*         0x0000000000010f5b        0x1 
 .rodata        0x0000000000010f5c      0xb25 kernel/shell.o
 *fill*         0x0000000000011a81        0x3 
 .rodata        0x0000000000011a84       0x6a kernel/klib.o
 .rodata        0x0000000000011aee       0x1e lib/syslog.o
 .rodata        0x0000000000011b0c       0x9d mm/main.o
 *fill*         0x0000000000011ba9        0x3 
 .rodata        0x0000000000011bac       0xe7 mm/forkexit.o
 *fill*         0x0000000000011c93        0x1 
 .rodata        0x0000000000011c94       0xa4 mm/exec.o
 .rodata        0x0000000000011d38      0x286 fs/main.o
 *fill*         0x0000000000011fbe        0x2 
 .rodata        0x0000000000011fc0      0x17d fs/open.o
 *fill*         0x000000000001213d        0x3 
 .rodata        0x0000000000012140       0x60 fs/misc.o
 .rodata        0x00000000000121a0      0x164 fs/read_write.o
 .rodata        0x0000000000012304      0x1ad fs/link.o
 *fill*         0x00000000000124b1        0x3 
 .rodata        0x00000000000124b4      0x7b3 fs/disklog.o
 .rodata        0x0000000000012c67       0x14 lib/orangescrt.a(printf.o)
 *fill*         0x0000000000012c7b        0x1 
 .rodata        0x0000000000012c7c       0x58 lib/orangescrt.a(vsprintf.o)
 .rodata        0x0000000000012cd4       0xad lib/orangescrt.a(misc.o)
 .rodata        0x0000000000012d81       0x23 lib/orangescrt.a(open.o)
 .rodata        0x0000000000012da4       0x25 lib/orangescrt.a(getpid.o)
 .rodata        0x0000000000012dc9       0x23 lib/orangescrt.a(stat.o)
 .rodata        0x0000000000012dec       0x33 lib/orangescrt.a(fork.o)
 *fill*         0x0000000000012e1f        0x1 
 .rodata        0x0000000000012e20       0x87 lib/orangescrt.a(exec.o)

.rodata1
 *(.rodata1)

.eh_frame_hdr
 *(.eh_frame_hdr)
 *(.eh_frame_entry .eh_frame_entry.*)

.eh_frame       0x0000000000012ea8     0x15dc
 *(.eh_frame)
 .eh_frame      0x0000000000012ea8       0x50 kernel/start.o
 .eh_frame      0x0000000000012ef8      0x128 kernel/main.o
                                        0x154 (size before relaxing)
 .eh_frame      0x0000000000013020       0x6c kernel/clock.o
                                         0x98 (size before relaxing)
 .eh_frame      0x000000000001308c       0xfc kernel/keyboard.o
                                        0x128 (size before relaxing)
 .eh_frame      0x0000000000013188      0x15c kernel/tty.o
                                        0x19c (size before relaxing)
 .eh_frame      0x00000000000132e4      0x180 kernel/console.o
                                        0x1c0 (size before relaxing)
 .eh_frame      0x0000000000013464       0x6c kernel/i8259.o
                                         0x98 (size before relaxing)
 .eh_frame      0x00000000000134d0       0xb8 kernel/protect.o
                                         0xf8 (size before relaxing)
 .eh_frame      0x0000000000013588      0x1e8 kernel/proc.o
                                        0x23c (size before relaxing)
 .eh_frame      0x0000000000013770       0xb0 kernel/systask.o
                                         0xf0 (size before relaxing)
 .eh_frame      0x0000000000013820      0x200 kernel/hd.o
                                        0x240 (size before relaxing)
 .eh_frame      0x0000000000013a20       0xd4 kernel/shell.o
                                        0x114 (size before relaxing)
 .eh_frame      0x0000000000013af4       0xac kernel/klib.o
                                         0xec (size before relaxing)
 .eh_frame      0x0000000000013ba0       0x24 lib/syslog.o
                                         0x50 (size before relaxing)
 .eh_frame      0x0000000000013bc4       0x84 mm/main.o
                                         0xc4 (size before relaxing)
 .eh_frame      0x0000000000013c48       0x9c mm/forkexit.o
                                         0xdc (size before relaxing)
 .eh_frame      0x0000000000013ce4       0x30 mm/exec.o
                                         0x5c (size before relaxing)
 .eh_frame      0x0000000000013d14      0x190 fs/main.o
                                        0x1d0 (size before relaxing)
 .eh_frame      0x0000000000013ea4      0x13c fs/open.o
                                        0x17c (size before relaxing)
 .eh_frame      0x0000000000013fe0       0x7c fs/misc.o
                                         0xbc (size before relaxing)
 .eh_frame      0x000000000001405c       0x30 fs/read_write.o
                                         0x5c (size before relaxing)
 .eh_frame      0x000000000001408c       0x30 fs/link.o
                                         0x5c (size before relaxing)
 .eh_frame      0x00000000000140bc       0x60 fs/disklog.o
                                         0x8c (size before relaxing)
 .eh_frame      0x000000000001411c       0x48 lib/orangescrt.a(printf.o)
                                         0x74 (size before relaxing)
 .eh_frame      0x0000000000014164       0xb0 lib/orangescrt.a(vsprintf.o)
                                         0xf0 (size before relaxing)
 .eh_frame      0x0000000000014214       0xc4 lib/orangescrt.a(misc.o)
                                        0x104 (size before relaxing)
 .eh_frame      0x00000000000142d8       0x24 lib/orangescrt.a(open.o)
                                         0x50 (size before relaxing)
 .eh_frame      0x00000000000142fc       0x24 lib/orangescrt.a(read.o)
                                         0x50 (size before relaxing)
 .eh_frame      0x0000000000014320       0x24 lib/orangescrt.a(write.o)
                                         0x50 (size before relaxing)
 .eh_frame      0x0000000000014344       0x24 lib/orangescrt.a(close.o)
                                         0x50 (size before relaxing)
 .eh_frame      0x0000000000014368       0x24 lib/orangescrt.a(lseek.o)
                                         0x50 (size before relaxing)
 .eh_frame      0x000000000001438c       0x24 lib/orangescrt.a(getpid.o)
                                         0x50 (size before relaxing)
 .eh_frame      0x00000000000143b0       0x24 lib/orangescrt.a(stat.o)
                                         0x50 (size before relaxing)
 .eh_frame      0x00000000000143d4       0x24 lib/orangescrt.a(fork.o)
                                         0x50 (size before relaxing)
 .eh_frame      0x00000000000143f8       0x24 lib/orangescrt.a(wait.o)
                                         0x50 (size before relaxing)
 .eh_frame      0x000000000001441c       0x68 lib/orangescrt.a(exec.o)
                                         0xa8 (size before relaxing)
 *(.eh_frame.*)

.gcc_except_table
 *(.gcc_except_table .gcc_except_table.*)

.gnu_extab
 *(.gnu_extab*)

.exception_ranges
 *(.exception_ranges*)
                0x0000000000016000                . = DATA_SEGMENT_ALIGN (CONSTANT (MAXPAGESIZE), CONSTANT (COMMONPAGESIZE))

.eh_frame
 *(.eh_frame)
 *(.eh_frame.*)

.gnu_extab
 *(.gnu_extab)

.gcc_except_table
 *(.gcc_except_table .gcc_except_table.*)

.exception_ranges
 *(.exception_ranges*)

.tdata          0x0000000000016000        0x0
                [!provide]                        PROVIDE (__tdata_start = .)
 *(.tdata .tdata.* .gnu.linkonce.td.*)

.tbss
 *(.tbss .tbss.* .gnu.linkonce.tb.*)
 *(.tcommon)

.preinit_array  0x0000000000016000        0x0
                [!provide]                        PROVIDE (__preinit_array_start = .)
 *(.preinit_array)
                [!provide]                        PROVIDE (__preinit_array_end = .)

.init_array     0x0000000000016000        0x0
                [!provide]                        PROVIDE (__init_array_start = .)
 *(SORT_BY_INIT_PRIORITY(.init_array.*) SORT_BY_INIT_PRIORITY(.ctors.*))
 *(.init_array EXCLUDE_FILE(*crtend?.o *crtend.o *crtbegin?.o *crtbegin.o) .ctors)
                [!provide]                        PROVIDE (__init_array_end = .)

.fini_array     0x0000000000016000        0x0
                [!provide]                        PROVIDE (__fini_array_start = .)
 *(SORT_BY_INIT_PRIORITY(.fini_array.*) SORT_BY_INIT_PRIORITY(.dtors.*))
 *(.fini_array EXCLUDE_FILE(*crtend?.o *crtend.o *crtbegin?.o *crtbegin.o) .dtors)
                [!provide]                        PROVIDE (__fini_array_end = .)

.ctors
 *crtbegin.o(.ctors)
 *crtbegin?.o(.ctors)
 *(EXCLUDE_FILE(*crtend?.o *crtend.o) .ctors)
 *(SORT_BY_NAME(.ctors.*))
 *(.ctors)

.dtors
 *crtbegin.o(.dtors)
 *crtbegin?.o(.dtors)
 *(EXCLUDE_FILE(*crtend?.o *crtend.o) .dtors)
 *(SORT_BY_NAME(.dtors.*))
 *(.dtors)

.jcr
 *(.jcr)

.data.rel.ro
 *(.data.rel.ro.local* .gnu.linkonce.d.rel.ro.local.*)
 *(.data.rel.ro .data.rel.ro.* .gnu.linkonce.d.rel.ro.*)

.dynamic
 *(.dynamic)

.got            0x0000000000016000        0x0
 *(.got)
 .got           0x0000000000016000        0x0 kernel/kernel.o
 *(.igot)
                0x0000000000016ff4                . = DATA_SEGMENT_RELRO_END (., (SIZEOF (.got.plt) >= 0xc)?0xc:0x0)

.got.plt        0x0000000000016000        0xc
 *(.got.plt)
 .got.plt       0x0000000000016000        0xc kernel/kernel.o
                0x0000000000016000                _GLOBAL_OFFSET_TABLE_
 *(.igot.plt)
 .igot.plt      0x000000000001600c        0x0 kernel/kernel.o

.data           0x0000000000016020      0x80c
 *(.data .data.* .gnu.linkonce.d.*)
 .data          0x0000000000016020        0x2 kernel/kernel.o
 .data          0x0000000000016022        0x0 kernel/start.o
 .data          0x0000000000016022        0x0 kernel/main.o
 .data          0x0000000000016022        0x0 kernel/clock.o
 *fill*         0x0000000000016022       0x1e 
 .data          0x0000000000016040      0x600 kernel/keyboard.o
                0x0000000000016040                keymap
 .data          0x0000000000016640       0x22 kernel/tty.o
 .data          0x0000000000016662        0x0 kernel/console.o
 .data          0x0000000000016662        0x0 kernel/i8259.o
 *fill*         0x0000000000016662        0x2 
 .data          0x0000000000016664       0x28 kernel/global.o
                0x0000000000016664                dd_map
                0x000000000001667c                fsbuf
                0x0000000000016680                mmbuf
                0x0000000000016684                logbuf
                0x0000000000016688                logdiskbuf
 *fill*         0x000000000001668c       0x14 
 .data.rel      0x00000000000166a0      0x18c kernel/global.o
                0x00000000000166a0                task_table
                0x0000000000016780                user_proc_table
                0x0000000000016820                sys_call_table
 .data          0x000000000001682c        0x0 kernel/protect.o
 .data          0x000000000001682c        0x0 kernel/proc.o
 .data          0x000000000001682c        0x0 kernel/systask.o
 .data          0x000000000001682c        0x0 kernel/hd.o
 .data          0x000000000001682c        0x0 kernel/shell.o
 .data          0x000000000001682c        0x0 kernel/klib.o
 .data          0x000000000001682c        0x0 lib/syslog.o
 .data          0x000000000001682c        0x0 mm/main.o
 .data          0x000000000001682c        0x0 mm/forkexit.o
 .data          0x000000000001682c        0x0 mm/exec.o
 .data          0x000000000001682c        0x0 fs/main.o
 .data          0x000000000001682c        0x0 fs/open.o
 .data          0x000000000001682c        0x0 fs/misc.o
 .data          0x000000000001682c        0x0 fs/read_write.o
 .data          0x000000000001682c        0x0 fs/link.o
 .data          0x000000000001682c        0x0 fs/disklog.o
 .data          0x000000000001682c        0x0 lib/orangescrt.a(printf.o)
 .data          0x000000000001682c        0x0 lib/orangescrt.a(vsprintf.o)
 .data          0x000000000001682c        0x0 lib/orangescrt.a(misc.o)
 .data          0x000000000001682c        0x0 lib/orangescrt.a(open.o)
 .data          0x000000000001682c        0x0 lib/orangescrt.a(read.o)
 .data          0x000000000001682c        0x0 lib/orangescrt.a(write.o)
 .data          0x000000000001682c        0x0 lib/orangescrt.a(close.o)
 .data          0x000000000001682c        0x0 lib/orangescrt.a(lseek.o)
 .data          0x000000000001682c        0x0 lib/orangescrt.a(getpid.o)
 .data          0x000000000001682c        0x0 lib/orangescrt.a(stat.o)
 .data          0x000000000001682c        0x0 lib/orangescrt.a(fork.o)
 .data          0x000000000001682c        0x0 lib/orangescrt.a(wait.o)
 .data          0x000000000001682c        0x0 lib/orangescrt.a(exec.o)

.data1
 *(.data1)
                0x000000000001682c                _edata = .
                [!provide]                        PROVIDE (edata = .)
                0x000000000001682c                . = .
                0x000000000001682c                __bss_start = .

.bss            0x0000000000016840    0x2c2a8
 *(.dynbss)
 *(.bss .bss.* .gnu.linkonce.b.*)
 .bss           0x0000000000016840      0x800 kernel/kernel.o
 .bss           0x0000000000017040        0x0 kernel/start.o
 .bss           0x0000000000017040        0x0 kernel/main.o
 .bss           0x0000000000017040        0x0 kernel/clock.o
 .bss           0x0000000000017040       0x58 kernel/keyboard.o
 .bss           0x0000000000017098        0x0 kernel/tty.o
 .bss           0x0000000000017098        0x0 kernel/console.o
 .bss           0x0000000000017098        0x0 kernel/i8259.o
 .bss           0x0000000000017098        0x0 kernel/global.o
 .bss           0x0000000000017098        0x0 kernel/protect.o
 .bss           0x0000000000017098        0x0 kernel/proc.o
 .bss           0x0000000000017098        0x0 kernel/systask.o
 *fill*         0x0000000000017098        0x8 
 .bss           0x00000000000170a0      0x64c kernel/hd.o
 .bss           0x00000000000176ec        0x0 kernel/shell.o
 .bss           0x00000000000176ec        0x0 kernel/klib.o
 .bss           0x00000000000176ec        0x0 lib/syslog.o
 .bss           0x00000000000176ec        0x0 mm/main.o
 .bss           0x00000000000176ec        0x0 mm/forkexit.o
 .bss           0x00000000000176ec        0x0 mm/exec.o
 .bss           0x00000000000176ec        0x0 fs/main.o
 .bss           0x00000000000176ec        0x0 fs/open.o
 .bss           0x00000000000176ec        0x0 fs/misc.o
 .bss           0x00000000000176ec        0x0 fs/read_write.o
 .bss           0x00000000000176ec        0x0 fs/link.o
 *fill*         0x00000000000176ec       0x14 
 .bss           0x0000000000017700      0x208 fs/disklog.o
 .bss           0x0000000000017908        0x0 lib/orangescrt.a(printf.o)
 .bss           0x0000000000017908        0x0 lib/orangescrt.a(vsprintf.o)
 .bss           0x0000000000017908        0x0 lib/orangescrt.a(misc.o)
 .bss           0x0000000000017908        0x0 lib/orangescrt.a(open.o)
 .bss           0x0000000000017908        0x0 lib/orangescrt.a(read.o)
 .bss           0x0000000000017908        0x0 lib/orangescrt.a(write.o)
 .bss           0x0000000000017908        0x0 lib/orangescrt.a(close.o)
 .bss           0x0000000000017908        0x0 lib/orangescrt.a(lseek.o)
 .bss           0x0000000000017908        0x0 lib/orangescrt.a(getpid.o)
 .bss           0x0000000000017908        0x0 lib/orangescrt.a(stat.o)
 .bss           0x0000000000017908        0x0 lib/orangescrt.a(fork.o)
 .bss           0x0000000000017908        0x0 lib/orangescrt.a(wait.o)
 .bss           0x0000000000017908        0x0 lib/orangescrt.a(exec.o)
 *(COMMON)
 *fill*         0x0000000000017908       0x18 
 COMMON         0x0000000000017920      0x177 kernel/start.o
                0x0000000000017920                system_files
 *fill*         0x0000000000017a97        0x1 
 COMMON         0x0000000000017a98       0x11 kernel/console.o
                0x0000000000017a98                help2
                0x0000000000017aa0                all
                0x0000000000017aa6                help1
 *fill*         0x0000000000017aa9       0x17 
 COMMON         0x0000000000017ac0    0x2b018 kernel/global.o
                0x0000000000017ac0                idt_ptr
                0x0000000000017ae0                inode_table
                0x00000000000185e0                task_stack
                0x000000000003c5e0                k_reenter
                0x000000000003c600                gdt
                0x000000000003ca00                current_console
                0x000000000003ca04                pcaller
                0x000000000003ca20                tty_table
                0x000000000003d6a0                tss
                0x000000000003d720                fs_msg
                0x000000000003dc04                memory_size
                0x000000000003dc20                f_desc_table
                0x000000000003e020                doInstall
                0x000000000003e024                root_inode
                0x000000000003e028                disp_pos
                0x000000000003e040                mm_msg
                0x000000000003e524                key_pressed
                0x000000000003e528                gdt_ptr
                0x000000000003e540                idt
                0x000000000003ed40                super_block
                0x000000000003ef20                ticks
                0x000000000003ef40                console_table
                0x000000000003ef80                irq_table
                0x000000000003efc0                p_proc_ready
                0x000000000003efe0                proc_table
 COMMON         0x0000000000042ad8       0x10 kernel/hd.o
                0x0000000000042ad8                PARTITION_ENTRY
                0x0000000000042ae8                . = ALIGN ((. != 0x0)?0x4:0x1)
                0x0000000000042ae8                . = ALIGN (0x4)
                0x0000000000042ae8                . = SEGMENT_START ("ldata-segment", .)
                0x0000000000042ae8                . = ALIGN (0x4)
                0x0000000000042ae8                _end = .
                [!provide]                        PROVIDE (end = .)
                0x0000000000042ae8                . = DATA_SEGMENT_END (.)

.stab
 *(.stab)

.stabstr
 *(.stabstr)

.stab.excl
 *(.stab.excl)

.stab.exclstr
 *(.stab.exclstr)

.stab.index
 *(.stab.index)

.stab.indexstr
 *(.stab.indexstr)

.comment        0x0000000000000000       0x2a
 *(.comment)
 .comment       0x0000000000000000       0x2a kernel/start.o
                                         0x2b (size before relaxing)
 .comment       0x000000000000002a       0x2b kernel/main.o
 .comment       0x000000000000002a       0x2b kernel/clock.o
 .comment       0x000000000000002a       0x2b kernel/keyboard.o
 .comment       0x000000000000002a       0x2b kernel/tty.o
 .comment       0x000000000000002a       0x2b kernel/console.o
 .comment       0x000000000000002a       0x2b kernel/i8259.o
 .comment       0x000000000000002a       0x2b kernel/global.o
 .comment       0x000000000000002a       0x2b kernel/protect.o
 .comment       0x000000000000002a       0x2b kernel/proc.o
 .comment       0x000000000000002a       0x2b kernel/systask.o
 .comment       0x000000000000002a       0x2b kernel/hd.o
 .comment       0x000000000000002a       0x2b kernel/shell.o
 .comment       0x000000000000002a       0x2b kernel/klib.o
 .comment       0x000000000000002a       0x2b lib/syslog.o
 .comment       0x000000000000002a       0x2b mm/main.o
 .comment       0x000000000000002a       0x2b mm/forkexit.o
 .comment       0x000000000000002a       0x2b mm/exec.o
 .comment       0x000000000000002a       0x2b fs/main.o
 .comment       0x000000000000002a       0x2b fs/open.o
 .comment       0x000000000000002a       0x2b fs/misc.o
 .comment       0x000000000000002a       0x2b fs/read_write.o
 .comment       0x000000000000002a       0x2b fs/link.o
 .comment       0x000000000000002a       0x2b fs/disklog.o
 .comment       0x000000000000002a       0x2b lib/orangescrt.a(printf.o)
 .comment       0x000000000000002a       0x2b lib/orangescrt.a(vsprintf.o)
 .comment       0x000000000000002a       0x2b lib/orangescrt.a(misc.o)
 .comment       0x000000000000002a       0x2b lib/orangescrt.a(open.o)
 .comment       0x000000000000002a       0x2b lib/orangescrt.a(read.o)
 .comment       0x000000000000002a       0x2b lib/orangescrt.a(write.o)
 .comment       0x000000000000002a       0x2b lib/orangescrt.a(close.o)
 .comment       0x000000000000002a       0x2b lib/orangescrt.a(lseek.o)
 .comment       0x000000000000002a       0x2b lib/orangescrt.a(getpid.o)
 .comment       0x000000000000002a       0x2b lib/orangescrt.a(stat.o)
 .comment       0x000000000000002a       0x2b lib/orangescrt.a(fork.o)
 .comment       0x000000000000002a       0x2b lib/orangescrt.a(wait.o)
 .comment       0x000000000000002a       0x2b lib/orangescrt.a(exec.o)

.gnu.build.attributes
 *(.gnu.build.attributes .gnu.build.attributes.*)

.debug
 *(.debug)

.line
 *(.line)

.debug_srcinfo
 *(.debug_srcinfo)

.debug_sfnames
 *(.debug_sfnames)

.debug_aranges
 *(.debug_aranges)

.debug_pubnames
 *(.debug_pubnames)

.debug_info
 *(.debug_info .gnu.linkonce.wi.*)

.debug_abbrev
 *(.debug_abbrev)

.debug_line
 *(.debug_line .debug_line.* .debug_line_end)

.debug_frame
 *(.debug_frame)

.debug_str
 *(.debug_str)

.debug_loc
 *(.debug_loc)

.debug_macinfo
 *(.debug_macinfo)

.debug_weaknames
 *(.debug_weaknames)

.debug_funcnames
 *(.debug_funcnames)

.debug_typenames
 *(.debug_typenames)

.debug_varnames
 *(.debug_varnames)

.debug_pubtypes
 *(.debug_pubtypes)

.debug_ranges
 *(.debug_ranges)

.debug_macro
 *(.debug_macro)

.debug_addr
 *(.debug_addr)

.gnu.attributes
 *(.gnu.attributes)

/DISCARD/
 *(.note.GNU-stack)
 *(.gnu_debuglink)
 *(.gnu.lto_*)
OUTPUT(kernel.bin elf32-i386)
