Archive member included to satisfy reference by file (symbol)

lib/orangescrt.a(printf.o)    kernel/main.o (printl)
lib/orangescrt.a(vsprintf.o)  kernel/main.o (vsprintf)
lib/orangescrt.a(string.o)    kernel/start.o (memcpy)
lib/orangescrt.a(misc.o)      kernel/main.o (send_recv)
lib/orangescrt.a(open.o)      kernel/main.o (open)
lib/orangescrt.a(read.o)      kernel/main.o (read)
lib/orangescrt.a(write.o)     kernel/main.o (write)
lib/orangescrt.a(close.o)     kernel/main.o (close)
lib/orangescrt.a(lseek.o)     kernel/main.o (lseek)
lib/orangescrt.a(getpid.o)    fs/disklog.o (getpid)
lib/orangescrt.a(stat.o)      mm/exec.o (stat)
lib/orangescrt.a(fork.o)      kernel/main.o (fork)
lib/orangescrt.a(wait.o)      kernel/main.o (wait)
lib/orangescrt.a(exec.o)      kernel/main.o (execv)
lib/orangescrt.a(syscall.o)   lib/orangescrt.a(misc.o) (sendrec)

Merging program properties

Removed property 0xc0000002 to merge kernel/start.o (0x3) and kernel/kernel.o (not found)
Removed property 0xc0000002 to merge kernel/start.o (not found) and kernel/main.o (0x3)
Removed property 0xc0000002 to merge kernel/start.o (not found) and kernel/clock.o (0x3)
Removed property 0xc0000002 to merge kernel/start.o (not found) and kernel/keyboard.o (0x3)
Removed property 0xc0000002 to merge kernel/start.o (not found) and kernel/tty.o (0x3)
Removed property 0xc0000002 to merge kernel/start.o (not found) and kernel/console.o (0x3)
Removed property 0xc0000002 to merge kernel/start.o (not found) and kernel/i8259.o (0x3)
Removed property 0xc0000002 to merge kernel/start.o (not found) and kernel/global.o (0x3)
Removed property 0xc0000002 to merge kernel/start.o (not found) and kernel/protect.o (0x3)
Removed property 0xc0000002 to merge kernel/start.o (not found) and kernel/proc.o (0x3)
Removed property 0xc0000002 to merge kernel/start.o (not found) and kernel/systask.o (0x3)
Removed property 0xc0000002 to merge kernel/start.o (not found) and kernel/hd.o (0x3)
Removed property 0xc0000002 to merge kernel/start.o (not found) and kernel/shell.o (0x3)
Removed property 0xc0000002 to merge kernel/start.o (not found) and kernel/klib.o (0x3)
Removed property 0xc0000002 to merge kernel/start.o (not found) and lib/syslog.o (0x3)
Removed property 0xc0000002 to merge kernel/start.o (not found) and mm/main.o (0x3)
Removed property 0xc0000002 to merge kernel/start.o (not found) and mm/forkexit.o (0x3)
Removed property 0xc0000002 to merge kernel/start.o (not found) and mm/exec.o (0x3)
Removed property 0xc0000002 to merge kernel/start.o (not found) and fs/main.o (0x3)
Removed property 0xc0000002 to merge kernel/start.o (not found) and fs/open.o (0x3)
Removed property 0xc0000002 to merge kernel/start.o (not found) and fs/misc.o (0x3)
Removed property 0xc0000002 to merge kernel/start.o (not found) and fs/read_write.o (0x3)
Removed property 0xc0000002 to merge kernel/start.o (not found) and fs/link.o (0x3)
Removed property 0xc0000002 to merge kernel/start.o (not found) and fs/disklog.o (0x3)
Removed property 0xc0000002 to merge kernel/start.o (not found) and lib/orangescrt.a(printf.o) (0x3)
Removed property 0xc0000002 to merge kernel/start.o (not found) and lib/orangescrt.a(vsprintf.o) (0x3)
Removed property 0xc0000002 to merge kernel/start.o (not found) and lib/orangescrt.a(misc.o) (0x3)
Removed property 0xc0000002 to merge kernel/start.o (not found) and lib/orangescrt.a(open.o) (0x3)
Removed property 0xc0000002 to merge kernel/start.o (not found) and lib/orangescrt.a(read.o) (0x3)
Removed property 0xc0000002 to merge kernel/start.o (not found) and lib/orangescrt.a(write.o) (0x3)
Removed property 0xc0000002 to merge kernel/start.o (not found) and lib/orangescrt.a(close.o) (0x3)
Removed property 0xc0000002 to merge kernel/start.o (not found) and lib/orangescrt.a(lseek.o) (0x3)
Removed property 0xc0000002 to merge kernel/start.o (not found) and lib/orangescrt.a(getpid.o) (0x3)
Removed property 0xc0000002 to merge kernel/start.o (not found) and lib/orangescrt.a(stat.o) (0x3)
Removed property 0xc0000002 to merge kernel/start.o (not found) and lib/orangescrt.a(fork.o) (0x3)
Removed property 0xc0000002 to merge kernel/start.o (not found) and lib/orangescrt.a(wait.o) (0x3)
Removed property 0xc0000002 to merge kernel/start.o (not found) and lib/orangescrt.a(exec.o) (0x3)

Allocating common symbols
Common symbol       size              file

idt_ptr             0x6               kernel/global.o
inode_table         0xb00             kernel/global.o
task_stack          0x24000           kernel/global.o
k_reenter           0x4               kernel/global.o
gdt                 0x400             kernel/global.o
help2               0x7               kernel/console.o
current_console     0x4               kernel/global.o
pcaller             0x4               kernel/global.o
tty_table           0xc6c             kernel/global.o
tss                 0x68              kernel/global.o
fs_msg              0x30              kernel/global.o
memory_size         0x4               kernel/global.o
f_desc_table        0x400             kernel/global.o
doInstall           0x4               kernel/global.o
root_inode          0x4               kernel/global.o
disp_pos            0x4               kernel/global.o
mm_msg              0x30              kernel/global.o
key_pressed         0x4               kernel/global.o
gdt_ptr             0x6               kernel/global.o
idt                 0x800             kernel/global.o
super_block         0x1e0             kernel/global.o
PARTITION_ENTRY     0x10              kernel/hd.o
ticks               0x4               kernel/global.o
console_table       0x3c              kernel/global.o
help1               0x3               kernel/console.o
irq_table           0x40              kernel/global.o
p_proc_ready        0x4               kernel/global.o
proc_table          0x3af8            kernel/global.o

Discarded input sections

 .group         0x0000000000000000        0x8 kernel/start.o
 .note.GNU-stack
                0x0000000000000000        0x0 kernel/start.o
 .note.gnu.property
                0x0000000000000000       0x1c kernel/start.o
 .group         0x0000000000000000        0x8 kernel/main.o
 .group         0x0000000000000000        0x8 kernel/main.o
 .text.__x86.get_pc_thunk.bx
                0x0000000000000000        0x4 kernel/main.o
 .note.GNU-stack
                0x0000000000000000        0x0 kernel/main.o
 .note.gnu.property
                0x0000000000000000       0x1c kernel/main.o
 .group         0x0000000000000000        0x8 kernel/clock.o
 .text.__x86.get_pc_thunk.bx
                0x0000000000000000        0x4 kernel/clock.o
 .note.GNU-stack
                0x0000000000000000        0x0 kernel/clock.o
 .note.gnu.property
                0x0000000000000000       0x1c kernel/clock.o
 .group         0x0000000000000000        0x8 kernel/keyboard.o
 .text.__x86.get_pc_thunk.bx
                0x0000000000000000        0x4 kernel/keyboard.o
 .note.GNU-stack
                0x0000000000000000        0x0 kernel/keyboard.o
 .note.gnu.property
                0x0000000000000000       0x1c kernel/keyboard.o
 .group         0x0000000000000000        0x8 kernel/tty.o
 .group         0x0000000000000000        0x8 kernel/tty.o
 .text.__x86.get_pc_thunk.ax
                0x0000000000000000        0x4 kernel/tty.o
 .text.__x86.get_pc_thunk.bx
                0x0000000000000000        0x4 kernel/tty.o
 .note.GNU-stack
                0x0000000000000000        0x0 kernel/tty.o
 .note.gnu.property
                0x0000000000000000       0x1c kernel/tty.o
 .group         0x0000000000000000        0x8 kernel/console.o
 .group         0x0000000000000000        0x8 kernel/console.o
 .group         0x0000000000000000        0x8 kernel/console.o
 .group         0x0000000000000000        0x8 kernel/console.o
 .text.__x86.get_pc_thunk.ax
                0x0000000000000000        0x4 kernel/console.o
 .text.__x86.get_pc_thunk.bx
                0x0000000000000000        0x4 kernel/console.o
 .note.GNU-stack
                0x0000000000000000        0x0 kernel/console.o
 .note.gnu.property
                0x0000000000000000       0x1c kernel/console.o
 .group         0x0000000000000000        0x8 kernel/i8259.o
 .text.__x86.get_pc_thunk.bx
                0x0000000000000000        0x4 kernel/i8259.o
 .note.GNU-stack
                0x0000000000000000        0x0 kernel/i8259.o
 .note.gnu.property
                0x0000000000000000       0x1c kernel/i8259.o
 .note.GNU-stack
                0x0000000000000000        0x0 kernel/global.o
 .note.gnu.property
                0x0000000000000000       0x1c kernel/global.o
 .group         0x0000000000000000        0x8 kernel/protect.o
 .group         0x0000000000000000        0x8 kernel/protect.o
 .text.__x86.get_pc_thunk.ax
                0x0000000000000000        0x4 kernel/protect.o
 .text.__x86.get_pc_thunk.bx
                0x0000000000000000        0x4 kernel/protect.o
 .note.GNU-stack
                0x0000000000000000        0x0 kernel/protect.o
 .note.gnu.property
                0x0000000000000000       0x1c kernel/protect.o
 .group         0x0000000000000000        0x8 kernel/proc.o
 .group         0x0000000000000000        0x8 kernel/proc.o
 .group         0x0000000000000000        0x8 kernel/proc.o
 .text.__x86.get_pc_thunk.ax
                0x0000000000000000        0x4 kernel/proc.o
 .text.__x86.get_pc_thunk.dx
                0x0000000000000000        0x4 kernel/proc.o
 .text.__x86.get_pc_thunk.bx
                0x0000000000000000        0x4 kernel/proc.o
 .note.GNU-stack
                0x0000000000000000        0x0 kernel/proc.o
 .note.gnu.property
                0x0000000000000000       0x1c kernel/proc.o
 .group         0x0000000000000000        0x8 kernel/systask.o
 .group         0x0000000000000000        0x8 kernel/systask.o
 .text.__x86.get_pc_thunk.ax
                0x0000000000000000        0x4 kernel/systask.o
 .text.__x86.get_pc_thunk.bx
                0x0000000000000000        0x4 kernel/systask.o
 .note.GNU-stack
                0x0000000000000000        0x0 kernel/systask.o
 .note.gnu.property
                0x0000000000000000       0x1c kernel/systask.o
 .group         0x0000000000000000        0x8 kernel/hd.o
 .group         0x0000000000000000        0x8 kernel/hd.o
 .text.__x86.get_pc_thunk.ax
                0x0000000000000000        0x4 kernel/hd.o
 .text.__x86.get_pc_thunk.bx
                0x0000000000000000        0x4 kernel/hd.o
 .note.GNU-stack
                0x0000000000000000        0x0 kernel/hd.o
 .note.gnu.property
                0x0000000000000000       0x1c kernel/hd.o
 .group         0x0000000000000000        0x8 kernel/shell.o
 .text.__x86.get_pc_thunk.bx
                0x0000000000000000        0x4 kernel/shell.o
 .note.GNU-stack
                0x0000000000000000        0x0 kernel/shell.o
 .note.gnu.property
                0x0000000000000000       0x1c kernel/shell.o
 .group         0x0000000000000000        0x8 kernel/klib.o
 .group         0x0000000000000000        0x8 kernel/klib.o
 .text.__x86.get_pc_thunk.ax
                0x0000000000000000        0x4 kernel/klib.o
 .text.__x86.get_pc_thunk.bx
                0x0000000000000000        0x4 kernel/klib.o
 .note.GNU-stack
                0x0000000000000000        0x0 kernel/klib.o
 .note.gnu.property
                0x0000000000000000       0x1c kernel/klib.o
 .group         0x0000000000000000        0x8 lib/syslog.o
 .text.__x86.get_pc_thunk.bx
                0x0000000000000000        0x4 lib/syslog.o
 .note.GNU-stack
                0x0000000000000000        0x0 lib/syslog.o
 .note.gnu.property
                0x0000000000000000       0x1c lib/syslog.o
 .group         0x0000000000000000        0x8 mm/main.o
 .group         0x0000000000000000        0x8 mm/main.o
 .text.__x86.get_pc_thunk.ax
                0x0000000000000000        0x4 mm/main.o
 .text.__x86.get_pc_thunk.bx
                0x0000000000000000        0x4 mm/main.o
 .note.GNU-stack
                0x0000000000000000        0x0 mm/main.o
 .note.gnu.property
                0x0000000000000000       0x1c mm/main.o
 .group         0x0000000000000000        0x8 mm/forkexit.o
 .group         0x0000000000000000        0x8 mm/forkexit.o
 .text.__x86.get_pc_thunk.ax
                0x0000000000000000        0x4 mm/forkexit.o
 .text.__x86.get_pc_thunk.bx
                0x0000000000000000        0x4 mm/forkexit.o
 .note.GNU-stack
                0x0000000000000000        0x0 mm/forkexit.o
 .note.gnu.property
                0x0000000000000000       0x1c mm/forkexit.o
 .group         0x0000000000000000        0x8 mm/exec.o
 .text.__x86.get_pc_thunk.bx
                0x0000000000000000        0x4 mm/exec.o
 .note.GNU-stack
                0x0000000000000000        0x0 mm/exec.o
 .note.gnu.property
                0x0000000000000000       0x1c mm/exec.o
 .group         0x0000000000000000        0x8 fs/main.o
 .group         0x0000000000000000        0x8 fs/main.o
 .text.__x86.get_pc_thunk.ax
                0x0000000000000000        0x4 fs/main.o
 .text.__x86.get_pc_thunk.bx
                0x0000000000000000        0x4 fs/main.o
 .note.GNU-stack
                0x0000000000000000        0x0 fs/main.o
 .note.gnu.property
                0x0000000000000000       0x1c fs/main.o
 .group         0x0000000000000000        0x8 fs/open.o
 .group         0x0000000000000000        0x8 fs/open.o
 .text.__x86.get_pc_thunk.ax
                0x0000000000000000        0x4 fs/open.o
 .text.__x86.get_pc_thunk.bx
                0x0000000000000000        0x4 fs/open.o
 .note.GNU-stack
                0x0000000000000000        0x0 fs/open.o
 .note.gnu.property
                0x0000000000000000       0x1c fs/open.o
 .group         0x0000000000000000        0x8 fs/misc.o
 .group         0x0000000000000000        0x8 fs/misc.o
 .text.__x86.get_pc_thunk.cx
                0x0000000000000000        0x4 fs/misc.o
 .text.__x86.get_pc_thunk.bx
                0x0000000000000000        0x4 fs/misc.o
 .note.GNU-stack
                0x0000000000000000        0x0 fs/misc.o
 .note.gnu.property
                0x0000000000000000       0x1c fs/misc.o
 .group         0x0000000000000000        0x8 fs/read_write.o
 .text.__x86.get_pc_thunk.bx
                0x0000000000000000        0x4 fs/read_write.o
 .note.GNU-stack
                0x0000000000000000        0x0 fs/read_write.o
 .note.gnu.property
                0x0000000000000000       0x1c fs/read_write.o
 .group         0x0000000000000000        0x8 fs/link.o
 .text.__x86.get_pc_thunk.bx
                0x0000000000000000        0x4 fs/link.o
 .note.GNU-stack
                0x0000000000000000        0x0 fs/link.o
 .note.gnu.property
                0x0000000000000000       0x1c fs/link.o
 .group         0x0000000000000000        0x8 fs/disklog.o
 .text.__x86.get_pc_thunk.bx
                0x0000000000000000        0x4 fs/disklog.o
 .note.GNU-stack
                0x0000000000000000        0x0 fs/disklog.o
 .note.gnu.property
                0x0000000000000000       0x1c fs/disklog.o
 .group         0x0000000000000000        0x8 lib/orangescrt.a(printf.o)
 .text.__x86.get_pc_thunk.bx
                0x0000000000000000        0x4 lib/orangescrt.a(printf.o)
 .note.GNU-stack
                0x0000000000000000        0x0 lib/orangescrt.a(printf.o)
 .note.gnu.property
                0x0000000000000000       0x1c lib/orangescrt.a(printf.o)
 .group         0x0000000000000000        0x8 lib/orangescrt.a(vsprintf.o)
 .group         0x0000000000000000        0x8 lib/orangescrt.a(vsprintf.o)
 .text.__x86.get_pc_thunk.ax
                0x0000000000000000        0x4 lib/orangescrt.a(vsprintf.o)
 .text.__x86.get_pc_thunk.bx
                0x0000000000000000        0x4 lib/orangescrt.a(vsprintf.o)
 .note.GNU-stack
                0x0000000000000000        0x0 lib/orangescrt.a(vsprintf.o)
 .note.gnu.property
                0x0000000000000000       0x1c lib/orangescrt.a(vsprintf.o)
 .group         0x0000000000000000        0x8 lib/orangescrt.a(misc.o)
 .group         0x0000000000000000        0x8 lib/orangescrt.a(misc.o)
 .text.__x86.get_pc_thunk.ax
                0x0000000000000000        0x4 lib/orangescrt.a(misc.o)
 .text.__x86.get_pc_thunk.bx
                0x0000000000000000        0x4 lib/orangescrt.a(misc.o)
 .note.GNU-stack
                0x0000000000000000        0x0 lib/orangescrt.a(misc.o)
 .note.gnu.property
                0x0000000000000000       0x1c lib/orangescrt.a(misc.o)
 .group         0x0000000000000000        0x8 lib/orangescrt.a(open.o)
 .text.__x86.get_pc_thunk.bx
                0x0000000000000000        0x4 lib/orangescrt.a(open.o)
 .note.GNU-stack
                0x0000000000000000        0x0 lib/orangescrt.a(open.o)
 .note.gnu.property
                0x0000000000000000       0x1c lib/orangescrt.a(open.o)
 .group         0x0000000000000000        0x8 lib/orangescrt.a(read.o)
 .text.__x86.get_pc_thunk.ax
                0x0000000000000000        0x4 lib/orangescrt.a(read.o)
 .note.GNU-stack
                0x0000000000000000        0x0 lib/orangescrt.a(read.o)
 .note.gnu.property
                0x0000000000000000       0x1c lib/orangescrt.a(read.o)
 .group         0x0000000000000000        0x8 lib/orangescrt.a(write.o)
 .text.__x86.get_pc_thunk.ax
                0x0000000000000000        0x4 lib/orangescrt.a(write.o)
 .note.GNU-stack
                0x0000000000000000        0x0 lib/orangescrt.a(write.o)
 .note.gnu.property
                0x0000000000000000       0x1c lib/orangescrt.a(write.o)
 .group         0x0000000000000000        0x8 lib/orangescrt.a(close.o)
 .text.__x86.get_pc_thunk.ax
                0x0000000000000000        0x4 lib/orangescrt.a(close.o)
 .note.GNU-stack
                0x0000000000000000        0x0 lib/orangescrt.a(close.o)
 .note.gnu.property
                0x0000000000000000       0x1c lib/orangescrt.a(close.o)
 .group         0x0000000000000000        0x8 lib/orangescrt.a(lseek.o)
 .text.__x86.get_pc_thunk.ax
                0x0000000000000000        0x4 lib/orangescrt.a(lseek.o)
 .note.GNU-stack
                0x0000000000000000        0x0 lib/orangescrt.a(lseek.o)
 .note.gnu.property
                0x0000000000000000       0x1c lib/orangescrt.a(lseek.o)
 .group         0x0000000000000000        0x8 lib/orangescrt.a(getpid.o)
 .text.__x86.get_pc_thunk.bx
                0x0000000000000000        0x4 lib/orangescrt.a(getpid.o)
 .note.GNU-stack
                0x0000000000000000        0x0 lib/orangescrt.a(getpid.o)
 .note.gnu.property
                0x0000000000000000       0x1c lib/orangescrt.a(getpid.o)
 .group         0x0000000000000000        0x8 lib/orangescrt.a(stat.o)
 .text.__x86.get_pc_thunk.bx
                0x0000000000000000        0x4 lib/orangescrt.a(stat.o)
 .note.GNU-stack
                0x0000000000000000        0x0 lib/orangescrt.a(stat.o)
 .note.gnu.property
                0x0000000000000000       0x1c lib/orangescrt.a(stat.o)
 .group         0x0000000000000000        0x8 lib/orangescrt.a(fork.o)
 .text.__x86.get_pc_thunk.bx
                0x0000000000000000        0x4 lib/orangescrt.a(fork.o)
 .note.GNU-stack
                0x0000000000000000        0x0 lib/orangescrt.a(fork.o)
 .note.gnu.property
                0x0000000000000000       0x1c lib/orangescrt.a(fork.o)
 .group         0x0000000000000000        0x8 lib/orangescrt.a(wait.o)
 .text.__x86.get_pc_thunk.ax
                0x0000000000000000        0x4 lib/orangescrt.a(wait.o)
 .note.GNU-stack
                0x0000000000000000        0x0 lib/orangescrt.a(wait.o)
 .note.gnu.property
                0x0000000000000000       0x1c lib/orangescrt.a(wait.o)
 .group         0x0000000000000000        0x8 lib/orangescrt.a(exec.o)
 .group         0x0000000000000000        0x8 lib/orangescrt.a(exec.o)
 .text.__x86.get_pc_thunk.ax
                0x0000000000000000        0x4 lib/orangescrt.a(exec.o)
 .text.__x86.get_pc_thunk.bx
                0x0000000000000000        0x4 lib/orangescrt.a(exec.o)
 .note.GNU-stack
                0x0000000000000000        0x0 lib/orangescrt.a(exec.o)
 .note.gnu.property
                0x0000000000000000       0x1c lib/orangescrt.a(exec.o)

Memory Configuration

Name             Origin             Length             Attributes
*default*        0x0000000000000000 0xffffffffffffffff

Linker script and memory map

Address of section .text set to 0x1000
LOAD kernel/kernel.o
LOAD kernel/start.o
LOAD kernel/main.o
LOAD kernel/clock.o
LOAD kernel/keyboard.o
LOAD kernel/tty.o
LOAD kernel/console.o
LOAD kernel/i8259.o
LOAD kernel/global.o
LOAD kernel/protect.o
LOAD kernel/proc.o
LOAD kernel/systask.o
LOAD kernel/hd.o
LOAD kernel/shell.o
LOAD kernel/kliba.o
LOAD kernel/klib.o
LOAD lib/syslog.o
LOAD mm/main.o
LOAD mm/forkexit.o
LOAD mm/exec.o
LOAD fs/main.o
LOAD fs/open.o
LOAD fs/misc.o
LOAD fs/read_write.o
LOAD fs/link.o
LOAD fs/disklog.o
LOAD lib/orangescrt.a
                [!provide]                        PROVIDE (__executable_start = SEGMENT_START ("text-segment", 0x8048000))
                0x00000000080480d4                . = (SEGMENT_START ("text-segment", 0x8048000) + SIZEOF_HEADERS)

.interp
 *(.interp)

.note.gnu.build-id
 *(.note.gnu.build-id)

.hash
 *(.hash)

.gnu.hash
 *(.gnu.hash)

.dynsym
 *(.dynsym)

.dynstr
 *(.dynstr)

.gnu.version
 *(.gnu.version)

.gnu.version_d
 *(.gnu.version_d)

.gnu.version_r
 *(.gnu.version_r)

.rel.dyn        0x00000000080480d4        0x0
 *(.rel.init)
 *(.rel.text .rel.text.* .rel.gnu.linkonce.t.*)
 .rel.text      0x00000000080480d4        0x0 kernel/kernel.o
 *(.rel.fini)
 *(.rel.rodata .rel.rodata.* .rel.gnu.linkonce.r.*)
 *(.rel.data.rel.ro .rel.data.rel.ro.* .rel.gnu.linkonce.d.rel.ro.*)
 *(.rel.data .rel.data.* .rel.gnu.linkonce.d.*)
 *(.rel.tdata .rel.tdata.* .rel.gnu.linkonce.td.*)
 *(.rel.tbss .rel.tbss.* .rel.gnu.linkonce.tb.*)
 *(.rel.ctors)
 *(.rel.dtors)
 *(.rel.got)
 .rel.got       0x00000000080480d4        0x0 kernel/kernel.o
 *(.rel.bss .rel.bss.* .rel.gnu.linkonce.b.*)
 *(.rel.ifunc)

.rel.plt        0x00000000080480d4        0x0
 *(.rel.plt)
                [!provide]                        PROVIDE (__rel_iplt_start = .)
 *(.rel.iplt)
 .rel.iplt      0x00000000080480d4        0x0 kernel/kernel.o
                [!provide]                        PROVIDE (__rel_iplt_end = .)
                0x0000000008049000                . = ALIGN (CONSTANT (MAXPAGESIZE))

.init
 *(SORT_NONE(.init))

.plt            0x0000000008049000        0x0
 *(.plt)
 *(.iplt)
 .iplt          0x0000000008049000        0x0 kernel/kernel.o

.plt.got
 *(.plt.got)

.plt.sec
 *(.plt.sec)

.text           0x0000000000001000     0xd668
 *(.text.unlikely .text.*_unlikely .text.unlikely.*)
 *(.text.exit .text.exit.*)
 *(.text.startup .text.startup.*)
 *(.text.hot .text.hot.*)
 *(SORT_BY_NAME(.text.sorted.*))
 *(.text .stub .text.* .gnu.linkonce.t.*)
 .text          0x0000000000001000      0x410 kernel/kernel.o
                0x0000000000001000                _start
                0x0000000000001040                hwint00
                0x0000000000001070                hwint01
                0x00000000000010a0                hwint02
                0x00000000000010d0                hwint03
                0x0000000000001100                hwint04
                0x0000000000001130                hwint05
                0x0000000000001160                hwint06
                0x0000000000001190                hwint07
                0x00000000000011c0                hwint08
                0x00000000000011f0                hwint09
                0x0000000000001220                hwint10
                0x0000000000001250                hwint11
                0x0000000000001280                hwint12
                0x00000000000012b0                hwint13
                0x00000000000012e0                hwint14
                0x0000000000001310                hwint15
                0x0000000000001334                divide_error
                0x000000000000133a                single_step_exception
                0x0000000000001340                nmi
                0x0000000000001346                breakpoint_exception
                0x000000000000134c                overflow
                0x0000000000001352                bounds_check
                0x0000000000001358                inval_opcode
                0x000000000000135e                copr_not_available
                0x0000000000001364                double_fault
                0x0000000000001368                copr_seg_overrun
                0x000000000000136e                inval_tss
                0x0000000000001372                segment_not_present
                0x0000000000001376                stack_exception
                0x000000000000137a                general_protection
                0x000000000000137e                page_fault
                0x0000000000001382                copr_error
                0x00000000000013cb                sys_call
                0x00000000000013eb                restart
 .text          0x0000000000001410       0xa3 kernel/start.o
                0x0000000000001410                cstart
 .text.__x86.get_pc_thunk.bx
                0x00000000000014b3        0x4 kernel/start.o
                0x00000000000014b3                __x86.get_pc_thunk.bx
 .text          0x00000000000014b7      0xa75 kernel/main.o
                0x00000000000014b7                kernel_main
                0x0000000000001803                get_ticks
                0x000000000000184a                untar
                0x0000000000001ad9                shell
                0x0000000000001d4c                Init
                0x0000000000001e95                TestA
                0x0000000000001ea8                TestB
                0x0000000000001ebb                TestC
                0x0000000000001ece                panic
 .text.__x86.get_pc_thunk.ax
                0x0000000000001f2c        0x4 kernel/main.o
                0x0000000000001f2c                __x86.get_pc_thunk.ax
 .text          0x0000000000001f30      0x154 kernel/clock.o
                0x0000000000001f30                clock_handler
                0x0000000000001fd8                milli_delay
                0x0000000000002017                init_clock
 .text          0x0000000000002084      0x7bc kernel/keyboard.o
                0x0000000000002084                keyboard_handler
                0x000000000000210d                init_keyboard
                0x00000000000021db                keyboard_read
 .text          0x0000000000002840      0xb2d kernel/tty.o
                0x0000000000002840                task_tty
                0x0000000000002a77                in_process
                0x0000000000003009                sys_printx
                0x00000000000031d7                dump_tty_buf
 .text          0x000000000000336d      0x8e4 kernel/console.o
                0x000000000000336d                init_screen
                0x00000000000034dc                out_char
                0x000000000000383d                is_current_console
                0x000000000000396a                select_console
                0x00000000000039c1                scroll_screen
 .text.__x86.get_pc_thunk.dx
                0x0000000000003c51        0x4 kernel/console.o
                0x0000000000003c51                __x86.get_pc_thunk.dx
 .text.__x86.get_pc_thunk.cx
                0x0000000000003c55        0x4 kernel/console.o
                0x0000000000003c55                __x86.get_pc_thunk.cx
 .text          0x0000000000003c59      0x174 kernel/i8259.o
                0x0000000000003c59                init_8259A
                0x0000000000003d46                spurious_irq
                0x0000000000003d94                put_irq_handler
 .text          0x0000000000003dcd        0x0 kernel/global.o
 .text          0x0000000000003dcd      0x72a kernel/protect.o
                0x0000000000003dcd                init_prot
                0x00000000000042c1                seg2linear
                0x0000000000004321                init_desc
                0x000000000000439c                exception_handler
 .text          0x00000000000044f7     0x1906 kernel/proc.o
                0x00000000000044f7                schedule
                0x00000000000045b0                sys_sendrec
                0x00000000000046fd                ldt_seg_linear
                0x0000000000004755                va2la
                0x00000000000047d2                reset_msg
                0x00000000000057b1                inform_int
                0x0000000000005956                dump_proc
                0x0000000000005cc8                dump_msg
 .text          0x0000000000005dfd      0x2fc kernel/systask.o
                0x0000000000005dfd                task_sys
 .text          0x00000000000060f9      0xd26 kernel/hd.o
                0x00000000000060f9                task_hd
                0x0000000000006de0                hd_handler
 .text          0x0000000000006e1f      0x196 kernel/shell.o
                0x0000000000006e1f                boot_animation
 *fill*         0x0000000000006fb5        0xb 
 .text          0x0000000000006fc0      0x1a6 kernel/kliba.o
                0x0000000000006fc0                disp_str
                0x0000000000007004                disp_color_str
                0x0000000000007049                out_byte
                0x0000000000007055                in_byte
                0x000000000000705f                port_read
                0x0000000000007072                port_write
                0x0000000000007085                disable_irq
                0x00000000000070ba                enable_irq
                0x00000000000070d9                disable_int
                0x00000000000070db                enable_int
                0x00000000000070dd                glitter
 .text          0x0000000000007166      0x31b kernel/klib.o
                0x0000000000007166                get_boot_params
                0x000000000000720d                get_kernel_map
                0x0000000000007338                itoa
                0x00000000000073f1                disp_int
                0x000000000000742b                delay
 .text          0x0000000000007481       0x88 lib/syslog.o
                0x0000000000007481                syslog
 .text          0x0000000000007509      0x216 mm/main.o
                0x0000000000007509                task_mm
                0x000000000000766c                alloc_mem
                0x0000000000007707                free_mem
 .text          0x000000000000771f      0x6ba mm/forkexit.o
                0x000000000000771f                do_fork
                0x0000000000007aa2                do_exit
                0x0000000000007d00                do_wait
 .text          0x0000000000007dd9      0x3b8 mm/exec.o
                0x0000000000007dd9                do_exec
 .text          0x0000000000008191     0x134d fs/main.o
                0x0000000000008191                task_fs
                0x0000000000008dea                rw_sector
                0x0000000000009047                get_super_block
                0x00000000000090ad                get_inode
                0x0000000000009233                put_inode
                0x000000000000928b                sync_inode
 .text          0x00000000000094de      0xca4 fs/open.o
                0x00000000000094de                do_open
                0x0000000000009a4f                do_close
                0x0000000000009aed                do_lseek
 .text          0x000000000000a182      0x40a fs/misc.o
                0x000000000000a182                do_stat
                0x000000000000a382                search_file
                0x000000000000a4ef                strip_path
 .text          0x000000000000a58c      0x568 fs/read_write.o
                0x000000000000a58c                do_rdwt
 .text          0x000000000000aaf4      0x891 fs/link.o
                0x000000000000aaf4                do_unlink
 .text          0x000000000000b385     0x22ee fs/disklog.o
                0x000000000000b385                disklog
                0x000000000000b97e                dump_fd_graph
 .text          0x000000000000d673       0xd9 lib/orangescrt.a(printf.o)
                0x000000000000d673                printf
                0x000000000000d6f7                printl
 .text          0x000000000000d74c      0x5e8 lib/orangescrt.a(vsprintf.o)
                0x000000000000d989                vsprintf
                0x000000000000dd00                sprintf
 *fill*         0x000000000000dd34        0xc 
 .text          0x000000000000dd40       0x78 lib/orangescrt.a(string.o)
                0x000000000000dd40                memcpy
                0x000000000000dd69                memset
                0x000000000000dd8a                strcpy
                0x000000000000dda2                strlen
 .text          0x000000000000ddb8      0x2bd lib/orangescrt.a(misc.o)
                0x000000000000ddb8                send_recv
                0x000000000000de8d                memcmp
                0x000000000000df0d                strcmp
                0x000000000000df8a                strcat
                0x000000000000dff7                spin
                0x000000000000e025                assertion_failure
 .text          0x000000000000e075       0x7c lib/orangescrt.a(open.o)
                0x000000000000e075                open
 .text          0x000000000000e0f1       0x4b lib/orangescrt.a(read.o)
                0x000000000000e0f1                read
 .text          0x000000000000e13c       0x4b lib/orangescrt.a(write.o)
                0x000000000000e13c                write
 .text          0x000000000000e187       0x3f lib/orangescrt.a(close.o)
                0x000000000000e187                close
 .text          0x000000000000e1c6       0x4b lib/orangescrt.a(lseek.o)
                0x000000000000e1c6                lseek
 .text          0x000000000000e211       0x5f lib/orangescrt.a(getpid.o)
                0x000000000000e211                getpid
 .text          0x000000000000e270       0x7c lib/orangescrt.a(stat.o)
                0x000000000000e270                stat
 .text          0x000000000000e2ec       0x85 lib/orangescrt.a(fork.o)
                0x000000000000e2ec                fork
 .text          0x000000000000e371       0x50 lib/orangescrt.a(wait.o)
                0x000000000000e371                wait
 .text          0x000000000000e3c1      0x27e lib/orangescrt.a(exec.o)
                0x000000000000e3c1                exec
                0x000000000000e445                execl
                0x000000000000e478                execv
 *fill*         0x000000000000e63f        0x1 
 .text          0x000000000000e640       0x28 lib/orangescrt.a(syscall.o)
                0x000000000000e640                sendrec
                0x000000000000e65a                printx
 *(.gnu.warning)

.fini
 *(SORT_NONE(.fini))
                [!provide]                        PROVIDE (__etext = .)
                [!provide]                        PROVIDE (_etext = .)
                [!provide]                        PROVIDE (etext = .)
                0x000000000000f000                . = ALIGN (CONSTANT (MAXPAGESIZE))
                0x000000000000f000                . = SEGMENT_START ("rodata-segment", (ALIGN (CONSTANT (MAXPAGESIZE)) + (. & (CONSTANT (MAXPAGESIZE) - 0x1))))

.rodata         0x000000000000f000     0x2a5b
 *(.rodata .rodata.* .gnu.linkonce.r.*)
 .rodata        0x000000000000f000       0xb7 kernel/main.o
 *fill*         0x000000000000f0b7        0x1 
 .rodata        0x000000000000f0b8       0x64 kernel/keyboard.o
 .rodata        0x000000000000f11c      0x168 kernel/tty.o
 .rodata        0x000000000000f284       0x5b kernel/console.o
 .rodata        0x000000000000f2df       0x11 kernel/i8259.o
 .rodata        0x000000000000f2f0       0x10 kernel/global.o
                0x000000000000f2f0                FSBUF_SIZE
                0x000000000000f2f4                MMBUF_SIZE
                0x000000000000f2f8                LOGBUF_SIZE
                0x000000000000f2fc                LOGDISKBUF_SIZE
 .rodata        0x000000000000f300      0x580 kernel/protect.o
 .rodata        0x000000000000f880      0x5da kernel/proc.o
 .rodata        0x000000000000fe5a       0x11 kernel/systask.o
 *fill*         0x000000000000fe6b        0x1 
 .rodata        0x000000000000fe6c       0xcf kernel/hd.o
 *fill*         0x000000000000ff3b        0x1 
 .rodata        0x000000000000ff3c      0x68d kernel/shell.o
 *fill*         0x00000000000105c9        0x3 
 .rodata        0x00000000000105cc       0x6a kernel/klib.o
 .rodata        0x0000000000010636       0x1e lib/syslog.o
 .rodata        0x0000000000010654       0x9d mm/main.o
 *fill*         0x00000000000106f1        0x3 
 .rodata        0x00000000000106f4       0xe7 mm/forkexit.o
 *fill*         0x00000000000107db        0x1 
 .rodata        0x00000000000107dc       0xa4 mm/exec.o
 .rodata        0x0000000000010880      0x286 fs/main.o
 *fill*         0x0000000000010b06        0x2 
 .rodata        0x0000000000010b08      0x198 fs/open.o
 .rodata        0x0000000000010ca0       0x60 fs/misc.o
 .rodata        0x0000000000010d00      0x164 fs/read_write.o
 .rodata        0x0000000000010e64      0x1ad fs/link.o
 *fill*         0x0000000000011011        0x3 
 .rodata        0x0000000000011014      0x806 fs/disklog.o
 .rodata        0x000000000001181a       0x14 lib/orangescrt.a(printf.o)
 *fill*         0x000000000001182e        0x2 
 .rodata        0x0000000000011830       0x58 lib/orangescrt.a(vsprintf.o)
 .rodata        0x0000000000011888       0xad lib/orangescrt.a(misc.o)
 .rodata        0x0000000000011935       0x23 lib/orangescrt.a(open.o)
 .rodata        0x0000000000011958       0x25 lib/orangescrt.a(getpid.o)
 .rodata        0x000000000001197d       0x23 lib/orangescrt.a(stat.o)
 .rodata        0x00000000000119a0       0x33 lib/orangescrt.a(fork.o)
 *fill*         0x00000000000119d3        0x1 
 .rodata        0x00000000000119d4       0x87 lib/orangescrt.a(exec.o)

.rodata1
 *(.rodata1)

.eh_frame_hdr
 *(.eh_frame_hdr)
 *(.eh_frame_entry .eh_frame_entry.*)

.eh_frame       0x0000000000011a5c     0x14e0
 *(.eh_frame)
 .eh_frame      0x0000000000011a5c       0x50 kernel/start.o
 .eh_frame      0x0000000000011aac      0x128 kernel/main.o
                                        0x154 (size before relaxing)
 .eh_frame      0x0000000000011bd4       0x6c kernel/clock.o
                                         0x98 (size before relaxing)
 .eh_frame      0x0000000000011c40       0xfc kernel/keyboard.o
                                        0x128 (size before relaxing)
 .eh_frame      0x0000000000011d3c      0x15c kernel/tty.o
                                        0x19c (size before relaxing)
 .eh_frame      0x0000000000011e98      0x180 kernel/console.o
                                        0x1c0 (size before relaxing)
 .eh_frame      0x0000000000012018       0x6c kernel/i8259.o
                                         0x98 (size before relaxing)
 .eh_frame      0x0000000000012084       0xb8 kernel/protect.o
                                         0xf8 (size before relaxing)
 .eh_frame      0x000000000001213c      0x1e8 kernel/proc.o
                                        0x23c (size before relaxing)
 .eh_frame      0x0000000000012324       0x64 kernel/systask.o
                                         0xa4 (size before relaxing)
 .eh_frame      0x0000000000012388      0x200 kernel/hd.o
                                        0x240 (size before relaxing)
 .eh_frame      0x0000000000012588       0x24 kernel/shell.o
                                         0x50 (size before relaxing)
 .eh_frame      0x00000000000125ac       0xac kernel/klib.o
                                         0xec (size before relaxing)
 .eh_frame      0x0000000000012658       0x24 lib/syslog.o
                                         0x50 (size before relaxing)
 .eh_frame      0x000000000001267c       0x84 mm/main.o
                                         0xc4 (size before relaxing)
 .eh_frame      0x0000000000012700       0x9c mm/forkexit.o
                                         0xdc (size before relaxing)
 .eh_frame      0x000000000001279c       0x30 mm/exec.o
                                         0x5c (size before relaxing)
 .eh_frame      0x00000000000127cc      0x190 fs/main.o
                                        0x1d0 (size before relaxing)
 .eh_frame      0x000000000001295c      0x13c fs/open.o
                                        0x17c (size before relaxing)
 .eh_frame      0x0000000000012a98       0x7c fs/misc.o
                                         0xbc (size before relaxing)
 .eh_frame      0x0000000000012b14       0x30 fs/read_write.o
                                         0x5c (size before relaxing)
 .eh_frame      0x0000000000012b44       0x30 fs/link.o
                                         0x5c (size before relaxing)
 .eh_frame      0x0000000000012b74       0x60 fs/disklog.o
                                         0x8c (size before relaxing)
 .eh_frame      0x0000000000012bd4       0x48 lib/orangescrt.a(printf.o)
                                         0x74 (size before relaxing)
 .eh_frame      0x0000000000012c1c       0xb0 lib/orangescrt.a(vsprintf.o)
                                         0xf0 (size before relaxing)
 .eh_frame      0x0000000000012ccc       0xc4 lib/orangescrt.a(misc.o)
                                        0x104 (size before relaxing)
 .eh_frame      0x0000000000012d90       0x24 lib/orangescrt.a(open.o)
                                         0x50 (size before relaxing)
 .eh_frame      0x0000000000012db4       0x24 lib/orangescrt.a(read.o)
                                         0x50 (size before relaxing)
 .eh_frame      0x0000000000012dd8       0x24 lib/orangescrt.a(write.o)
                                         0x50 (size before relaxing)
 .eh_frame      0x0000000000012dfc       0x24 lib/orangescrt.a(close.o)
                                         0x50 (size before relaxing)
 .eh_frame      0x0000000000012e20       0x24 lib/orangescrt.a(lseek.o)
                                         0x50 (size before relaxing)
 .eh_frame      0x0000000000012e44       0x24 lib/orangescrt.a(getpid.o)
                                         0x50 (size before relaxing)
 .eh_frame      0x0000000000012e68       0x24 lib/orangescrt.a(stat.o)
                                         0x50 (size before relaxing)
 .eh_frame      0x0000000000012e8c       0x24 lib/orangescrt.a(fork.o)
                                         0x50 (size before relaxing)
 .eh_frame      0x0000000000012eb0       0x24 lib/orangescrt.a(wait.o)
                                         0x50 (size before relaxing)
 .eh_frame      0x0000000000012ed4       0x68 lib/orangescrt.a(exec.o)
                                         0xa8 (size before relaxing)
 *(.eh_frame.*)

.gcc_except_table
 *(.gcc_except_table .gcc_except_table.*)

.gnu_extab
 *(.gnu_extab*)

.exception_ranges
 *(.exception_ranges*)
                0x0000000000014000                . = DATA_SEGMENT_ALIGN (CONSTANT (MAXPAGESIZE), CONSTANT (COMMONPAGESIZE))

.eh_frame
 *(.eh_frame)
 *(.eh_frame.*)

.gnu_extab
 *(.gnu_extab)

.gcc_except_table
 *(.gcc_except_table .gcc_except_table.*)

.exception_ranges
 *(.exception_ranges*)

.tdata          0x0000000000014000        0x0
                [!provide]                        PROVIDE (__tdata_start = .)
 *(.tdata .tdata.* .gnu.linkonce.td.*)

.tbss
 *(.tbss .tbss.* .gnu.linkonce.tb.*)
 *(.tcommon)

.preinit_array  0x0000000000014000        0x0
                [!provide]                        PROVIDE (__preinit_array_start = .)
 *(.preinit_array)
                [!provide]                        PROVIDE (__preinit_array_end = .)

.init_array     0x0000000000014000        0x0
                [!provide]                        PROVIDE (__init_array_start = .)
 *(SORT_BY_INIT_PRIORITY(.init_array.*) SORT_BY_INIT_PRIORITY(.ctors.*))
 *(.init_array EXCLUDE_FILE(*crtend?.o *crtend.o *crtbegin?.o *crtbegin.o) .ctors)
                [!provide]                        PROVIDE (__init_array_end = .)

.fini_array     0x0000000000014000        0x0
                [!provide]                        PROVIDE (__fini_array_start = .)
 *(SORT_BY_INIT_PRIORITY(.fini_array.*) SORT_BY_INIT_PRIORITY(.dtors.*))
 *(.fini_array EXCLUDE_FILE(*crtend?.o *crtend.o *crtbegin?.o *crtbegin.o) .dtors)
                [!provide]                        PROVIDE (__fini_array_end = .)

.ctors
 *crtbegin.o(.ctors)
 *crtbegin?.o(.ctors)
 *(EXCLUDE_FILE(*crtend?.o *crtend.o) .ctors)
 *(SORT_BY_NAME(.ctors.*))
 *(.ctors)

.dtors
 *crtbegin.o(.dtors)
 *crtbegin?.o(.dtors)
 *(EXCLUDE_FILE(*crtend?.o *crtend.o) .dtors)
 *(SORT_BY_NAME(.dtors.*))
 *(.dtors)

.jcr
 *(.jcr)

.data.rel.ro
 *(.data.rel.ro.local* .gnu.linkonce.d.rel.ro.local.*)
 *(.data.rel.ro .data.rel.ro.* .gnu.linkonce.d.rel.ro.*)

.dynamic
 *(.dynamic)

.got            0x0000000000014000        0x0
 *(.got)
 .got           0x0000000000014000        0x0 kernel/kernel.o
 *(.igot)
                0x0000000000014ff4                . = DATA_SEGMENT_RELRO_END (., (SIZEOF (.got.plt) >= 0xc)?0xc:0x0)

.got.plt        0x0000000000014000        0xc
 *(.got.plt)
 .got.plt       0x0000000000014000        0xc kernel/kernel.o
                0x0000000000014000                _GLOBAL_OFFSET_TABLE_
 *(.igot.plt)
 .igot.plt      0x000000000001400c        0x0 kernel/kernel.o

.data           0x0000000000014020      0x80c
 *(.data .data.* .gnu.linkonce.d.*)
 .data          0x0000000000014020        0x2 kernel/kernel.o
 .data          0x0000000000014022        0x0 kernel/start.o
 .data          0x0000000000014022        0x0 kernel/main.o
 .data          0x0000000000014022        0x0 kernel/clock.o
 *fill*         0x0000000000014022       0x1e 
 .data          0x0000000000014040      0x600 kernel/keyboard.o
                0x0000000000014040                keymap
 .data          0x0000000000014640       0x22 kernel/tty.o
 .data          0x0000000000014662        0x0 kernel/console.o
 .data          0x0000000000014662        0x0 kernel/i8259.o
 *fill*         0x0000000000014662        0x2 
 .data          0x0000000000014664       0x28 kernel/global.o
                0x0000000000014664                dd_map
                0x000000000001467c                fsbuf
                0x0000000000014680                mmbuf
                0x0000000000014684                logbuf
                0x0000000000014688                logdiskbuf
 *fill*         0x000000000001468c       0x14 
 .data.rel      0x00000000000146a0      0x18c kernel/global.o
                0x00000000000146a0                task_table
                0x0000000000014780                user_proc_table
                0x0000000000014820                sys_call_table
 .data          0x000000000001482c        0x0 kernel/protect.o
 .data          0x000000000001482c        0x0 kernel/proc.o
 .data          0x000000000001482c        0x0 kernel/systask.o
 .data          0x000000000001482c        0x0 kernel/hd.o
 .data          0x000000000001482c        0x0 kernel/shell.o
 .data          0x000000000001482c        0x0 kernel/klib.o
 .data          0x000000000001482c        0x0 lib/syslog.o
 .data          0x000000000001482c        0x0 mm/main.o
 .data          0x000000000001482c        0x0 mm/forkexit.o
 .data          0x000000000001482c        0x0 mm/exec.o
 .data          0x000000000001482c        0x0 fs/main.o
 .data          0x000000000001482c        0x0 fs/open.o
 .data          0x000000000001482c        0x0 fs/misc.o
 .data          0x000000000001482c        0x0 fs/read_write.o
 .data          0x000000000001482c        0x0 fs/link.o
 .data          0x000000000001482c        0x0 fs/disklog.o
 .data          0x000000000001482c        0x0 lib/orangescrt.a(printf.o)
 .data          0x000000000001482c        0x0 lib/orangescrt.a(vsprintf.o)
 .data          0x000000000001482c        0x0 lib/orangescrt.a(misc.o)
 .data          0x000000000001482c        0x0 lib/orangescrt.a(open.o)
 .data          0x000000000001482c        0x0 lib/orangescrt.a(read.o)
 .data          0x000000000001482c        0x0 lib/orangescrt.a(write.o)
 .data          0x000000000001482c        0x0 lib/orangescrt.a(close.o)
 .data          0x000000000001482c        0x0 lib/orangescrt.a(lseek.o)
 .data          0x000000000001482c        0x0 lib/orangescrt.a(getpid.o)
 .data          0x000000000001482c        0x0 lib/orangescrt.a(stat.o)
 .data          0x000000000001482c        0x0 lib/orangescrt.a(fork.o)
 .data          0x000000000001482c        0x0 lib/orangescrt.a(wait.o)
 .data          0x000000000001482c        0x0 lib/orangescrt.a(exec.o)

.data1
 *(.data1)
                0x000000000001482c                _edata = .
                [!provide]                        PROVIDE (edata = .)
                0x000000000001482c                . = .
                0x000000000001482c                __bss_start = .

.bss            0x0000000000014840    0x2b788
 *(.dynbss)
 *(.bss .bss.* .gnu.linkonce.b.*)
 .bss           0x0000000000014840      0x800 kernel/kernel.o
 .bss           0x0000000000015040        0x0 kernel/start.o
 .bss           0x0000000000015040        0x0 kernel/main.o
 .bss           0x0000000000015040        0x0 kernel/clock.o
 .bss           0x0000000000015040       0x58 kernel/keyboard.o
 .bss           0x0000000000015098        0x0 kernel/tty.o
 .bss           0x0000000000015098        0x0 kernel/console.o
 .bss           0x0000000000015098        0x0 kernel/i8259.o
 .bss           0x0000000000015098        0x0 kernel/global.o
 .bss           0x0000000000015098        0x0 kernel/protect.o
 .bss           0x0000000000015098        0x0 kernel/proc.o
 .bss           0x0000000000015098        0x0 kernel/systask.o
 *fill*         0x0000000000015098        0x8 
 .bss           0x00000000000150a0      0x64c kernel/hd.o
 .bss           0x00000000000156ec        0x0 kernel/shell.o
 .bss           0x00000000000156ec        0x0 kernel/klib.o
 .bss           0x00000000000156ec        0x0 lib/syslog.o
 .bss           0x00000000000156ec        0x0 mm/main.o
 .bss           0x00000000000156ec        0x0 mm/forkexit.o
 .bss           0x00000000000156ec        0x0 mm/exec.o
 .bss           0x00000000000156ec        0x0 fs/main.o
 .bss           0x00000000000156ec        0x0 fs/open.o
 .bss           0x00000000000156ec        0x0 fs/misc.o
 .bss           0x00000000000156ec        0x0 fs/read_write.o
 .bss           0x00000000000156ec        0x0 fs/link.o
 *fill*         0x00000000000156ec       0x14 
 .bss           0x0000000000015700      0x208 fs/disklog.o
 .bss           0x0000000000015908        0x0 lib/orangescrt.a(printf.o)
 .bss           0x0000000000015908        0x0 lib/orangescrt.a(vsprintf.o)
 .bss           0x0000000000015908        0x0 lib/orangescrt.a(misc.o)
 .bss           0x0000000000015908        0x0 lib/orangescrt.a(open.o)
 .bss           0x0000000000015908        0x0 lib/orangescrt.a(read.o)
 .bss           0x0000000000015908        0x0 lib/orangescrt.a(write.o)
 .bss           0x0000000000015908        0x0 lib/orangescrt.a(close.o)
 .bss           0x0000000000015908        0x0 lib/orangescrt.a(lseek.o)
 .bss           0x0000000000015908        0x0 lib/orangescrt.a(getpid.o)
 .bss           0x0000000000015908        0x0 lib/orangescrt.a(stat.o)
 .bss           0x0000000000015908        0x0 lib/orangescrt.a(fork.o)
 .bss           0x0000000000015908        0x0 lib/orangescrt.a(wait.o)
 .bss           0x0000000000015908        0x0 lib/orangescrt.a(exec.o)
 *(COMMON)
 COMMON         0x0000000000015908        0xa kernel/console.o
                0x0000000000015908                help2
                0x000000000001590f                help1
 *fill*         0x0000000000015912        0xe 
 COMMON         0x0000000000015920    0x2a698 kernel/global.o
                0x0000000000015920                idt_ptr
                0x0000000000015940                inode_table
                0x0000000000016440                task_stack
                0x000000000003a440                k_reenter
                0x000000000003a460                gdt
                0x000000000003a860                current_console
                0x000000000003a864                pcaller
                0x000000000003a880                tty_table
                0x000000000003b500                tss
                0x000000000003b580                fs_msg
                0x000000000003b5b0                memory_size
                0x000000000003b5c0                f_desc_table
                0x000000000003b9c0                doInstall
                0x000000000003b9c4                root_inode
                0x000000000003b9c8                disp_pos
                0x000000000003b9e0                mm_msg
                0x000000000003ba10                key_pressed
                0x000000000003ba14                gdt_ptr
                0x000000000003ba20                idt
                0x000000000003c220                super_block
                0x000000000003c400                ticks
                0x000000000003c420                console_table
                0x000000000003c460                irq_table
                0x000000000003c4a0                p_proc_ready
                0x000000000003c4c0                proc_table
 COMMON         0x000000000003ffb8       0x10 kernel/hd.o
                0x000000000003ffb8                PARTITION_ENTRY
                0x000000000003ffc8                . = ALIGN ((. != 0x0)?0x4:0x1)
                0x000000000003ffc8                . = ALIGN (0x4)
                0x000000000003ffc8                . = SEGMENT_START ("ldata-segment", .)
                0x000000000003ffc8                . = ALIGN (0x4)
                0x000000000003ffc8                _end = .
                [!provide]                        PROVIDE (end = .)
                0x000000000003ffc8                . = DATA_SEGMENT_END (.)

.stab
 *(.stab)

.stabstr
 *(.stabstr)

.stab.excl
 *(.stab.excl)

.stab.exclstr
 *(.stab.exclstr)

.stab.index
 *(.stab.index)

.stab.indexstr
 *(.stab.indexstr)

.comment        0x0000000000000000       0x2a
 *(.comment)
 .comment       0x0000000000000000       0x2a kernel/start.o
                                         0x2b (size before relaxing)
 .comment       0x000000000000002a       0x2b kernel/main.o
 .comment       0x000000000000002a       0x2b kernel/clock.o
 .comment       0x000000000000002a       0x2b kernel/keyboard.o
 .comment       0x000000000000002a       0x2b kernel/tty.o
 .comment       0x000000000000002a       0x2b kernel/console.o
 .comment       0x000000000000002a       0x2b kernel/i8259.o
 .comment       0x000000000000002a       0x2b kernel/global.o
 .comment       0x000000000000002a       0x2b kernel/protect.o
 .comment       0x000000000000002a       0x2b kernel/proc.o
 .comment       0x000000000000002a       0x2b kernel/systask.o
 .comment       0x000000000000002a       0x2b kernel/hd.o
 .comment       0x000000000000002a       0x2b kernel/shell.o
 .comment       0x000000000000002a       0x2b kernel/klib.o
 .comment       0x000000000000002a       0x2b lib/syslog.o
 .comment       0x000000000000002a       0x2b mm/main.o
 .comment       0x000000000000002a       0x2b mm/forkexit.o
 .comment       0x000000000000002a       0x2b mm/exec.o
 .comment       0x000000000000002a       0x2b fs/main.o
 .comment       0x000000000000002a       0x2b fs/open.o
 .comment       0x000000000000002a       0x2b fs/misc.o
 .comment       0x000000000000002a       0x2b fs/read_write.o
 .comment       0x000000000000002a       0x2b fs/link.o
 .comment       0x000000000000002a       0x2b fs/disklog.o
 .comment       0x000000000000002a       0x2b lib/orangescrt.a(printf.o)
 .comment       0x000000000000002a       0x2b lib/orangescrt.a(vsprintf.o)
 .comment       0x000000000000002a       0x2b lib/orangescrt.a(misc.o)
 .comment       0x000000000000002a       0x2b lib/orangescrt.a(open.o)
 .comment       0x000000000000002a       0x2b lib/orangescrt.a(read.o)
 .comment       0x000000000000002a       0x2b lib/orangescrt.a(write.o)
 .comment       0x000000000000002a       0x2b lib/orangescrt.a(close.o)
 .comment       0x000000000000002a       0x2b lib/orangescrt.a(lseek.o)
 .comment       0x000000000000002a       0x2b lib/orangescrt.a(getpid.o)
 .comment       0x000000000000002a       0x2b lib/orangescrt.a(stat.o)
 .comment       0x000000000000002a       0x2b lib/orangescrt.a(fork.o)
 .comment       0x000000000000002a       0x2b lib/orangescrt.a(wait.o)
 .comment       0x000000000000002a       0x2b lib/orangescrt.a(exec.o)

.gnu.build.attributes
 *(.gnu.build.attributes .gnu.build.attributes.*)

.debug
 *(.debug)

.line
 *(.line)

.debug_srcinfo
 *(.debug_srcinfo)

.debug_sfnames
 *(.debug_sfnames)

.debug_aranges
 *(.debug_aranges)

.debug_pubnames
 *(.debug_pubnames)

.debug_info
 *(.debug_info .gnu.linkonce.wi.*)

.debug_abbrev
 *(.debug_abbrev)

.debug_line
 *(.debug_line .debug_line.* .debug_line_end)

.debug_frame
 *(.debug_frame)

.debug_str
 *(.debug_str)

.debug_loc
 *(.debug_loc)

.debug_macinfo
 *(.debug_macinfo)

.debug_weaknames
 *(.debug_weaknames)

.debug_funcnames
 *(.debug_funcnames)

.debug_typenames
 *(.debug_typenames)

.debug_varnames
 *(.debug_varnames)

.debug_pubtypes
 *(.debug_pubtypes)

.debug_ranges
 *(.debug_ranges)

.debug_macro
 *(.debug_macro)

.debug_addr
 *(.debug_addr)

.gnu.attributes
 *(.gnu.attributes)

/DISCARD/
 *(.note.GNU-stack)
 *(.gnu_debuglink)
 *(.gnu.lto_*)
OUTPUT(kernel.bin elf32-i386)
