Archive member included to satisfy reference by file (symbol)

lib/orangescrt.a(printf.o)    kernel/main.o (printl)
lib/orangescrt.a(vsprintf.o)  kernel/main.o (vsprintf)
lib/orangescrt.a(string.o)    kernel/start.o (memcpy)
lib/orangescrt.a(misc.o)      kernel/main.o (send_recv)
lib/orangescrt.a(open.o)      kernel/main.o (open)
lib/orangescrt.a(read.o)      kernel/main.o (read)
lib/orangescrt.a(write.o)     kernel/main.o (write)
lib/orangescrt.a(close.o)     kernel/main.o (close)
lib/orangescrt.a(lseek.o)     kernel/main.o (lseek)
lib/orangescrt.a(getpid.o)    fs/disklog.o (getpid)
lib/orangescrt.a(stat.o)      mm/exec.o (stat)
lib/orangescrt.a(fork.o)      kernel/main.o (fork)
lib/orangescrt.a(wait.o)      kernel/main.o (wait)
lib/orangescrt.a(exec.o)      kernel/main.o (execv)
lib/orangescrt.a(strequal.o)  kernel/main.o (strequal)
lib/orangescrt.a(createfile.o)
                              kernel/main.o (init_files)
lib/orangescrt.a(syscall.o)   lib/orangescrt.a(misc.o) (sendrec)

Merging program properties

Removed property 0xc0000002 to merge kernel/start.o (0x3) and kernel/kernel.o (not found)
Removed property 0xc0000002 to merge kernel/start.o (not found) and kernel/main.o (0x3)
Removed property 0xc0000002 to merge kernel/start.o (not found) and kernel/clock.o (0x3)
Removed property 0xc0000002 to merge kernel/start.o (not found) and kernel/keyboard.o (0x3)
Removed property 0xc0000002 to merge kernel/start.o (not found) and kernel/tty.o (0x3)
Removed property 0xc0000002 to merge kernel/start.o (not found) and kernel/console.o (0x3)
Removed property 0xc0000002 to merge kernel/start.o (not found) and kernel/i8259.o (0x3)
Removed property 0xc0000002 to merge kernel/start.o (not found) and kernel/global.o (0x3)
Removed property 0xc0000002 to merge kernel/start.o (not found) and kernel/protect.o (0x3)
Removed property 0xc0000002 to merge kernel/start.o (not found) and kernel/proc.o (0x3)
Removed property 0xc0000002 to merge kernel/start.o (not found) and kernel/systask.o (0x3)
Removed property 0xc0000002 to merge kernel/start.o (not found) and kernel/hd.o (0x3)
Removed property 0xc0000002 to merge kernel/start.o (not found) and kernel/shell.o (0x3)
Removed property 0xc0000002 to merge kernel/start.o (not found) and kernel/klib.o (0x3)
Removed property 0xc0000002 to merge kernel/start.o (not found) and lib/syslog.o (0x3)
Removed property 0xc0000002 to merge kernel/start.o (not found) and mm/main.o (0x3)
Removed property 0xc0000002 to merge kernel/start.o (not found) and mm/forkexit.o (0x3)
Removed property 0xc0000002 to merge kernel/start.o (not found) and mm/exec.o (0x3)
Removed property 0xc0000002 to merge kernel/start.o (not found) and fs/main.o (0x3)
Removed property 0xc0000002 to merge kernel/start.o (not found) and fs/open.o (0x3)
Removed property 0xc0000002 to merge kernel/start.o (not found) and fs/misc.o (0x3)
Removed property 0xc0000002 to merge kernel/start.o (not found) and fs/read_write.o (0x3)
Removed property 0xc0000002 to merge kernel/start.o (not found) and fs/link.o (0x3)
Removed property 0xc0000002 to merge kernel/start.o (not found) and fs/disklog.o (0x3)
Removed property 0xc0000002 to merge kernel/start.o (not found) and lib/orangescrt.a(printf.o) (0x3)
Removed property 0xc0000002 to merge kernel/start.o (not found) and lib/orangescrt.a(vsprintf.o) (0x3)
Removed property 0xc0000002 to merge kernel/start.o (not found) and lib/orangescrt.a(misc.o) (0x3)
Removed property 0xc0000002 to merge kernel/start.o (not found) and lib/orangescrt.a(open.o) (0x3)
Removed property 0xc0000002 to merge kernel/start.o (not found) and lib/orangescrt.a(read.o) (0x3)
Removed property 0xc0000002 to merge kernel/start.o (not found) and lib/orangescrt.a(write.o) (0x3)
Removed property 0xc0000002 to merge kernel/start.o (not found) and lib/orangescrt.a(close.o) (0x3)
Removed property 0xc0000002 to merge kernel/start.o (not found) and lib/orangescrt.a(lseek.o) (0x3)
Removed property 0xc0000002 to merge kernel/start.o (not found) and lib/orangescrt.a(getpid.o) (0x3)
Removed property 0xc0000002 to merge kernel/start.o (not found) and lib/orangescrt.a(stat.o) (0x3)
Removed property 0xc0000002 to merge kernel/start.o (not found) and lib/orangescrt.a(fork.o) (0x3)
Removed property 0xc0000002 to merge kernel/start.o (not found) and lib/orangescrt.a(wait.o) (0x3)
Removed property 0xc0000002 to merge kernel/start.o (not found) and lib/orangescrt.a(exec.o) (0x3)
Removed property 0xc0000002 to merge kernel/start.o (not found) and lib/orangescrt.a(strequal.o) (0x3)
Removed property 0xc0000002 to merge kernel/start.o (not found) and lib/orangescrt.a(createfile.o) (0x3)

Allocating common symbols
Common symbol       size              file

idt_ptr             0x6               kernel/global.o
inode_table         0xb00             kernel/global.o
task_stack          0x24000           kernel/global.o
k_reenter           0x4               kernel/global.o
gdt                 0x400             kernel/global.o
help2               0x7               kernel/console.o
current_console     0x4               kernel/global.o
pcaller             0x4               kernel/global.o
all                 0x6               kernel/console.o
tty_table           0xc6c             kernel/global.o
tss                 0x68              kernel/global.o
fs_msg              0x6ac             kernel/global.o
system_files        0x177             kernel/start.o
memory_size         0x4               kernel/global.o
f_desc_table        0x400             kernel/global.o
doInstall           0x4               kernel/global.o
root_inode          0x4               kernel/global.o
disp_pos            0x4               kernel/global.o
mm_msg              0x6ac             kernel/global.o
key_pressed         0x4               kernel/global.o
gdt_ptr             0x6               kernel/global.o
idt                 0x800             kernel/global.o
super_block         0x1e0             kernel/global.o
PARTITION_ENTRY     0x10              kernel/hd.o
ticks               0x4               kernel/global.o
console_table       0x3c              kernel/global.o
help1               0x3               kernel/console.o
irq_table           0x40              kernel/global.o
p_proc_ready        0x4               kernel/global.o
proc_table          0x3af8            kernel/global.o

Discarded input sections

 .group         0x0000000000000000        0x8 kernel/start.o
 .note.GNU-stack
                0x0000000000000000        0x0 kernel/start.o
 .note.gnu.property
                0x0000000000000000       0x1c kernel/start.o
 .group         0x0000000000000000        0x8 kernel/main.o
 .group         0x0000000000000000        0x8 kernel/main.o
 .text.__x86.get_pc_thunk.bx
                0x0000000000000000        0x4 kernel/main.o
 .note.GNU-stack
                0x0000000000000000        0x0 kernel/main.o
 .note.gnu.property
                0x0000000000000000       0x1c kernel/main.o
 .group         0x0000000000000000        0x8 kernel/clock.o
 .text.__x86.get_pc_thunk.bx
                0x0000000000000000        0x4 kernel/clock.o
 .note.GNU-stack
                0x0000000000000000        0x0 kernel/clock.o
 .note.gnu.property
                0x0000000000000000       0x1c kernel/clock.o
 .group         0x0000000000000000        0x8 kernel/keyboard.o
 .text.__x86.get_pc_thunk.bx
                0x0000000000000000        0x4 kernel/keyboard.o
 .note.GNU-stack
                0x0000000000000000        0x0 kernel/keyboard.o
 .note.gnu.property
                0x0000000000000000       0x1c kernel/keyboard.o
 .group         0x0000000000000000        0x8 kernel/tty.o
 .group         0x0000000000000000        0x8 kernel/tty.o
 .text.__x86.get_pc_thunk.ax
                0x0000000000000000        0x4 kernel/tty.o
 .text.__x86.get_pc_thunk.bx
                0x0000000000000000        0x4 kernel/tty.o
 .note.GNU-stack
                0x0000000000000000        0x0 kernel/tty.o
 .note.gnu.property
                0x0000000000000000       0x1c kernel/tty.o
 .group         0x0000000000000000        0x8 kernel/console.o
 .group         0x0000000000000000        0x8 kernel/console.o
 .group         0x0000000000000000        0x8 kernel/console.o
 .group         0x0000000000000000        0x8 kernel/console.o
 .text.__x86.get_pc_thunk.ax
                0x0000000000000000        0x4 kernel/console.o
 .text.__x86.get_pc_thunk.bx
                0x0000000000000000        0x4 kernel/console.o
 .note.GNU-stack
                0x0000000000000000        0x0 kernel/console.o
 .note.gnu.property
                0x0000000000000000       0x1c kernel/console.o
 .group         0x0000000000000000        0x8 kernel/i8259.o
 .text.__x86.get_pc_thunk.bx
                0x0000000000000000        0x4 kernel/i8259.o
 .note.GNU-stack
                0x0000000000000000        0x0 kernel/i8259.o
 .note.gnu.property
                0x0000000000000000       0x1c kernel/i8259.o
 .note.GNU-stack
                0x0000000000000000        0x0 kernel/global.o
 .note.gnu.property
                0x0000000000000000       0x1c kernel/global.o
 .group         0x0000000000000000        0x8 kernel/protect.o
 .group         0x0000000000000000        0x8 kernel/protect.o
 .text.__x86.get_pc_thunk.ax
                0x0000000000000000        0x4 kernel/protect.o
 .text.__x86.get_pc_thunk.bx
                0x0000000000000000        0x4 kernel/protect.o
 .note.GNU-stack
                0x0000000000000000        0x0 kernel/protect.o
 .note.gnu.property
                0x0000000000000000       0x1c kernel/protect.o
 .group         0x0000000000000000        0x8 kernel/proc.o
 .group         0x0000000000000000        0x8 kernel/proc.o
 .group         0x0000000000000000        0x8 kernel/proc.o
 .text.__x86.get_pc_thunk.ax
                0x0000000000000000        0x4 kernel/proc.o
 .text.__x86.get_pc_thunk.dx
                0x0000000000000000        0x4 kernel/proc.o
 .text.__x86.get_pc_thunk.bx
                0x0000000000000000        0x4 kernel/proc.o
 .note.GNU-stack
                0x0000000000000000        0x0 kernel/proc.o
 .note.gnu.property
                0x0000000000000000       0x1c kernel/proc.o
 .group         0x0000000000000000        0x8 kernel/systask.o
 .group         0x0000000000000000        0x8 kernel/systask.o
 .text.__x86.get_pc_thunk.ax
                0x0000000000000000        0x4 kernel/systask.o
 .text.__x86.get_pc_thunk.bx
                0x0000000000000000        0x4 kernel/systask.o
 .note.GNU-stack
                0x0000000000000000        0x0 kernel/systask.o
 .note.gnu.property
                0x0000000000000000       0x1c kernel/systask.o
 .group         0x0000000000000000        0x8 kernel/hd.o
 .group         0x0000000000000000        0x8 kernel/hd.o
 .text.__x86.get_pc_thunk.ax
                0x0000000000000000        0x4 kernel/hd.o
 .text.__x86.get_pc_thunk.bx
                0x0000000000000000        0x4 kernel/hd.o
 .note.GNU-stack
                0x0000000000000000        0x0 kernel/hd.o
 .note.gnu.property
                0x0000000000000000       0x1c kernel/hd.o
 .group         0x0000000000000000        0x8 kernel/shell.o
 .group         0x0000000000000000        0x8 kernel/shell.o
 .text.__x86.get_pc_thunk.ax
                0x0000000000000000        0x4 kernel/shell.o
 .text.__x86.get_pc_thunk.bx
                0x0000000000000000        0x4 kernel/shell.o
 .note.GNU-stack
                0x0000000000000000        0x0 kernel/shell.o
 .note.gnu.property
                0x0000000000000000       0x1c kernel/shell.o
 .group         0x0000000000000000        0x8 kernel/klib.o
 .group         0x0000000000000000        0x8 kernel/klib.o
 .text.__x86.get_pc_thunk.ax
                0x0000000000000000        0x4 kernel/klib.o
 .text.__x86.get_pc_thunk.bx
                0x0000000000000000        0x4 kernel/klib.o
 .note.GNU-stack
                0x0000000000000000        0x0 kernel/klib.o
 .note.gnu.property
                0x0000000000000000       0x1c kernel/klib.o
 .group         0x0000000000000000        0x8 lib/syslog.o
 .text.__x86.get_pc_thunk.bx
                0x0000000000000000        0x4 lib/syslog.o
 .note.GNU-stack
                0x0000000000000000        0x0 lib/syslog.o
 .note.gnu.property
                0x0000000000000000       0x1c lib/syslog.o
 .group         0x0000000000000000        0x8 mm/main.o
 .group         0x0000000000000000        0x8 mm/main.o
 .text.__x86.get_pc_thunk.ax
                0x0000000000000000        0x4 mm/main.o
 .text.__x86.get_pc_thunk.bx
                0x0000000000000000        0x4 mm/main.o
 .note.GNU-stack
                0x0000000000000000        0x0 mm/main.o
 .note.gnu.property
                0x0000000000000000       0x1c mm/main.o
 .group         0x0000000000000000        0x8 mm/forkexit.o
 .group         0x0000000000000000        0x8 mm/forkexit.o
 .text.__x86.get_pc_thunk.ax
                0x0000000000000000        0x4 mm/forkexit.o
 .text.__x86.get_pc_thunk.bx
                0x0000000000000000        0x4 mm/forkexit.o
 .note.GNU-stack
                0x0000000000000000        0x0 mm/forkexit.o
 .note.gnu.property
                0x0000000000000000       0x1c mm/forkexit.o
 .group         0x0000000000000000        0x8 mm/exec.o
 .text.__x86.get_pc_thunk.bx
                0x0000000000000000        0x4 mm/exec.o
 .note.GNU-stack
                0x0000000000000000        0x0 mm/exec.o
 .note.gnu.property
                0x0000000000000000       0x1c mm/exec.o
 .group         0x0000000000000000        0x8 fs/main.o
 .group         0x0000000000000000        0x8 fs/main.o
 .text.__x86.get_pc_thunk.ax
                0x0000000000000000        0x4 fs/main.o
 .text.__x86.get_pc_thunk.bx
                0x0000000000000000        0x4 fs/main.o
 .note.GNU-stack
                0x0000000000000000        0x0 fs/main.o
 .note.gnu.property
                0x0000000000000000       0x1c fs/main.o
 .group         0x0000000000000000        0x8 fs/open.o
 .group         0x0000000000000000        0x8 fs/open.o
 .text.__x86.get_pc_thunk.ax
                0x0000000000000000        0x4 fs/open.o
 .text.__x86.get_pc_thunk.bx
                0x0000000000000000        0x4 fs/open.o
 .note.GNU-stack
                0x0000000000000000        0x0 fs/open.o
 .note.gnu.property
                0x0000000000000000       0x1c fs/open.o
 .group         0x0000000000000000        0x8 fs/misc.o
 .group         0x0000000000000000        0x8 fs/misc.o
 .text.__x86.get_pc_thunk.cx
                0x0000000000000000        0x4 fs/misc.o
 .text.__x86.get_pc_thunk.bx
                0x0000000000000000        0x4 fs/misc.o
 .note.GNU-stack
                0x0000000000000000        0x0 fs/misc.o
 .note.gnu.property
                0x0000000000000000       0x1c fs/misc.o
 .group         0x0000000000000000        0x8 fs/read_write.o
 .text.__x86.get_pc_thunk.bx
                0x0000000000000000        0x4 fs/read_write.o
 .note.GNU-stack
                0x0000000000000000        0x0 fs/read_write.o
 .note.gnu.property
                0x0000000000000000       0x1c fs/read_write.o
 .group         0x0000000000000000        0x8 fs/link.o
 .text.__x86.get_pc_thunk.bx
                0x0000000000000000        0x4 fs/link.o
 .note.GNU-stack
                0x0000000000000000        0x0 fs/link.o
 .note.gnu.property
                0x0000000000000000       0x1c fs/link.o
 .group         0x0000000000000000        0x8 fs/disklog.o
 .text.__x86.get_pc_thunk.bx
                0x0000000000000000        0x4 fs/disklog.o
 .note.GNU-stack
                0x0000000000000000        0x0 fs/disklog.o
 .note.gnu.property
                0x0000000000000000       0x1c fs/disklog.o
 .group         0x0000000000000000        0x8 lib/orangescrt.a(printf.o)
 .text.__x86.get_pc_thunk.bx
                0x0000000000000000        0x4 lib/orangescrt.a(printf.o)
 .note.GNU-stack
                0x0000000000000000        0x0 lib/orangescrt.a(printf.o)
 .note.gnu.property
                0x0000000000000000       0x1c lib/orangescrt.a(printf.o)
 .group         0x0000000000000000        0x8 lib/orangescrt.a(vsprintf.o)
 .group         0x0000000000000000        0x8 lib/orangescrt.a(vsprintf.o)
 .text.__x86.get_pc_thunk.ax
                0x0000000000000000        0x4 lib/orangescrt.a(vsprintf.o)
 .text.__x86.get_pc_thunk.bx
                0x0000000000000000        0x4 lib/orangescrt.a(vsprintf.o)
 .note.GNU-stack
                0x0000000000000000        0x0 lib/orangescrt.a(vsprintf.o)
 .note.gnu.property
                0x0000000000000000       0x1c lib/orangescrt.a(vsprintf.o)
 .group         0x0000000000000000        0x8 lib/orangescrt.a(misc.o)
 .group         0x0000000000000000        0x8 lib/orangescrt.a(misc.o)
 .text.__x86.get_pc_thunk.ax
                0x0000000000000000        0x4 lib/orangescrt.a(misc.o)
 .text.__x86.get_pc_thunk.bx
                0x0000000000000000        0x4 lib/orangescrt.a(misc.o)
 .note.GNU-stack
                0x0000000000000000        0x0 lib/orangescrt.a(misc.o)
 .note.gnu.property
                0x0000000000000000       0x1c lib/orangescrt.a(misc.o)
 .group         0x0000000000000000        0x8 lib/orangescrt.a(open.o)
 .text.__x86.get_pc_thunk.bx
                0x0000000000000000        0x4 lib/orangescrt.a(open.o)
 .note.GNU-stack
                0x0000000000000000        0x0 lib/orangescrt.a(open.o)
 .note.gnu.property
                0x0000000000000000       0x1c lib/orangescrt.a(open.o)
 .group         0x0000000000000000        0x8 lib/orangescrt.a(read.o)
 .text.__x86.get_pc_thunk.ax
                0x0000000000000000        0x4 lib/orangescrt.a(read.o)
 .note.GNU-stack
                0x0000000000000000        0x0 lib/orangescrt.a(read.o)
 .note.gnu.property
                0x0000000000000000       0x1c lib/orangescrt.a(read.o)
 .group         0x0000000000000000        0x8 lib/orangescrt.a(write.o)
 .text.__x86.get_pc_thunk.ax
                0x0000000000000000        0x4 lib/orangescrt.a(write.o)
 .note.GNU-stack
                0x0000000000000000        0x0 lib/orangescrt.a(write.o)
 .note.gnu.property
                0x0000000000000000       0x1c lib/orangescrt.a(write.o)
 .group         0x0000000000000000        0x8 lib/orangescrt.a(close.o)
 .text.__x86.get_pc_thunk.ax
                0x0000000000000000        0x4 lib/orangescrt.a(close.o)
 .note.GNU-stack
                0x0000000000000000        0x0 lib/orangescrt.a(close.o)
 .note.gnu.property
                0x0000000000000000       0x1c lib/orangescrt.a(close.o)
 .group         0x0000000000000000        0x8 lib/orangescrt.a(lseek.o)
 .text.__x86.get_pc_thunk.ax
                0x0000000000000000        0x4 lib/orangescrt.a(lseek.o)
 .note.GNU-stack
                0x0000000000000000        0x0 lib/orangescrt.a(lseek.o)
 .note.gnu.property
                0x0000000000000000       0x1c lib/orangescrt.a(lseek.o)
 .group         0x0000000000000000        0x8 lib/orangescrt.a(getpid.o)
 .text.__x86.get_pc_thunk.bx
                0x0000000000000000        0x4 lib/orangescrt.a(getpid.o)
 .note.GNU-stack
                0x0000000000000000        0x0 lib/orangescrt.a(getpid.o)
 .note.gnu.property
                0x0000000000000000       0x1c lib/orangescrt.a(getpid.o)
 .group         0x0000000000000000        0x8 lib/orangescrt.a(stat.o)
 .text.__x86.get_pc_thunk.bx
                0x0000000000000000        0x4 lib/orangescrt.a(stat.o)
 .note.GNU-stack
                0x0000000000000000        0x0 lib/orangescrt.a(stat.o)
 .note.gnu.property
                0x0000000000000000       0x1c lib/orangescrt.a(stat.o)
 .group         0x0000000000000000        0x8 lib/orangescrt.a(fork.o)
 .text.__x86.get_pc_thunk.bx
                0x0000000000000000        0x4 lib/orangescrt.a(fork.o)
 .note.GNU-stack
                0x0000000000000000        0x0 lib/orangescrt.a(fork.o)
 .note.gnu.property
                0x0000000000000000       0x1c lib/orangescrt.a(fork.o)
 .group         0x0000000000000000        0x8 lib/orangescrt.a(wait.o)
 .text.__x86.get_pc_thunk.ax
                0x0000000000000000        0x4 lib/orangescrt.a(wait.o)
 .note.GNU-stack
                0x0000000000000000        0x0 lib/orangescrt.a(wait.o)
 .note.gnu.property
                0x0000000000000000       0x1c lib/orangescrt.a(wait.o)
 .group         0x0000000000000000        0x8 lib/orangescrt.a(exec.o)
 .group         0x0000000000000000        0x8 lib/orangescrt.a(exec.o)
 .text.__x86.get_pc_thunk.ax
                0x0000000000000000        0x4 lib/orangescrt.a(exec.o)
 .text.__x86.get_pc_thunk.bx
                0x0000000000000000        0x4 lib/orangescrt.a(exec.o)
 .note.GNU-stack
                0x0000000000000000        0x0 lib/orangescrt.a(exec.o)
 .note.gnu.property
                0x0000000000000000       0x1c lib/orangescrt.a(exec.o)
 .group         0x0000000000000000        0x8 lib/orangescrt.a(strequal.o)
 .text.__x86.get_pc_thunk.ax
                0x0000000000000000        0x4 lib/orangescrt.a(strequal.o)
 .note.GNU-stack
                0x0000000000000000        0x0 lib/orangescrt.a(strequal.o)
 .note.gnu.property
                0x0000000000000000       0x1c lib/orangescrt.a(strequal.o)
 .group         0x0000000000000000        0x8 lib/orangescrt.a(createfile.o)
 .group         0x0000000000000000        0x8 lib/orangescrt.a(createfile.o)
 .text.__x86.get_pc_thunk.ax
                0x0000000000000000        0x4 lib/orangescrt.a(createfile.o)
 .text.__x86.get_pc_thunk.bx
                0x0000000000000000        0x4 lib/orangescrt.a(createfile.o)
 .note.GNU-stack
                0x0000000000000000        0x0 lib/orangescrt.a(createfile.o)
 .note.gnu.property
                0x0000000000000000       0x1c lib/orangescrt.a(createfile.o)

Memory Configuration

Name             Origin             Length             Attributes
*default*        0x0000000000000000 0xffffffffffffffff

Linker script and memory map

Address of section .text set to 0x1000
LOAD kernel/kernel.o
LOAD kernel/start.o
LOAD kernel/main.o
LOAD kernel/clock.o
LOAD kernel/keyboard.o
LOAD kernel/tty.o
LOAD kernel/console.o
LOAD kernel/i8259.o
LOAD kernel/global.o
LOAD kernel/protect.o
LOAD kernel/proc.o
LOAD kernel/systask.o
LOAD kernel/hd.o
LOAD kernel/shell.o
LOAD kernel/kliba.o
LOAD kernel/klib.o
LOAD lib/syslog.o
LOAD mm/main.o
LOAD mm/forkexit.o
LOAD mm/exec.o
LOAD fs/main.o
LOAD fs/open.o
LOAD fs/misc.o
LOAD fs/read_write.o
LOAD fs/link.o
LOAD fs/disklog.o
LOAD lib/orangescrt.a
                [!provide]                        PROVIDE (__executable_start = SEGMENT_START ("text-segment", 0x8048000))
                0x00000000080480d4                . = (SEGMENT_START ("text-segment", 0x8048000) + SIZEOF_HEADERS)

.interp
 *(.interp)

.note.gnu.build-id
 *(.note.gnu.build-id)

.hash
 *(.hash)

.gnu.hash
 *(.gnu.hash)

.dynsym
 *(.dynsym)

.dynstr
 *(.dynstr)

.gnu.version
 *(.gnu.version)

.gnu.version_d
 *(.gnu.version_d)

.gnu.version_r
 *(.gnu.version_r)

.rel.dyn        0x00000000080480d4        0x0
 *(.rel.init)
 *(.rel.text .rel.text.* .rel.gnu.linkonce.t.*)
 .rel.text      0x00000000080480d4        0x0 kernel/kernel.o
 *(.rel.fini)
 *(.rel.rodata .rel.rodata.* .rel.gnu.linkonce.r.*)
 *(.rel.data.rel.ro .rel.data.rel.ro.* .rel.gnu.linkonce.d.rel.ro.*)
 *(.rel.data .rel.data.* .rel.gnu.linkonce.d.*)
 *(.rel.tdata .rel.tdata.* .rel.gnu.linkonce.td.*)
 *(.rel.tbss .rel.tbss.* .rel.gnu.linkonce.tb.*)
 *(.rel.ctors)
 *(.rel.dtors)
 *(.rel.got)
 .rel.got       0x00000000080480d4        0x0 kernel/kernel.o
 *(.rel.bss .rel.bss.* .rel.gnu.linkonce.b.*)
 *(.rel.ifunc)

.rel.plt        0x00000000080480d4        0x0
 *(.rel.plt)
                [!provide]                        PROVIDE (__rel_iplt_start = .)
 *(.rel.iplt)
 .rel.iplt      0x00000000080480d4        0x0 kernel/kernel.o
                [!provide]                        PROVIDE (__rel_iplt_end = .)
                0x0000000008049000                . = ALIGN (CONSTANT (MAXPAGESIZE))

.init
 *(SORT_NONE(.init))

.plt            0x0000000008049000        0x0
 *(.plt)
 *(.iplt)
 .iplt          0x0000000008049000        0x0 kernel/kernel.o

.plt.got
 *(.plt.got)

.plt.sec
 *(.plt.sec)

.text           0x0000000000001000     0xe6e8
 *(.text.unlikely .text.*_unlikely .text.unlikely.*)
 *(.text.exit .text.exit.*)
 *(.text.startup .text.startup.*)
 *(.text.hot .text.hot.*)
 *(SORT_BY_NAME(.text.sorted.*))
 *(.text .stub .text.* .gnu.linkonce.t.*)
 .text          0x0000000000001000      0x410 kernel/kernel.o
                0x0000000000001000                _start
                0x0000000000001040                hwint00
                0x0000000000001070                hwint01
                0x00000000000010a0                hwint02
                0x00000000000010d0                hwint03
                0x0000000000001100                hwint04
                0x0000000000001130                hwint05
                0x0000000000001160                hwint06
                0x0000000000001190                hwint07
                0x00000000000011c0                hwint08
                0x00000000000011f0                hwint09
                0x0000000000001220                hwint10
                0x0000000000001250                hwint11
                0x0000000000001280                hwint12
                0x00000000000012b0                hwint13
                0x00000000000012e0                hwint14
                0x0000000000001310                hwint15
                0x0000000000001334                divide_error
                0x000000000000133a                single_step_exception
                0x0000000000001340                nmi
                0x0000000000001346                breakpoint_exception
                0x000000000000134c                overflow
                0x0000000000001352                bounds_check
                0x0000000000001358                inval_opcode
                0x000000000000135e                copr_not_available
                0x0000000000001364                double_fault
                0x0000000000001368                copr_seg_overrun
                0x000000000000136e                inval_tss
                0x0000000000001372                segment_not_present
                0x0000000000001376                stack_exception
                0x000000000000137a                general_protection
                0x000000000000137e                page_fault
                0x0000000000001382                copr_error
                0x00000000000013cb                sys_call
                0x00000000000013eb                restart
 .text          0x0000000000001410       0xa3 kernel/start.o
                0x0000000000001410                cstart
 .text.__x86.get_pc_thunk.bx
                0x00000000000014b3        0x4 kernel/start.o
                0x00000000000014b3                __x86.get_pc_thunk.bx
 .text          0x00000000000014b7      0xb44 kernel/main.o
                0x00000000000014b7                kernel_main
                0x0000000000001803                get_ticks
                0x0000000000001859                untar
                0x0000000000001ae8                shell
                0x0000000000001d60                Init
                0x0000000000001ea9                ps_monitor
                0x0000000000001f11                fs_monitor
                0x0000000000001f24                mm_monitor
                0x0000000000001f9d                panic
 .text.__x86.get_pc_thunk.ax
                0x0000000000001ffb        0x4 kernel/main.o
                0x0000000000001ffb                __x86.get_pc_thunk.ax
 .text          0x0000000000001fff      0x154 kernel/clock.o
                0x0000000000001fff                clock_handler
                0x00000000000020a7                milli_delay
                0x00000000000020e6                init_clock
 .text          0x0000000000002153      0x7bc kernel/keyboard.o
                0x0000000000002153                keyboard_handler
                0x00000000000021dc                init_keyboard
                0x00000000000022aa                keyboard_read
 .text          0x000000000000290f      0xb61 kernel/tty.o
                0x000000000000290f                task_tty
                0x0000000000002b6b                in_process
                0x000000000000310c                sys_printx
                0x00000000000032da                dump_tty_buf
 .text          0x0000000000003470      0x8e4 kernel/console.o
                0x0000000000003470                init_screen
                0x00000000000035df                out_char
                0x00000000000038f7                clear_screen
                0x0000000000003940                is_current_console
                0x0000000000003a6d                select_console
                0x0000000000003ac4                scroll_screen
 .text.__x86.get_pc_thunk.dx
                0x0000000000003d54        0x4 kernel/console.o
                0x0000000000003d54                __x86.get_pc_thunk.dx
 .text.__x86.get_pc_thunk.cx
                0x0000000000003d58        0x4 kernel/console.o
                0x0000000000003d58                __x86.get_pc_thunk.cx
 .text          0x0000000000003d5c      0x174 kernel/i8259.o
                0x0000000000003d5c                init_8259A
                0x0000000000003e49                spurious_irq
                0x0000000000003e97                put_irq_handler
 .text          0x0000000000003ed0        0x0 kernel/global.o
 .text          0x0000000000003ed0      0x72a kernel/protect.o
                0x0000000000003ed0                init_prot
                0x00000000000043c4                seg2linear
                0x0000000000004424                init_desc
                0x000000000000449f                exception_handler
 .text          0x00000000000045fa     0x1900 kernel/proc.o
                0x00000000000045fa                schedule
                0x00000000000046c1                sys_sendrec
                0x000000000000480e                ldt_seg_linear
                0x0000000000004866                va2la
                0x00000000000048e3                reset_msg
                0x00000000000058ae                inform_int
                0x0000000000005a53                dump_proc
                0x0000000000005dc5                dump_msg
 .text          0x0000000000005efa      0x783 kernel/systask.o
                0x0000000000005efa                task_sys
 .text          0x000000000000667d      0xd4a kernel/hd.o
                0x000000000000667d                task_hd
                0x0000000000007388                hd_handler
 .text          0x00000000000073c7      0x75d kernel/shell.o
                0x00000000000073c7                boot_animation
 *fill*         0x0000000000007b24        0xc 
 .text          0x0000000000007b30      0x1a6 kernel/kliba.o
                0x0000000000007b30                disp_str
                0x0000000000007b74                disp_color_str
                0x0000000000007bb9                out_byte
                0x0000000000007bc5                in_byte
                0x0000000000007bcf                port_read
                0x0000000000007be2                port_write
                0x0000000000007bf5                disable_irq
                0x0000000000007c2a                enable_irq
                0x0000000000007c49                disable_int
                0x0000000000007c4b                enable_int
                0x0000000000007c4d                glitter
 .text          0x0000000000007cd6      0x31b kernel/klib.o
                0x0000000000007cd6                get_boot_params
                0x0000000000007d7d                get_kernel_map
                0x0000000000007ea8                itoa
                0x0000000000007f61                disp_int
                0x0000000000007f9b                delay
 .text          0x0000000000007ff1       0x88 lib/syslog.o
                0x0000000000007ff1                syslog
 .text          0x0000000000008079      0x216 mm/main.o
                0x0000000000008079                task_mm
                0x00000000000081dc                alloc_mem
                0x0000000000008277                free_mem
 .text          0x000000000000828f      0x706 mm/forkexit.o
                0x000000000000828f                do_fork
                0x000000000000861b                do_exit
                0x00000000000088b0                do_wait
 .text          0x0000000000008995      0x3b8 mm/exec.o
                0x0000000000008995                do_exec
 .text          0x0000000000008d4d     0x153e fs/main.o
                0x0000000000008d4d                task_fs
                0x00000000000099ed                rw_sector
                0x0000000000009c8c                get_super_block
                0x0000000000009cf2                get_inode
                0x0000000000009e78                put_inode
                0x0000000000009ed0                sync_inode
 .text          0x000000000000a28b      0xb1f fs/open.o
                0x000000000000a28b                do_open
                0x000000000000a6eb                do_close
                0x000000000000a789                do_lseek
 .text          0x000000000000adaa      0x40a fs/misc.o
                0x000000000000adaa                do_stat
                0x000000000000afaa                search_file
                0x000000000000b117                strip_path
 .text          0x000000000000b1b4      0x499 fs/read_write.o
                0x000000000000b1b4                do_rdwt
 .text          0x000000000000b64d      0x6a3 fs/link.o
                0x000000000000b64d                do_unlink
 .text          0x000000000000bcf0     0x21db fs/disklog.o
                0x000000000000bcf0                disklog
                0x000000000000c2a3                dump_fd_graph
 .text          0x000000000000decb       0xd9 lib/orangescrt.a(printf.o)
                0x000000000000decb                printf
                0x000000000000df4f                printl
 .text          0x000000000000dfa4      0x5e8 lib/orangescrt.a(vsprintf.o)
                0x000000000000e1e1                vsprintf
                0x000000000000e558                sprintf
 *fill*         0x000000000000e58c        0x4 
 .text          0x000000000000e590       0x78 lib/orangescrt.a(string.o)
                0x000000000000e590                memcpy
                0x000000000000e5b9                memset
                0x000000000000e5da                strcpy
                0x000000000000e5f2                strlen
 .text          0x000000000000e608      0x2c0 lib/orangescrt.a(misc.o)
                0x000000000000e608                send_recv
                0x000000000000e6e0                memcmp
                0x000000000000e760                strcmp
                0x000000000000e7dd                strcat
                0x000000000000e84a                spin
                0x000000000000e878                assertion_failure
 .text          0x000000000000e8c8       0x94 lib/orangescrt.a(open.o)
                0x000000000000e8c8                open
 .text          0x000000000000e95c       0x60 lib/orangescrt.a(read.o)
                0x000000000000e95c                read
 .text          0x000000000000e9bc       0x60 lib/orangescrt.a(write.o)
                0x000000000000e9bc                write
 .text          0x000000000000ea1c       0x4e lib/orangescrt.a(close.o)
                0x000000000000ea1c                close
 .text          0x000000000000ea6a       0x60 lib/orangescrt.a(lseek.o)
                0x000000000000ea6a                lseek
 .text          0x000000000000eaca       0x6e lib/orangescrt.a(getpid.o)
                0x000000000000eaca                getpid
 .text          0x000000000000eb38       0x94 lib/orangescrt.a(stat.o)
                0x000000000000eb38                stat
 .text          0x000000000000ebcc       0x97 lib/orangescrt.a(fork.o)
                0x000000000000ebcc                fork
 .text          0x000000000000ec63       0x62 lib/orangescrt.a(wait.o)
                0x000000000000ec63                wait
 .text          0x000000000000ecc5      0x299 lib/orangescrt.a(exec.o)
                0x000000000000ecc5                exec
                0x000000000000ed64                execl
                0x000000000000ed97                execv
 .text          0x000000000000ef5e      0x165 lib/orangescrt.a(strequal.o)
                0x000000000000ef5e                init_help
                0x000000000000efdc                init_all
                0x000000000000f02b                strequal
 .text          0x000000000000f0c3      0x5fd lib/orangescrt.a(createfile.o)
                0x000000000000f0c3                init_files
                0x000000000000f62e                createfile
 .text          0x000000000000f6c0       0x28 lib/orangescrt.a(syscall.o)
                0x000000000000f6c0                sendrec
                0x000000000000f6da                printx
 *(.gnu.warning)

.fini
 *(SORT_NONE(.fini))
                [!provide]                        PROVIDE (__etext = .)
                [!provide]                        PROVIDE (_etext = .)
                [!provide]                        PROVIDE (etext = .)
                0x0000000000010000                . = ALIGN (CONSTANT (MAXPAGESIZE))
                0x0000000000010000                . = SEGMENT_START ("rodata-segment", (ALIGN (CONSTANT (MAXPAGESIZE)) + (. & (CONSTANT (MAXPAGESIZE) - 0x1))))

.rodata         0x0000000000010000     0x2ba3
 *(.rodata .rodata.* .gnu.linkonce.r.*)
 .rodata        0x0000000000010000       0xe1 kernel/main.o
 *fill*         0x00000000000100e1        0x3 
 .rodata        0x00000000000100e4       0x64 kernel/keyboard.o
 .rodata        0x0000000000010148      0x168 kernel/tty.o
 .rodata        0x00000000000102b0       0x5b kernel/console.o
 .rodata        0x000000000001030b       0x11 kernel/i8259.o
 .rodata        0x000000000001031c       0x10 kernel/global.o
                0x000000000001031c                FSBUF_SIZE
                0x0000000000010320                MMBUF_SIZE
                0x0000000000010324                LOGBUF_SIZE
                0x0000000000010328                LOGDISKBUF_SIZE
 *fill*         0x000000000001032c       0x14 
 .rodata        0x0000000000010340      0x580 kernel/protect.o
 .rodata        0x00000000000108c0      0x5da kernel/proc.o
 .rodata        0x0000000000010e9a       0x11 kernel/systask.o
 *fill*         0x0000000000010eab        0x1 
 .rodata        0x0000000000010eac       0xcf kernel/hd.o
 *fill*         0x0000000000010f7b        0x1 
 .rodata        0x0000000000010f7c      0xb25 kernel/shell.o
 *fill*         0x0000000000011aa1        0x3 
 .rodata        0x0000000000011aa4       0x6a kernel/klib.o
 .rodata        0x0000000000011b0e       0x1e lib/syslog.o
 .rodata        0x0000000000011b2c       0x9d mm/main.o
 *fill*         0x0000000000011bc9        0x3 
 .rodata        0x0000000000011bcc       0xe7 mm/forkexit.o
 *fill*         0x0000000000011cb3        0x1 
 .rodata        0x0000000000011cb4       0xa4 mm/exec.o
 .rodata        0x0000000000011d58      0x2ca fs/main.o
 *fill*         0x0000000000012022        0x2 
 .rodata        0x0000000000012024       0x91 fs/open.o
 *fill*         0x00000000000120b5        0x3 
 .rodata        0x00000000000120b8       0x60 fs/misc.o
 .rodata        0x0000000000012118       0x94 fs/read_write.o
 .rodata        0x00000000000121ac        0x2 fs/link.o
 *fill*         0x00000000000121ae        0x2 
 .rodata        0x00000000000121b0      0x7b3 fs/disklog.o
 .rodata        0x0000000000012963       0x14 lib/orangescrt.a(printf.o)
 *fill*         0x0000000000012977        0x1 
 .rodata        0x0000000000012978       0x58 lib/orangescrt.a(vsprintf.o)
 .rodata        0x00000000000129d0       0xad lib/orangescrt.a(misc.o)
 .rodata        0x0000000000012a7d       0x23 lib/orangescrt.a(open.o)
 .rodata        0x0000000000012aa0       0x25 lib/orangescrt.a(getpid.o)
 .rodata        0x0000000000012ac5       0x23 lib/orangescrt.a(stat.o)
 .rodata        0x0000000000012ae8       0x33 lib/orangescrt.a(fork.o)
 *fill*         0x0000000000012b1b        0x1 
 .rodata        0x0000000000012b1c       0x87 lib/orangescrt.a(exec.o)

.rodata1
 *(.rodata1)

.eh_frame_hdr
 *(.eh_frame_hdr)
 *(.eh_frame_entry .eh_frame_entry.*)

.eh_frame       0x0000000000012ba4     0x16ac
 *(.eh_frame)
 .eh_frame      0x0000000000012ba4       0x50 kernel/start.o
 .eh_frame      0x0000000000012bf4      0x128 kernel/main.o
                                        0x154 (size before relaxing)
 .eh_frame      0x0000000000012d1c       0x6c kernel/clock.o
                                         0x98 (size before relaxing)
 .eh_frame      0x0000000000012d88       0xfc kernel/keyboard.o
                                        0x128 (size before relaxing)
 .eh_frame      0x0000000000012e84      0x15c kernel/tty.o
                                        0x19c (size before relaxing)
 .eh_frame      0x0000000000012fe0      0x180 kernel/console.o
                                        0x1c0 (size before relaxing)
 .eh_frame      0x0000000000013160       0x6c kernel/i8259.o
                                         0x98 (size before relaxing)
 .eh_frame      0x00000000000131cc       0xb8 kernel/protect.o
                                         0xf8 (size before relaxing)
 .eh_frame      0x0000000000013284      0x1e8 kernel/proc.o
                                        0x23c (size before relaxing)
 .eh_frame      0x000000000001346c       0xb0 kernel/systask.o
                                         0xf0 (size before relaxing)
 .eh_frame      0x000000000001351c      0x200 kernel/hd.o
                                        0x240 (size before relaxing)
 .eh_frame      0x000000000001371c       0xd4 kernel/shell.o
                                        0x114 (size before relaxing)
 .eh_frame      0x00000000000137f0       0xac kernel/klib.o
                                         0xec (size before relaxing)
 .eh_frame      0x000000000001389c       0x24 lib/syslog.o
                                         0x50 (size before relaxing)
 .eh_frame      0x00000000000138c0       0x84 mm/main.o
                                         0xc4 (size before relaxing)
 .eh_frame      0x0000000000013944       0x9c mm/forkexit.o
                                         0xdc (size before relaxing)
 .eh_frame      0x00000000000139e0       0x30 mm/exec.o
                                         0x5c (size before relaxing)
 .eh_frame      0x0000000000013a10      0x1bc fs/main.o
                                        0x1fc (size before relaxing)
 .eh_frame      0x0000000000013bcc      0x13c fs/open.o
                                        0x17c (size before relaxing)
 .eh_frame      0x0000000000013d08       0x7c fs/misc.o
                                         0xbc (size before relaxing)
 .eh_frame      0x0000000000013d84       0x30 fs/read_write.o
                                         0x5c (size before relaxing)
 .eh_frame      0x0000000000013db4       0x30 fs/link.o
                                         0x5c (size before relaxing)
 .eh_frame      0x0000000000013de4       0x60 fs/disklog.o
                                         0x8c (size before relaxing)
 .eh_frame      0x0000000000013e44       0x48 lib/orangescrt.a(printf.o)
                                         0x74 (size before relaxing)
 .eh_frame      0x0000000000013e8c       0xb0 lib/orangescrt.a(vsprintf.o)
                                         0xf0 (size before relaxing)
 .eh_frame      0x0000000000013f3c       0xc4 lib/orangescrt.a(misc.o)
                                        0x104 (size before relaxing)
 .eh_frame      0x0000000000014000       0x24 lib/orangescrt.a(open.o)
                                         0x50 (size before relaxing)
 .eh_frame      0x0000000000014024       0x24 lib/orangescrt.a(read.o)
                                         0x50 (size before relaxing)
 .eh_frame      0x0000000000014048       0x24 lib/orangescrt.a(write.o)
                                         0x50 (size before relaxing)
 .eh_frame      0x000000000001406c       0x24 lib/orangescrt.a(close.o)
                                         0x50 (size before relaxing)
 .eh_frame      0x0000000000014090       0x24 lib/orangescrt.a(lseek.o)
                                         0x50 (size before relaxing)
 .eh_frame      0x00000000000140b4       0x24 lib/orangescrt.a(getpid.o)
                                         0x50 (size before relaxing)
 .eh_frame      0x00000000000140d8       0x24 lib/orangescrt.a(stat.o)
                                         0x50 (size before relaxing)
 .eh_frame      0x00000000000140fc       0x24 lib/orangescrt.a(fork.o)
                                         0x50 (size before relaxing)
 .eh_frame      0x0000000000014120       0x24 lib/orangescrt.a(wait.o)
                                         0x50 (size before relaxing)
 .eh_frame      0x0000000000014144       0x68 lib/orangescrt.a(exec.o)
                                         0xa8 (size before relaxing)
 .eh_frame      0x00000000000141ac       0x60 lib/orangescrt.a(strequal.o)
                                         0x8c (size before relaxing)
 .eh_frame      0x000000000001420c       0x44 lib/orangescrt.a(createfile.o)
                                         0x84 (size before relaxing)
 *(.eh_frame.*)

.gcc_except_table
 *(.gcc_except_table .gcc_except_table.*)

.gnu_extab
 *(.gnu_extab*)

.exception_ranges
 *(.exception_ranges*)
                0x0000000000016000                . = DATA_SEGMENT_ALIGN (CONSTANT (MAXPAGESIZE), CONSTANT (COMMONPAGESIZE))

.eh_frame
 *(.eh_frame)
 *(.eh_frame.*)

.gnu_extab
 *(.gnu_extab)

.gcc_except_table
 *(.gcc_except_table .gcc_except_table.*)

.exception_ranges
 *(.exception_ranges*)

.tdata          0x0000000000016000        0x0
                [!provide]                        PROVIDE (__tdata_start = .)
 *(.tdata .tdata.* .gnu.linkonce.td.*)

.tbss
 *(.tbss .tbss.* .gnu.linkonce.tb.*)
 *(.tcommon)

.preinit_array  0x0000000000016000        0x0
                [!provide]                        PROVIDE (__preinit_array_start = .)
 *(.preinit_array)
                [!provide]                        PROVIDE (__preinit_array_end = .)

.init_array     0x0000000000016000        0x0
                [!provide]                        PROVIDE (__init_array_start = .)
 *(SORT_BY_INIT_PRIORITY(.init_array.*) SORT_BY_INIT_PRIORITY(.ctors.*))
 *(.init_array EXCLUDE_FILE(*crtend?.o *crtend.o *crtbegin?.o *crtbegin.o) .ctors)
                [!provide]                        PROVIDE (__init_array_end = .)

.fini_array     0x0000000000016000        0x0
                [!provide]                        PROVIDE (__fini_array_start = .)
 *(SORT_BY_INIT_PRIORITY(.fini_array.*) SORT_BY_INIT_PRIORITY(.dtors.*))
 *(.fini_array EXCLUDE_FILE(*crtend?.o *crtend.o *crtbegin?.o *crtbegin.o) .dtors)
                [!provide]                        PROVIDE (__fini_array_end = .)

.ctors
 *crtbegin.o(.ctors)
 *crtbegin?.o(.ctors)
 *(EXCLUDE_FILE(*crtend?.o *crtend.o) .ctors)
 *(SORT_BY_NAME(.ctors.*))
 *(.ctors)

.dtors
 *crtbegin.o(.dtors)
 *crtbegin?.o(.dtors)
 *(EXCLUDE_FILE(*crtend?.o *crtend.o) .dtors)
 *(SORT_BY_NAME(.dtors.*))
 *(.dtors)

.jcr
 *(.jcr)

.data.rel.ro
 *(.data.rel.ro.local* .gnu.linkonce.d.rel.ro.local.*)
 *(.data.rel.ro .data.rel.ro.* .gnu.linkonce.d.rel.ro.*)

.dynamic
 *(.dynamic)

.got            0x0000000000016000        0x0
 *(.got)
 .got           0x0000000000016000        0x0 kernel/kernel.o
 *(.igot)
                0x0000000000016ff4                . = DATA_SEGMENT_RELRO_END (., (SIZEOF (.got.plt) >= 0xc)?0xc:0x0)

.got.plt        0x0000000000016000        0xc
 *(.got.plt)
 .got.plt       0x0000000000016000        0xc kernel/kernel.o
                0x0000000000016000                _GLOBAL_OFFSET_TABLE_
 *(.igot.plt)
 .igot.plt      0x000000000001600c        0x0 kernel/kernel.o

.data           0x0000000000016020      0x80c
 *(.data .data.* .gnu.linkonce.d.*)
 .data          0x0000000000016020        0x2 kernel/kernel.o
 .data          0x0000000000016022        0x0 kernel/start.o
 .data          0x0000000000016022        0x0 kernel/main.o
 .data          0x0000000000016022        0x0 kernel/clock.o
 *fill*         0x0000000000016022       0x1e 
 .data          0x0000000000016040      0x600 kernel/keyboard.o
                0x0000000000016040                keymap
 .data          0x0000000000016640       0x22 kernel/tty.o
 .data          0x0000000000016662        0x0 kernel/console.o
 .data          0x0000000000016662        0x0 kernel/i8259.o
 *fill*         0x0000000000016662        0x2 
 .data          0x0000000000016664       0x28 kernel/global.o
                0x0000000000016664                dd_map
                0x000000000001667c                fsbuf
                0x0000000000016680                mmbuf
                0x0000000000016684                logbuf
                0x0000000000016688                logdiskbuf
 *fill*         0x000000000001668c       0x14 
 .data.rel      0x00000000000166a0      0x18c kernel/global.o
                0x00000000000166a0                task_table
                0x0000000000016780                user_proc_table
                0x0000000000016820                sys_call_table
 .data          0x000000000001682c        0x0 kernel/protect.o
 .data          0x000000000001682c        0x0 kernel/proc.o
 .data          0x000000000001682c        0x0 kernel/systask.o
 .data          0x000000000001682c        0x0 kernel/hd.o
 .data          0x000000000001682c        0x0 kernel/shell.o
 .data          0x000000000001682c        0x0 kernel/klib.o
 .data          0x000000000001682c        0x0 lib/syslog.o
 .data          0x000000000001682c        0x0 mm/main.o
 .data          0x000000000001682c        0x0 mm/forkexit.o
 .data          0x000000000001682c        0x0 mm/exec.o
 .data          0x000000000001682c        0x0 fs/main.o
 .data          0x000000000001682c        0x0 fs/open.o
 .data          0x000000000001682c        0x0 fs/misc.o
 .data          0x000000000001682c        0x0 fs/read_write.o
 .data          0x000000000001682c        0x0 fs/link.o
 .data          0x000000000001682c        0x0 fs/disklog.o
 .data          0x000000000001682c        0x0 lib/orangescrt.a(printf.o)
 .data          0x000000000001682c        0x0 lib/orangescrt.a(vsprintf.o)
 .data          0x000000000001682c        0x0 lib/orangescrt.a(misc.o)
 .data          0x000000000001682c        0x0 lib/orangescrt.a(open.o)
 .data          0x000000000001682c        0x0 lib/orangescrt.a(read.o)
 .data          0x000000000001682c        0x0 lib/orangescrt.a(write.o)
 .data          0x000000000001682c        0x0 lib/orangescrt.a(close.o)
 .data          0x000000000001682c        0x0 lib/orangescrt.a(lseek.o)
 .data          0x000000000001682c        0x0 lib/orangescrt.a(getpid.o)
 .data          0x000000000001682c        0x0 lib/orangescrt.a(stat.o)
 .data          0x000000000001682c        0x0 lib/orangescrt.a(fork.o)
 .data          0x000000000001682c        0x0 lib/orangescrt.a(wait.o)
 .data          0x000000000001682c        0x0 lib/orangescrt.a(exec.o)
 .data          0x000000000001682c        0x0 lib/orangescrt.a(strequal.o)
 .data          0x000000000001682c        0x0 lib/orangescrt.a(createfile.o)

.data1
 *(.data1)
                0x000000000001682c                _edata = .
                [!provide]                        PROVIDE (edata = .)
                0x000000000001682c                . = .
                0x000000000001682c                __bss_start = .

.bss            0x0000000000016840    0x2c628
 *(.dynbss)
 *(.bss .bss.* .gnu.linkonce.b.*)
 .bss           0x0000000000016840      0x800 kernel/kernel.o
 .bss           0x0000000000017040        0x0 kernel/start.o
 .bss           0x0000000000017040        0x0 kernel/main.o
 .bss           0x0000000000017040        0x0 kernel/clock.o
 .bss           0x0000000000017040       0x58 kernel/keyboard.o
 .bss           0x0000000000017098        0x0 kernel/tty.o
 .bss           0x0000000000017098        0x0 kernel/console.o
 .bss           0x0000000000017098        0x0 kernel/i8259.o
 .bss           0x0000000000017098        0x0 kernel/global.o
 .bss           0x0000000000017098        0x0 kernel/protect.o
 .bss           0x0000000000017098        0x0 kernel/proc.o
 .bss           0x0000000000017098        0x0 kernel/systask.o
 *fill*         0x0000000000017098        0x8 
 .bss           0x00000000000170a0      0x64c kernel/hd.o
 .bss           0x00000000000176ec        0x0 kernel/shell.o
 .bss           0x00000000000176ec        0x0 kernel/klib.o
 .bss           0x00000000000176ec        0x0 lib/syslog.o
 .bss           0x00000000000176ec        0x0 mm/main.o
 .bss           0x00000000000176ec        0x0 mm/forkexit.o
 .bss           0x00000000000176ec        0x0 mm/exec.o
 .bss           0x00000000000176ec        0x0 fs/main.o
 .bss           0x00000000000176ec        0x0 fs/open.o
 .bss           0x00000000000176ec        0x0 fs/misc.o
 .bss           0x00000000000176ec        0x0 fs/read_write.o
 .bss           0x00000000000176ec        0x0 fs/link.o
 *fill*         0x00000000000176ec       0x14 
 .bss           0x0000000000017700      0x208 fs/disklog.o
 .bss           0x0000000000017908        0x0 lib/orangescrt.a(printf.o)
 .bss           0x0000000000017908        0x0 lib/orangescrt.a(vsprintf.o)
 .bss           0x0000000000017908        0x0 lib/orangescrt.a(misc.o)
 .bss           0x0000000000017908        0x0 lib/orangescrt.a(open.o)
 .bss           0x0000000000017908        0x0 lib/orangescrt.a(read.o)
 .bss           0x0000000000017908        0x0 lib/orangescrt.a(write.o)
 .bss           0x0000000000017908        0x0 lib/orangescrt.a(close.o)
 .bss           0x0000000000017908        0x0 lib/orangescrt.a(lseek.o)
 .bss           0x0000000000017908        0x0 lib/orangescrt.a(getpid.o)
 .bss           0x0000000000017908        0x0 lib/orangescrt.a(stat.o)
 .bss           0x0000000000017908        0x0 lib/orangescrt.a(fork.o)
 .bss           0x0000000000017908        0x0 lib/orangescrt.a(wait.o)
 .bss           0x0000000000017908        0x0 lib/orangescrt.a(exec.o)
 .bss           0x0000000000017908        0x0 lib/orangescrt.a(strequal.o)
 .bss           0x0000000000017908        0x0 lib/orangescrt.a(createfile.o)
 *(COMMON)
 *fill*         0x0000000000017908       0x18 
 COMMON         0x0000000000017920      0x177 kernel/start.o
                0x0000000000017920                system_files
 *fill*         0x0000000000017a97        0x1 
 COMMON         0x0000000000017a98       0x11 kernel/console.o
                0x0000000000017a98                help2
                0x0000000000017aa0                all
                0x0000000000017aa6                help1
 *fill*         0x0000000000017aa9       0x17 
 COMMON         0x0000000000017ac0    0x2b398 kernel/global.o
                0x0000000000017ac0                idt_ptr
                0x0000000000017ae0                inode_table
                0x00000000000185e0                task_stack
                0x000000000003c5e0                k_reenter
                0x000000000003c600                gdt
                0x000000000003ca00                current_console
                0x000000000003ca04                pcaller
                0x000000000003ca20                tty_table
                0x000000000003d6a0                tss
                0x000000000003d720                fs_msg
                0x000000000003ddcc                memory_size
                0x000000000003dde0                f_desc_table
                0x000000000003e1e0                doInstall
                0x000000000003e1e4                root_inode
                0x000000000003e1e8                disp_pos
                0x000000000003e200                mm_msg
                0x000000000003e8ac                key_pressed
                0x000000000003e8b0                gdt_ptr
                0x000000000003e8c0                idt
                0x000000000003f0c0                super_block
                0x000000000003f2a0                ticks
                0x000000000003f2c0                console_table
                0x000000000003f300                irq_table
                0x000000000003f340                p_proc_ready
                0x000000000003f360                proc_table
 COMMON         0x0000000000042e58       0x10 kernel/hd.o
                0x0000000000042e58                PARTITION_ENTRY
                0x0000000000042e68                . = ALIGN ((. != 0x0)?0x4:0x1)
                0x0000000000042e68                . = ALIGN (0x4)
                0x0000000000042e68                . = SEGMENT_START ("ldata-segment", .)
                0x0000000000042e68                . = ALIGN (0x4)
                0x0000000000042e68                _end = .
                [!provide]                        PROVIDE (end = .)
                0x0000000000042e68                . = DATA_SEGMENT_END (.)

.stab
 *(.stab)

.stabstr
 *(.stabstr)

.stab.excl
 *(.stab.excl)

.stab.exclstr
 *(.stab.exclstr)

.stab.index
 *(.stab.index)

.stab.indexstr
 *(.stab.indexstr)

.comment        0x0000000000000000       0x2a
 *(.comment)
 .comment       0x0000000000000000       0x2a kernel/start.o
                                         0x2b (size before relaxing)
 .comment       0x000000000000002a       0x2b kernel/main.o
 .comment       0x000000000000002a       0x2b kernel/clock.o
 .comment       0x000000000000002a       0x2b kernel/keyboard.o
 .comment       0x000000000000002a       0x2b kernel/tty.o
 .comment       0x000000000000002a       0x2b kernel/console.o
 .comment       0x000000000000002a       0x2b kernel/i8259.o
 .comment       0x000000000000002a       0x2b kernel/global.o
 .comment       0x000000000000002a       0x2b kernel/protect.o
 .comment       0x000000000000002a       0x2b kernel/proc.o
 .comment       0x000000000000002a       0x2b kernel/systask.o
 .comment       0x000000000000002a       0x2b kernel/hd.o
 .comment       0x000000000000002a       0x2b kernel/shell.o
 .comment       0x000000000000002a       0x2b kernel/klib.o
 .comment       0x000000000000002a       0x2b lib/syslog.o
 .comment       0x000000000000002a       0x2b mm/main.o
 .comment       0x000000000000002a       0x2b mm/forkexit.o
 .comment       0x000000000000002a       0x2b mm/exec.o
 .comment       0x000000000000002a       0x2b fs/main.o
 .comment       0x000000000000002a       0x2b fs/open.o
 .comment       0x000000000000002a       0x2b fs/misc.o
 .comment       0x000000000000002a       0x2b fs/read_write.o
 .comment       0x000000000000002a       0x2b fs/link.o
 .comment       0x000000000000002a       0x2b fs/disklog.o
 .comment       0x000000000000002a       0x2b lib/orangescrt.a(printf.o)
 .comment       0x000000000000002a       0x2b lib/orangescrt.a(vsprintf.o)
 .comment       0x000000000000002a       0x2b lib/orangescrt.a(misc.o)
 .comment       0x000000000000002a       0x2b lib/orangescrt.a(open.o)
 .comment       0x000000000000002a       0x2b lib/orangescrt.a(read.o)
 .comment       0x000000000000002a       0x2b lib/orangescrt.a(write.o)
 .comment       0x000000000000002a       0x2b lib/orangescrt.a(close.o)
 .comment       0x000000000000002a       0x2b lib/orangescrt.a(lseek.o)
 .comment       0x000000000000002a       0x2b lib/orangescrt.a(getpid.o)
 .comment       0x000000000000002a       0x2b lib/orangescrt.a(stat.o)
 .comment       0x000000000000002a       0x2b lib/orangescrt.a(fork.o)
 .comment       0x000000000000002a       0x2b lib/orangescrt.a(wait.o)
 .comment       0x000000000000002a       0x2b lib/orangescrt.a(exec.o)
 .comment       0x000000000000002a       0x2b lib/orangescrt.a(strequal.o)
 .comment       0x000000000000002a       0x2b lib/orangescrt.a(createfile.o)

.gnu.build.attributes
 *(.gnu.build.attributes .gnu.build.attributes.*)

.debug
 *(.debug)

.line
 *(.line)

.debug_srcinfo
 *(.debug_srcinfo)

.debug_sfnames
 *(.debug_sfnames)

.debug_aranges
 *(.debug_aranges)

.debug_pubnames
 *(.debug_pubnames)

.debug_info
 *(.debug_info .gnu.linkonce.wi.*)

.debug_abbrev
 *(.debug_abbrev)

.debug_line
 *(.debug_line .debug_line.* .debug_line_end)

.debug_frame
 *(.debug_frame)

.debug_str
 *(.debug_str)

.debug_loc
 *(.debug_loc)

.debug_macinfo
 *(.debug_macinfo)

.debug_weaknames
 *(.debug_weaknames)

.debug_funcnames
 *(.debug_funcnames)

.debug_typenames
 *(.debug_typenames)

.debug_varnames
 *(.debug_varnames)

.debug_pubtypes
 *(.debug_pubtypes)

.debug_ranges
 *(.debug_ranges)

.debug_macro
 *(.debug_macro)

.debug_addr
 *(.debug_addr)

.gnu.attributes
 *(.gnu.attributes)

/DISCARD/
 *(.note.GNU-stack)
 *(.gnu_debuglink)
 *(.gnu.lto_*)
OUTPUT(kernel.bin elf32-i386)
