
Merging program properties

Removed property 0xc0000002 to merge kernel/start.o (0x3) and kernel/kernel.o (not found)
Removed property 0xc0000002 to merge kernel/start.o (not found) and kernel/main.o (0x3)
Removed property 0xc0000002 to merge kernel/start.o (not found) and kernel/clock.o (0x3)
Removed property 0xc0000002 to merge kernel/start.o (not found) and kernel/keyboard.o (0x3)
Removed property 0xc0000002 to merge kernel/start.o (not found) and kernel/tty.o (0x3)
Removed property 0xc0000002 to merge kernel/start.o (not found) and kernel/console.o (0x3)
Removed property 0xc0000002 to merge kernel/start.o (not found) and kernel/i8259.o (0x3)
Removed property 0xc0000002 to merge kernel/start.o (not found) and kernel/global.o (0x3)
Removed property 0xc0000002 to merge kernel/start.o (not found) and kernel/protect.o (0x3)
Removed property 0xc0000002 to merge kernel/start.o (not found) and kernel/proc.o (0x3)
Removed property 0xc0000002 to merge kernel/start.o (not found) and kernel/systask.o (0x3)
Removed property 0xc0000002 to merge kernel/start.o (not found) and kernel/printf.o (0x3)
Removed property 0xc0000002 to merge kernel/start.o (not found) and kernel/vsprintf.o (0x3)
Removed property 0xc0000002 to merge kernel/start.o (not found) and lib/klib.o (0x3)
Removed property 0xc0000002 to merge kernel/start.o (not found) and lib/misc.o (0x3)

Allocating common symbols
Common symbol       size              file

idt_ptr             0x6               kernel/global.o
task_stack          0x28000           kernel/global.o
k_reenter           0x4               kernel/global.o
gdt                 0x400             kernel/global.o
tty_table           0xc30             kernel/global.o
tss                 0x68              kernel/global.o
nr_current_console  0x4               kernel/global.o
disp_pos            0x4               kernel/global.o
gdt_ptr             0x6               kernel/global.o
idt                 0x800             kernel/global.o
ticks               0x4               kernel/global.o
console_table       0x30              kernel/global.o
irq_table           0x40              kernel/global.o
p_proc_ready        0x4               kernel/global.o
proc_table          0x2f8             kernel/global.o

Discarded input sections

 .group         0x0000000000000000        0x8 kernel/start.o
 .note.GNU-stack
                0x0000000000000000        0x0 kernel/start.o
 .note.gnu.property
                0x0000000000000000       0x1c kernel/start.o
 .group         0x0000000000000000        0x8 kernel/main.o
 .text.__x86.get_pc_thunk.bx
                0x0000000000000000        0x4 kernel/main.o
 .note.GNU-stack
                0x0000000000000000        0x0 kernel/main.o
 .note.gnu.property
                0x0000000000000000       0x1c kernel/main.o
 .group         0x0000000000000000        0x8 kernel/clock.o
 .group         0x0000000000000000        0x8 kernel/clock.o
 .text.__x86.get_pc_thunk.bx
                0x0000000000000000        0x4 kernel/clock.o
 .note.GNU-stack
                0x0000000000000000        0x0 kernel/clock.o
 .note.gnu.property
                0x0000000000000000       0x1c kernel/clock.o
 .group         0x0000000000000000        0x8 kernel/keyboard.o
 .text.__x86.get_pc_thunk.bx
                0x0000000000000000        0x4 kernel/keyboard.o
 .note.GNU-stack
                0x0000000000000000        0x0 kernel/keyboard.o
 .note.gnu.property
                0x0000000000000000       0x1c kernel/keyboard.o
 .group         0x0000000000000000        0x8 kernel/tty.o
 .group         0x0000000000000000        0x8 kernel/tty.o
 .text.__x86.get_pc_thunk.ax
                0x0000000000000000        0x4 kernel/tty.o
 .text.__x86.get_pc_thunk.bx
                0x0000000000000000        0x4 kernel/tty.o
 .note.GNU-stack
                0x0000000000000000        0x0 kernel/tty.o
 .note.gnu.property
                0x0000000000000000       0x1c kernel/tty.o
 .group         0x0000000000000000        0x8 kernel/console.o
 .group         0x0000000000000000        0x8 kernel/console.o
 .group         0x0000000000000000        0x8 kernel/console.o
 .text.__x86.get_pc_thunk.ax
                0x0000000000000000        0x4 kernel/console.o
 .text.__x86.get_pc_thunk.bx
                0x0000000000000000        0x4 kernel/console.o
 .note.GNU-stack
                0x0000000000000000        0x0 kernel/console.o
 .note.gnu.property
                0x0000000000000000       0x1c kernel/console.o
 .group         0x0000000000000000        0x8 kernel/i8259.o
 .text.__x86.get_pc_thunk.bx
                0x0000000000000000        0x4 kernel/i8259.o
 .note.GNU-stack
                0x0000000000000000        0x0 kernel/i8259.o
 .note.gnu.property
                0x0000000000000000       0x1c kernel/i8259.o
 .note.GNU-stack
                0x0000000000000000        0x0 kernel/global.o
 .note.gnu.property
                0x0000000000000000       0x1c kernel/global.o
 .group         0x0000000000000000        0x8 kernel/protect.o
 .group         0x0000000000000000        0x8 kernel/protect.o
 .text.__x86.get_pc_thunk.ax
                0x0000000000000000        0x4 kernel/protect.o
 .text.__x86.get_pc_thunk.bx
                0x0000000000000000        0x4 kernel/protect.o
 .note.GNU-stack
                0x0000000000000000        0x0 kernel/protect.o
 .note.gnu.property
                0x0000000000000000       0x1c kernel/protect.o
 .group         0x0000000000000000        0x8 kernel/proc.o
 .group         0x0000000000000000        0x8 kernel/proc.o
 .group         0x0000000000000000        0x8 kernel/proc.o
 .text.__x86.get_pc_thunk.ax
                0x0000000000000000        0x4 kernel/proc.o
 .text.__x86.get_pc_thunk.bx
                0x0000000000000000        0x4 kernel/proc.o
 .note.GNU-stack
                0x0000000000000000        0x0 kernel/proc.o
 .note.gnu.property
                0x0000000000000000       0x1c kernel/proc.o
 .group         0x0000000000000000        0x8 kernel/systask.o
 .text.__x86.get_pc_thunk.bx
                0x0000000000000000        0x4 kernel/systask.o
 .note.GNU-stack
                0x0000000000000000        0x0 kernel/systask.o
 .note.gnu.property
                0x0000000000000000       0x1c kernel/systask.o
 .group         0x0000000000000000        0x8 kernel/printf.o
 .text.__x86.get_pc_thunk.bx
                0x0000000000000000        0x4 kernel/printf.o
 .note.GNU-stack
                0x0000000000000000        0x0 kernel/printf.o
 .note.gnu.property
                0x0000000000000000       0x1c kernel/printf.o
 .group         0x0000000000000000        0x8 kernel/vsprintf.o
 .group         0x0000000000000000        0x8 kernel/vsprintf.o
 .text.__x86.get_pc_thunk.ax
                0x0000000000000000        0x4 kernel/vsprintf.o
 .text.__x86.get_pc_thunk.bx
                0x0000000000000000        0x4 kernel/vsprintf.o
 .note.GNU-stack
                0x0000000000000000        0x0 kernel/vsprintf.o
 .note.gnu.property
                0x0000000000000000       0x1c kernel/vsprintf.o
 .group         0x0000000000000000        0x8 lib/klib.o
 .group         0x0000000000000000        0x8 lib/klib.o
 .text.__x86.get_pc_thunk.ax
                0x0000000000000000        0x4 lib/klib.o
 .text.__x86.get_pc_thunk.bx
                0x0000000000000000        0x4 lib/klib.o
 .note.GNU-stack
                0x0000000000000000        0x0 lib/klib.o
 .note.gnu.property
                0x0000000000000000       0x1c lib/klib.o
 .group         0x0000000000000000        0x8 lib/misc.o
 .group         0x0000000000000000        0x8 lib/misc.o
 .text.__x86.get_pc_thunk.ax
                0x0000000000000000        0x4 lib/misc.o
 .text.__x86.get_pc_thunk.bx
                0x0000000000000000        0x4 lib/misc.o
 .note.GNU-stack
                0x0000000000000000        0x0 lib/misc.o
 .note.gnu.property
                0x0000000000000000       0x1c lib/misc.o

Memory Configuration

Name             Origin             Length             Attributes
*default*        0x0000000000000000 0xffffffffffffffff

Linker script and memory map

Address of section .text set to 0x30400
LOAD kernel/kernel.o
LOAD kernel/syscall.o
LOAD kernel/start.o
LOAD kernel/main.o
LOAD kernel/clock.o
LOAD kernel/keyboard.o
LOAD kernel/tty.o
LOAD kernel/console.o
LOAD kernel/i8259.o
LOAD kernel/global.o
LOAD kernel/protect.o
LOAD kernel/proc.o
LOAD kernel/systask.o
LOAD kernel/printf.o
LOAD kernel/vsprintf.o
LOAD lib/kliba.o
LOAD lib/klib.o
LOAD lib/string.o
LOAD lib/misc.o
                [!provide]                        PROVIDE (__executable_start = SEGMENT_START ("text-segment", 0x8048000))
                0x00000000080480d4                . = (SEGMENT_START ("text-segment", 0x8048000) + SIZEOF_HEADERS)

.interp
 *(.interp)

.note.gnu.build-id
 *(.note.gnu.build-id)

.hash
 *(.hash)

.gnu.hash
 *(.gnu.hash)

.dynsym
 *(.dynsym)

.dynstr
 *(.dynstr)

.gnu.version
 *(.gnu.version)

.gnu.version_d
 *(.gnu.version_d)

.gnu.version_r
 *(.gnu.version_r)

.rel.dyn        0x00000000080480d4        0x0
 *(.rel.init)
 *(.rel.text .rel.text.* .rel.gnu.linkonce.t.*)
 .rel.text      0x00000000080480d4        0x0 kernel/kernel.o
 *(.rel.fini)
 *(.rel.rodata .rel.rodata.* .rel.gnu.linkonce.r.*)
 *(.rel.data.rel.ro .rel.data.rel.ro.* .rel.gnu.linkonce.d.rel.ro.*)
 *(.rel.data .rel.data.* .rel.gnu.linkonce.d.*)
 *(.rel.tdata .rel.tdata.* .rel.gnu.linkonce.td.*)
 *(.rel.tbss .rel.tbss.* .rel.gnu.linkonce.tb.*)
 *(.rel.ctors)
 *(.rel.dtors)
 *(.rel.got)
 .rel.got       0x00000000080480d4        0x0 kernel/kernel.o
 *(.rel.bss .rel.bss.* .rel.gnu.linkonce.b.*)
 *(.rel.ifunc)

.rel.plt        0x00000000080480d4        0x0
 *(.rel.plt)
                [!provide]                        PROVIDE (__rel_iplt_start = .)
 *(.rel.iplt)
 .rel.iplt      0x00000000080480d4        0x0 kernel/kernel.o
                [!provide]                        PROVIDE (__rel_iplt_end = .)
                0x0000000008049000                . = ALIGN (CONSTANT (MAXPAGESIZE))

.init
 *(SORT_NONE(.init))

.plt            0x0000000008049000        0x0
 *(.plt)
 *(.iplt)
 .iplt          0x0000000008049000        0x0 kernel/kernel.o

.plt.got
 *(.plt.got)

.plt.sec
 *(.plt.sec)

.text           0x0000000000030400     0x43b6
 *(.text.unlikely .text.*_unlikely .text.unlikely.*)
 *(.text.exit .text.exit.*)
 *(.text.startup .text.startup.*)
 *(.text.hot .text.hot.*)
 *(SORT_BY_NAME(.text.sorted.*))
 *(.text .stub .text.* .gnu.linkonce.t.*)
 .text          0x0000000000030400      0x317 kernel/kernel.o
                0x0000000000030400                _start
                0x0000000000030440                hwint00
                0x0000000000030470                hwint01
                0x00000000000304a0                hwint02
                0x00000000000304d0                hwint03
                0x0000000000030500                hwint04
                0x0000000000030530                hwint05
                0x0000000000030560                hwint06
                0x0000000000030590                hwint07
                0x00000000000305c0                hwint08
                0x00000000000305d0                hwint09
                0x00000000000305e0                hwint10
                0x00000000000305f0                hwint11
                0x0000000000030600                hwint12
                0x0000000000030610                hwint13
                0x0000000000030620                hwint14
                0x0000000000030630                hwint15
                0x000000000003063b                divide_error
                0x0000000000030641                single_step_exception
                0x0000000000030647                nmi
                0x000000000003064d                breakpoint_exception
                0x0000000000030653                overflow
                0x0000000000030659                bounds_check
                0x000000000003065f                inval_opcode
                0x0000000000030665                copr_not_available
                0x000000000003066b                double_fault
                0x000000000003066f                copr_seg_overrun
                0x0000000000030675                inval_tss
                0x0000000000030679                segment_not_present
                0x000000000003067d                stack_exception
                0x0000000000030681                general_protection
                0x0000000000030685                page_fault
                0x0000000000030689                copr_error
                0x00000000000306d2                sys_call
                0x00000000000306f2                restart
 *fill*         0x0000000000030717        0x9 
 .text          0x0000000000030720       0x20 kernel/syscall.o
                0x0000000000030720                sendrec
                0x0000000000030734                printx
 .text          0x0000000000030740       0xc7 kernel/start.o
                0x0000000000030740                cstart
 .text.__x86.get_pc_thunk.bx
                0x0000000000030807        0x4 kernel/start.o
                0x0000000000030807                __x86.get_pc_thunk.bx
 .text          0x000000000003080b      0x426 kernel/main.o
                0x000000000003080b                kernel_main
                0x0000000000030ad8                get_ticks
                0x0000000000030b1f                TestA
                0x0000000000030b5f                TestB
                0x0000000000030b99                TestC
                0x0000000000030bd3                panic
 .text          0x0000000000030c31      0x113 kernel/clock.o
                0x0000000000030c31                clock_handler
                0x0000000000030c98                milli_delay
                0x0000000000030cd7                init_clock
 .text.__x86.get_pc_thunk.ax
                0x0000000000030d44        0x4 kernel/clock.o
                0x0000000000030d44                __x86.get_pc_thunk.ax
 .text          0x0000000000030d48      0x75d kernel/keyboard.o
                0x0000000000030d48                keyboard_handler
                0x0000000000030dc5                init_keyboard
                0x0000000000030e89                keyboard_read
 .text          0x00000000000314a5      0x5e5 kernel/tty.o
                0x00000000000314a5                task_tty
                0x0000000000031595                in_process
                0x0000000000031850                tty_write
                0x00000000000318aa                sys_printx
 .text          0x0000000000031a8a      0x4bf kernel/console.o
                0x0000000000031a8a                init_screen
                0x0000000000031bcb                is_current_console
                0x0000000000031bfa                out_char
                0x0000000000031e86                select_console
                0x0000000000031ed0                scroll_screen
 .text.__x86.get_pc_thunk.cx
                0x0000000000031f49        0x4 kernel/console.o
                0x0000000000031f49                __x86.get_pc_thunk.cx
 .text          0x0000000000031f4d      0x174 kernel/i8259.o
                0x0000000000031f4d                init_8259A
                0x000000000003203a                spurious_irq
                0x0000000000032088                put_irq_handler
 .text          0x00000000000320c1        0x0 kernel/global.o
 .text          0x00000000000320c1      0x6d7 kernel/protect.o
                0x00000000000320c1                init_prot
                0x0000000000032562                seg2phys
                0x000000000003263d                exception_handler
 .text          0x0000000000032798     0x18cd kernel/proc.o
                0x0000000000032798                schedule
                0x0000000000032851                sys_sendrec
                0x000000000003299e                send_recv
                0x0000000000032a76                ldt_seg_linear
                0x0000000000032ace                va2la
                0x0000000000032b4b                reset_msg
                0x0000000000033b4e                dump_proc
                0x0000000000033f30                dump_msg
 .text.__x86.get_pc_thunk.dx
                0x0000000000034065        0x4 kernel/proc.o
                0x0000000000034065                __x86.get_pc_thunk.dx
 .text          0x0000000000034069       0x6d kernel/systask.o
                0x0000000000034069                task_sys
 .text          0x00000000000340d6       0x63 kernel/printf.o
                0x00000000000340d6                printf
 .text          0x0000000000034139      0x340 kernel/vsprintf.o
                0x00000000000341ad                vsprintf
                0x0000000000034445                sprintf
 *fill*         0x0000000000034479        0x7 
 .text          0x0000000000034480       0xf3 lib/kliba.o
                0x0000000000034480                disp_str
                0x00000000000344c6                disp_color_str
                0x0000000000034505                out_byte
                0x0000000000034511                in_byte
                0x000000000003451b                disable_irq
                0x0000000000034550                enable_irq
                0x000000000003456f                disable_int
                0x0000000000034571                enable_int
 .text          0x0000000000034573      0x149 lib/klib.o
                0x0000000000034573                itoa
                0x000000000003462c                disp_int
                0x0000000000034666                delay
 *fill*         0x00000000000346bc        0x4 
 .text          0x00000000000346c0       0x78 lib/string.o
                0x00000000000346c0                memcpy
                0x00000000000346e9                memset
                0x000000000003470a                strcpy
                0x0000000000034722                strlen
 .text          0x0000000000034738       0x7e lib/misc.o
                0x0000000000034738                spin
                0x0000000000034766                assertion_failure
 *(.gnu.warning)

.fini
 *(SORT_NONE(.fini))
                [!provide]                        PROVIDE (__etext = .)
                [!provide]                        PROVIDE (_etext = .)
                [!provide]                        PROVIDE (etext = .)
                0x0000000000035000                . = ALIGN (CONSTANT (MAXPAGESIZE))
                0x0000000000035000                . = SEGMENT_START ("rodata-segment", (ALIGN (CONSTANT (MAXPAGESIZE)) + (. & (CONSTANT (MAXPAGESIZE) - 0x1))))

.rodata         0x0000000000035000      0xd51
 *(.rodata .rodata.* .gnu.linkonce.r.*)
 .rodata        0x0000000000035000       0x47 kernel/start.o
 *fill*         0x0000000000035047        0x1 
 .rodata        0x0000000000035048       0x3f kernel/main.o
 *fill*         0x0000000000035087        0x1 
 .rodata        0x0000000000035088       0x64 kernel/keyboard.o
 .rodata        0x00000000000350ec       0x90 kernel/tty.o
 .rodata        0x000000000003517c       0x11 kernel/i8259.o
 *fill*         0x000000000003518d       0x13 
 .rodata        0x00000000000351a0      0x540 kernel/protect.o
 .rodata        0x00000000000356e0      0x5fe kernel/proc.o
 .rodata        0x0000000000035cde       0x11 kernel/systask.o
 *fill*         0x0000000000035cef        0x1 
 .rodata        0x0000000000035cf0       0x61 lib/misc.o

.rodata1
 *(.rodata1)

.eh_frame_hdr
 *(.eh_frame_hdr)
 *(.eh_frame_entry .eh_frame_entry.*)

.eh_frame       0x0000000000035d54      0x924
 *(.eh_frame)
 .eh_frame      0x0000000000035d54       0x50 kernel/start.o
 .eh_frame      0x0000000000035da4       0xb8 kernel/main.o
                                         0xe4 (size before relaxing)
 .eh_frame      0x0000000000035e5c       0x80 kernel/clock.o
                                         0xac (size before relaxing)
 .eh_frame      0x0000000000035edc       0xfc kernel/keyboard.o
                                        0x128 (size before relaxing)
 .eh_frame      0x0000000000035fd8      0x114 kernel/tty.o
                                        0x154 (size before relaxing)
 .eh_frame      0x00000000000360ec      0x120 kernel/console.o
                                        0x160 (size before relaxing)
 .eh_frame      0x000000000003620c       0x6c kernel/i8259.o
                                         0x98 (size before relaxing)
 .eh_frame      0x0000000000036278       0xb8 kernel/protect.o
                                         0xf8 (size before relaxing)
 .eh_frame      0x0000000000036330      0x1fc kernel/proc.o
                                        0x23c (size before relaxing)
 .eh_frame      0x000000000003652c       0x1c kernel/systask.o
                                         0x48 (size before relaxing)
 .eh_frame      0x0000000000036548       0x24 kernel/printf.o
                                         0x50 (size before relaxing)
 .eh_frame      0x000000000003656c       0x68 kernel/vsprintf.o
                                         0xa8 (size before relaxing)
 .eh_frame      0x00000000000365d4       0x64 lib/klib.o
                                         0xa4 (size before relaxing)
 .eh_frame      0x0000000000036638       0x40 lib/misc.o
                                         0x80 (size before relaxing)
 *(.eh_frame.*)

.gcc_except_table
 *(.gcc_except_table .gcc_except_table.*)

.gnu_extab
 *(.gnu_extab*)

.exception_ranges
 *(.exception_ranges*)
                0x0000000000038000                . = DATA_SEGMENT_ALIGN (CONSTANT (MAXPAGESIZE), CONSTANT (COMMONPAGESIZE))

.eh_frame
 *(.eh_frame)
 *(.eh_frame.*)

.gnu_extab
 *(.gnu_extab)

.gcc_except_table
 *(.gcc_except_table .gcc_except_table.*)

.exception_ranges
 *(.exception_ranges*)

.tdata          0x0000000000038000        0x0
                [!provide]                        PROVIDE (__tdata_start = .)
 *(.tdata .tdata.* .gnu.linkonce.td.*)

.tbss
 *(.tbss .tbss.* .gnu.linkonce.tb.*)
 *(.tcommon)

.preinit_array  0x0000000000038000        0x0
                [!provide]                        PROVIDE (__preinit_array_start = .)
 *(.preinit_array)
                [!provide]                        PROVIDE (__preinit_array_end = .)

.init_array     0x0000000000038000        0x0
                [!provide]                        PROVIDE (__init_array_start = .)
 *(SORT_BY_INIT_PRIORITY(.init_array.*) SORT_BY_INIT_PRIORITY(.ctors.*))
 *(.init_array EXCLUDE_FILE(*crtend?.o *crtend.o *crtbegin?.o *crtbegin.o) .ctors)
                [!provide]                        PROVIDE (__init_array_end = .)

.fini_array     0x0000000000038000        0x0
                [!provide]                        PROVIDE (__fini_array_start = .)
 *(SORT_BY_INIT_PRIORITY(.fini_array.*) SORT_BY_INIT_PRIORITY(.dtors.*))
 *(.fini_array EXCLUDE_FILE(*crtend?.o *crtend.o *crtbegin?.o *crtbegin.o) .dtors)
                [!provide]                        PROVIDE (__fini_array_end = .)

.ctors
 *crtbegin.o(.ctors)
 *crtbegin?.o(.ctors)
 *(EXCLUDE_FILE(*crtend?.o *crtend.o) .ctors)
 *(SORT_BY_NAME(.ctors.*))
 *(.ctors)

.dtors
 *crtbegin.o(.dtors)
 *crtbegin?.o(.dtors)
 *(EXCLUDE_FILE(*crtend?.o *crtend.o) .dtors)
 *(SORT_BY_NAME(.dtors.*))
 *(.dtors)

.jcr
 *(.jcr)

.data.rel.ro
 *(.data.rel.ro.local* .gnu.linkonce.d.rel.ro.local.*)
 *(.data.rel.ro .data.rel.ro.* .gnu.linkonce.d.rel.ro.*)

.dynamic
 *(.dynamic)

.got            0x0000000000038000        0x0
 *(.got)
 .got           0x0000000000038000        0x0 kernel/kernel.o
 *(.igot)
                0x0000000000038ff4                . = DATA_SEGMENT_RELRO_END (., (SIZEOF (.got.plt) >= 0xc)?0xc:0x0)

.got.plt        0x0000000000038000        0xc
 *(.got.plt)
 .got.plt       0x0000000000038000        0xc kernel/kernel.o
                0x0000000000038000                _GLOBAL_OFFSET_TABLE_
 *(.igot.plt)
 .igot.plt      0x000000000003800c        0x0 kernel/kernel.o

.data           0x0000000000038020      0x704
 *(.data .data.* .gnu.linkonce.d.*)
 .data          0x0000000000038020        0x2 kernel/kernel.o
 .data          0x0000000000038022        0x0 kernel/start.o
 .data          0x0000000000038022        0x0 kernel/main.o
 .data          0x0000000000038022        0x0 kernel/clock.o
 *fill*         0x0000000000038022       0x1e 
 .data          0x0000000000038040      0x600 kernel/keyboard.o
                0x0000000000038040                keymap
 .data          0x0000000000038640        0x0 kernel/tty.o
 .data          0x0000000000038640        0x0 kernel/console.o
 .data          0x0000000000038640        0x0 kernel/i8259.o
 .data          0x0000000000038640        0x0 kernel/global.o
 .data.rel      0x0000000000038640       0xe4 kernel/global.o
                0x0000000000038640                task_table
                0x00000000000386a0                user_proc_table
                0x0000000000038718                sys_call_table
 .data          0x0000000000038724        0x0 kernel/protect.o
 .data          0x0000000000038724        0x0 kernel/proc.o
 .data          0x0000000000038724        0x0 kernel/systask.o
 .data          0x0000000000038724        0x0 kernel/printf.o
 .data          0x0000000000038724        0x0 kernel/vsprintf.o
 .data          0x0000000000038724        0x0 lib/klib.o
 .data          0x0000000000038724        0x0 lib/misc.o

.data1
 *(.data1)
                0x0000000000038724                _edata = .
                [!provide]                        PROVIDE (edata = .)
                0x0000000000038724                . = .
                0x0000000000038724                __bss_start = .

.bss            0x0000000000038740    0x2a518
 *(.dynbss)
 *(.bss .bss.* .gnu.linkonce.b.*)
 .bss           0x0000000000038740      0x800 kernel/kernel.o
 .bss           0x0000000000038f40        0x0 kernel/start.o
 .bss           0x0000000000038f40        0x0 kernel/main.o
 .bss           0x0000000000038f40        0x0 kernel/clock.o
 .bss           0x0000000000038f40       0x58 kernel/keyboard.o
 .bss           0x0000000000038f98        0x0 kernel/tty.o
 .bss           0x0000000000038f98        0x0 kernel/console.o
 .bss           0x0000000000038f98        0x0 kernel/i8259.o
 .bss           0x0000000000038f98        0x0 kernel/global.o
 .bss           0x0000000000038f98        0x0 kernel/protect.o
 .bss           0x0000000000038f98        0x0 kernel/proc.o
 .bss           0x0000000000038f98        0x0 kernel/systask.o
 .bss           0x0000000000038f98        0x0 kernel/printf.o
 .bss           0x0000000000038f98        0x0 kernel/vsprintf.o
 .bss           0x0000000000038f98        0x0 lib/klib.o
 .bss           0x0000000000038f98        0x0 lib/misc.o
 *(COMMON)
 *fill*         0x0000000000038f98        0x8 
 COMMON         0x0000000000038fa0    0x29cb8 kernel/global.o
                0x0000000000038fa0                idt_ptr
                0x0000000000038fc0                task_stack
                0x0000000000060fc0                k_reenter
                0x0000000000060fe0                gdt
                0x00000000000613e0                tty_table
                0x0000000000062020                tss
                0x0000000000062088                nr_current_console
                0x000000000006208c                disp_pos
                0x0000000000062090                gdt_ptr
                0x00000000000620a0                idt
                0x00000000000628a0                ticks
                0x00000000000628c0                console_table
                0x0000000000062900                irq_table
                0x0000000000062940                p_proc_ready
                0x0000000000062960                proc_table
                0x0000000000062c58                . = ALIGN ((. != 0x0)?0x4:0x1)
                0x0000000000062c58                . = ALIGN (0x4)
                0x0000000000062c58                . = SEGMENT_START ("ldata-segment", .)
                0x0000000000062c58                . = ALIGN (0x4)
                0x0000000000062c58                _end = .
                [!provide]                        PROVIDE (end = .)
                0x0000000000062c58                . = DATA_SEGMENT_END (.)

.stab
 *(.stab)

.stabstr
 *(.stabstr)

.stab.excl
 *(.stab.excl)

.stab.exclstr
 *(.stab.exclstr)

.stab.index
 *(.stab.index)

.stab.indexstr
 *(.stab.indexstr)

.comment        0x0000000000000000       0x2a
 *(.comment)
 .comment       0x0000000000000000       0x2a kernel/start.o
                                         0x2b (size before relaxing)
 .comment       0x000000000000002a       0x2b kernel/main.o
 .comment       0x000000000000002a       0x2b kernel/clock.o
 .comment       0x000000000000002a       0x2b kernel/keyboard.o
 .comment       0x000000000000002a       0x2b kernel/tty.o
 .comment       0x000000000000002a       0x2b kernel/console.o
 .comment       0x000000000000002a       0x2b kernel/i8259.o
 .comment       0x000000000000002a       0x2b kernel/global.o
 .comment       0x000000000000002a       0x2b kernel/protect.o
 .comment       0x000000000000002a       0x2b kernel/proc.o
 .comment       0x000000000000002a       0x2b kernel/systask.o
 .comment       0x000000000000002a       0x2b kernel/printf.o
 .comment       0x000000000000002a       0x2b kernel/vsprintf.o
 .comment       0x000000000000002a       0x2b lib/klib.o
 .comment       0x000000000000002a       0x2b lib/misc.o

.gnu.build.attributes
 *(.gnu.build.attributes .gnu.build.attributes.*)

.debug
 *(.debug)

.line
 *(.line)

.debug_srcinfo
 *(.debug_srcinfo)

.debug_sfnames
 *(.debug_sfnames)

.debug_aranges
 *(.debug_aranges)

.debug_pubnames
 *(.debug_pubnames)

.debug_info
 *(.debug_info .gnu.linkonce.wi.*)

.debug_abbrev
 *(.debug_abbrev)

.debug_line
 *(.debug_line .debug_line.* .debug_line_end)

.debug_frame
 *(.debug_frame)

.debug_str
 *(.debug_str)

.debug_loc
 *(.debug_loc)

.debug_macinfo
 *(.debug_macinfo)

.debug_weaknames
 *(.debug_weaknames)

.debug_funcnames
 *(.debug_funcnames)

.debug_typenames
 *(.debug_typenames)

.debug_varnames
 *(.debug_varnames)

.debug_pubtypes
 *(.debug_pubtypes)

.debug_ranges
 *(.debug_ranges)

.debug_macro
 *(.debug_macro)

.debug_addr
 *(.debug_addr)

.gnu.attributes
 *(.gnu.attributes)

/DISCARD/
 *(.note.GNU-stack)
 *(.gnu_debuglink)
 *(.gnu.lto_*)
OUTPUT(kernel.bin elf32-i386)
